Component: Arm Compiler for Embedded 6.19 Tool: armlink [5e73cb00]

==============================================================================

Section Cross References

    startup_stm32l496xx.o(RESET) refers to startup_stm32l496xx.o(STACK) for __initial_sp
    startup_stm32l496xx.o(RESET) refers to startup_stm32l496xx.o(.text) for Reset_Handler
    startup_stm32l496xx.o(RESET) refers to stm32l4xx_it.o(.text.NMI_Handler) for NMI_Handler
    startup_stm32l496xx.o(RESET) refers to stm32l4xx_it.o(.text.HardFault_Handler) for HardFault_Handler
    startup_stm32l496xx.o(RESET) refers to stm32l4xx_it.o(.text.MemManage_Handler) for MemManage_Handler
    startup_stm32l496xx.o(RESET) refers to stm32l4xx_it.o(.text.BusFault_Handler) for BusFault_Handler
    startup_stm32l496xx.o(RESET) refers to stm32l4xx_it.o(.text.UsageFault_Handler) for UsageFault_Handler
    startup_stm32l496xx.o(RESET) refers to stm32l4xx_it.o(.text.SVC_Handler) for SVC_Handler
    startup_stm32l496xx.o(RESET) refers to stm32l4xx_it.o(.text.DebugMon_Handler) for DebugMon_Handler
    startup_stm32l496xx.o(RESET) refers to stm32l4xx_it.o(.text.PendSV_Handler) for PendSV_Handler
    startup_stm32l496xx.o(RESET) refers to stm32l4xx_it.o(.text.SysTick_Handler) for SysTick_Handler
    startup_stm32l496xx.o(RESET) refers to stm32l4xx_it.o(.text.ADC1_2_IRQHandler) for ADC1_2_IRQHandler
    startup_stm32l496xx.o(.text) refers to system_stm32l4xx.o(.text.SystemInit) for SystemInit
    startup_stm32l496xx.o(.text) refers to entry.o(.ARM.Collect$$$$00000000) for __main
    main.o(.text.fputc) refers to usart.o(.bss.hlpuart1) for hlpuart1
    main.o(.text.fputc) refers to stm32l4xx_hal_uart.o(.text.HAL_UART_Transmit) for HAL_UART_Transmit
    main.o(.ARM.exidx.text.fputc) refers to main.o(.text.fputc) for [Anonymous Symbol]
    main.o(.text.main) refers to stm32l4xx_hal.o(.text.HAL_Init) for HAL_Init
    main.o(.text.main) refers to main.o(.text.SystemClock_Config) for SystemClock_Config
    main.o(.text.main) refers to memseta.o(.text) for __aeabi_memclr4
    main.o(.text.main) refers to stm32l4xx_hal_rcc_ex.o(.text.HAL_RCCEx_PeriphCLKConfig) for HAL_RCCEx_PeriphCLKConfig
    main.o(.text.main) refers to gpio.o(.text.MX_GPIO_Init) for MX_GPIO_Init
    main.o(.text.main) refers to adc.o(.text.MX_ADC1_Init) for MX_ADC1_Init
    main.o(.text.main) refers to usart.o(.text.MX_LPUART1_UART_Init) for MX_LPUART1_UART_Init
    main.o(.text.main) refers to usb_otg.o(.text.MX_USB_OTG_FS_PCD_Init) for MX_USB_OTG_FS_PCD_Init
    main.o(.text.main) refers to puts.o(i.puts) for puts
    main.o(.text.main) refers to adc.o(.bss.hadc1) for hadc1
    main.o(.text.main) refers to main.o(.bss..L_MergedGlobals) for .L_MergedGlobals
    main.o(.text.main) refers to f2d.o(.text) for __aeabi_f2d
    main.o(.text.main) refers to printfa.o(i.__0printf) for __2printf
    main.o(.text.main) refers to stm32l4xx_hal_gpio.o(.text.HAL_GPIO_WritePin) for HAL_GPIO_WritePin
    main.o(.text.main) refers to stm32l4xx_hal.o(.text.HAL_Delay) for HAL_Delay
    main.o(.text.main) refers to stm32l4xx_hal_gpio.o(.text.HAL_GPIO_ReadPin) for HAL_GPIO_ReadPin
    main.o(.text.main) refers to stm32l4xx_hal_adc_ex.o(.text.HAL_ADCEx_Calibration_Start) for HAL_ADCEx_Calibration_Start
    main.o(.text.main) refers to stm32l4xx_hal_adc.o(.text.HAL_ADC_Start_IT) for HAL_ADC_Start_IT
    main.o(.text.main) refers to stm32l4xx_hal_adc.o(.text.HAL_ADC_Stop_IT) for HAL_ADC_Stop_IT
    main.o(.text.main) refers to dfltui.o(.text) for __aeabi_ui2d
    main.o(.text.main) refers to dmul.o(.text) for __aeabi_dmul
    main.o(.text.main) refers to d2f.o(.text) for __aeabi_d2f
    main.o(.ARM.exidx.text.main) refers to main.o(.text.main) for [Anonymous Symbol]
    main.o(.text.SystemClock_Config) refers to memseta.o(.text) for __aeabi_memclr4
    main.o(.text.SystemClock_Config) refers to stm32l4xx_hal_pwr_ex.o(.text.HAL_PWREx_ControlVoltageScaling) for HAL_PWREx_ControlVoltageScaling
    main.o(.text.SystemClock_Config) refers to stm32l4xx_hal_pwr.o(.text.HAL_PWR_EnableBkUpAccess) for HAL_PWR_EnableBkUpAccess
    main.o(.text.SystemClock_Config) refers to stm32l4xx_hal_rcc.o(.text.HAL_RCC_OscConfig) for HAL_RCC_OscConfig
    main.o(.text.SystemClock_Config) refers to stm32l4xx_hal_rcc.o(.text.HAL_RCC_ClockConfig) for HAL_RCC_ClockConfig
    main.o(.text.SystemClock_Config) refers to stm32l4xx_hal_rcc_ex.o(.text.HAL_RCCEx_EnableMSIPLLMode) for HAL_RCCEx_EnableMSIPLLMode
    main.o(.ARM.exidx.text.SystemClock_Config) refers to main.o(.text.SystemClock_Config) for [Anonymous Symbol]
    main.o(.text.PeriphCommonClock_Config) refers to memseta.o(.text) for __aeabi_memclr4
    main.o(.text.PeriphCommonClock_Config) refers to stm32l4xx_hal_rcc_ex.o(.text.HAL_RCCEx_PeriphCLKConfig) for HAL_RCCEx_PeriphCLKConfig
    main.o(.ARM.exidx.text.PeriphCommonClock_Config) refers to main.o(.text.PeriphCommonClock_Config) for [Anonymous Symbol]
    main.o(.text.GetMeaVoltage) refers to dfltui.o(.text) for __aeabi_ui2d
[...]
    Removing stm32l4xx_hal_uart.o(.text.UART_DMAReceiveCplt), (348 bytes).
    Removing stm32l4xx_hal_uart.o(.ARM.exidx.text.UART_DMAReceiveCplt), (8 bytes).
    Removing stm32l4xx_hal_uart.o(.text.UART_DMARxHalfCplt), (22 bytes).
    Removing stm32l4xx_hal_uart.o(.ARM.exidx.text.UART_DMARxHalfCplt), (8 bytes).
    Removing stm32l4xx_hal_uart_ex.o(.text), (0 bytes).
    Removing stm32l4xx_hal_uart_ex.o(.text.HAL_RS485Ex_Init), (126 bytes).
    Removing stm32l4xx_hal_uart_ex.o(.ARM.exidx.text.HAL_RS485Ex_Init), (8 bytes).
    Removing stm32l4xx_hal_uart_ex.o(.text.HAL_UARTEx_WakeupCallback), (2 bytes).
    Removing stm32l4xx_hal_uart_ex.o(.ARM.exidx.text.HAL_UARTEx_WakeupCallback), (8 bytes).
    Removing stm32l4xx_hal_uart_ex.o(.text.HAL_UARTEx_EnableClockStopMode), (104 bytes).
    Removing stm32l4xx_hal_uart_ex.o(.ARM.exidx.text.HAL_UARTEx_EnableClockStopMode), (8 bytes).
    Removing stm32l4xx_hal_uart_ex.o(.text.HAL_UARTEx_DisableClockStopMode), (104 bytes).
    Removing stm32l4xx_hal_uart_ex.o(.ARM.exidx.text.HAL_UARTEx_DisableClockStopMode), (8 bytes).
    Removing stm32l4xx_hal_uart_ex.o(.text.HAL_MultiProcessorEx_AddressLength_Set), (44 bytes).
    Removing stm32l4xx_hal_uart_ex.o(.ARM.exidx.text.HAL_MultiProcessorEx_AddressLength_Set), (8 bytes).
    Removing stm32l4xx_hal_uart_ex.o(.text.HAL_UARTEx_StopModeWakeUpSourceConfig), (138 bytes).
    Removing stm32l4xx_hal_uart_ex.o(.ARM.exidx.text.HAL_UARTEx_StopModeWakeUpSourceConfig), (8 bytes).
    Removing stm32l4xx_hal_uart_ex.o(.text.HAL_UARTEx_EnableStopMode), (104 bytes).
    Removing stm32l4xx_hal_uart_ex.o(.ARM.exidx.text.HAL_UARTEx_EnableStopMode), (8 bytes).
    Removing stm32l4xx_hal_uart_ex.o(.text.HAL_UARTEx_DisableStopMode), (104 bytes).
    Removing stm32l4xx_hal_uart_ex.o(.ARM.exidx.text.HAL_UARTEx_DisableStopMode), (8 bytes).
    Removing stm32l4xx_hal_uart_ex.o(.text.HAL_UARTEx_ReceiveToIdle), (434 bytes).
    Removing stm32l4xx_hal_uart_ex.o(.ARM.exidx.text.HAL_UARTEx_ReceiveToIdle), (8 bytes).
    Removing stm32l4xx_hal_uart_ex.o(.text.HAL_UARTEx_ReceiveToIdle_IT), (160 bytes).
    Removing stm32l4xx_hal_uart_ex.o(.ARM.exidx.text.HAL_UARTEx_ReceiveToIdle_IT), (8 bytes).
    Removing stm32l4xx_hal_uart_ex.o(.text.HAL_UARTEx_ReceiveToIdle_DMA), (160 bytes).
    Removing stm32l4xx_hal_uart_ex.o(.ARM.exidx.text.HAL_UARTEx_ReceiveToIdle_DMA), (8 bytes).
    Removing stm32l4xx_hal_tim.o(.text), (0 bytes).
    Removing stm32l4xx_hal_tim_ex.o(.text), (0 bytes).
    Removing stm32l4xx_hal_pcd.o(.text), (0 bytes).
    Removing stm32l4xx_hal_pcd.o(.ARM.exidx.text.HAL_PCD_Init), (8 bytes).
    Removing stm32l4xx_hal_pcd.o(.text.HAL_PCD_MspInit), (2 bytes).
    Removing stm32l4xx_hal_pcd.o(.ARM.exidx.text.HAL_PCD_MspInit), (8 bytes).
    Removing stm32l4xx_hal_pcd.o(.text.HAL_PCD_DeInit), (38 bytes).
    Removing stm32l4xx_hal_pcd.o(.ARM.exidx.text.HAL_PCD_DeInit), (8 bytes).
    Removing stm32l4xx_hal_pcd.o(.text.HAL_PCD_MspDeInit), (2 bytes).
    Removing stm32l4xx_hal_pcd.o(.ARM.exidx.text.HAL_PCD_MspDeInit), (8 bytes).
    Removing stm32l4xx_hal_pcd.o(.text.HAL_PCD_Start), (56 bytes).
    Removing stm32l4xx_hal_pcd.o(.ARM.exidx.text.HAL_PCD_Start), (8 bytes).
    Removing stm32l4xx_hal_pcd.o(.text.HAL_PCD_Stop), (66 bytes).
    Removing stm32l4xx_hal_pcd.o(.ARM.exidx.text.HAL_PCD_Stop), (8 bytes).
    Removing stm32l4xx_hal_pcd.o(.text.HAL_PCD_IRQHandler), (2166 bytes).
    Removing stm32l4xx_hal_pcd.o(.ARM.exidx.text.HAL_PCD_IRQHandler), (8 bytes).
    Removing stm32l4xx_hal_pcd.o(.text.HAL_PCD_ISOOUTIncompleteCallback), (2 bytes).
    Removing stm32l4xx_hal_pcd.o(.ARM.exidx.text.HAL_PCD_ISOOUTIncompleteCallback), (8 bytes).
    Removing stm32l4xx_hal_pcd.o(.text.HAL_PCD_DataInStageCallback), (2 bytes).
    Removing stm32l4xx_hal_pcd.o(.ARM.exidx.text.HAL_PCD_DataInStageCallback), (8 bytes).
    Removing stm32l4xx_hal_pcd.o(.text.HAL_PCD_ISOINIncompleteCallback), (2 bytes).
    Removing stm32l4xx_hal_pcd.o(.ARM.exidx.text.HAL_PCD_ISOINIncompleteCallback), (8 bytes).
    Removing stm32l4xx_hal_pcd.o(.text.HAL_PCD_ResumeCallback), (2 bytes).
    Removing stm32l4xx_hal_pcd.o(.ARM.exidx.text.HAL_PCD_ResumeCallback), (8 bytes).
    Removing stm32l4xx_hal_pcd.o(.text.HAL_PCD_SuspendCallback), (2 bytes).
    Removing stm32l4xx_hal_pcd.o(.ARM.exidx.text.HAL_PCD_SuspendCallback), (8 bytes).
    Removing stm32l4xx_hal_pcd.o(.text.HAL_PCD_ResetCallback), (2 bytes).
    Removing stm32l4xx_hal_pcd.o(.ARM.exidx.text.HAL_PCD_ResetCallback), (8 bytes).
    Removing stm32l4xx_hal_pcd.o(.text.HAL_PCD_SOFCallback), (2 bytes).
    Removing stm32l4xx_hal_pcd.o(.ARM.exidx.text.HAL_PCD_SOFCallback), (8 bytes).
    Removing stm32l4xx_hal_pcd.o(.text.HAL_PCD_EP_Abort), (32 bytes).
    Removing stm32l4xx_hal_pcd.o(.ARM.exidx.text.HAL_PCD_EP_Abort), (8 bytes).
    Removing stm32l4xx_hal_pcd.o(.text.HAL_PCD_ConnectCallback), (2 bytes).
    Removing stm32l4xx_hal_pcd.o(.ARM.exidx.text.HAL_PCD_ConnectCallback), (8 bytes).
    Removing stm32l4xx_hal_pcd.o(.text.HAL_PCD_DisconnectCallback), (2 bytes).
    Removing stm32l4xx_hal_pcd.o(.ARM.exidx.text.HAL_PCD_DisconnectCallback), (8 bytes).
    Removing stm32l4xx_hal_pcd.o(.text.HAL_PCD_DataOutStageCallback), (2 bytes).
    Removing stm32l4xx_hal_pcd.o(.ARM.exidx.text.HAL_PCD_DataOutStageCallback), (8 bytes).
    Removing stm32l4xx_hal_pcd.o(.text.HAL_PCD_SetupStageCallback), (2 bytes).
    Removing stm32l4xx_hal_pcd.o(.ARM.exidx.text.HAL_PCD_SetupStageCallback), (8 bytes).
    Removing stm32l4xx_hal_pcd.o(.text.HAL_PCD_DevConnect), (50 bytes).
    Removing stm32l4xx_hal_pcd.o(.ARM.exidx.text.HAL_PCD_DevConnect), (8 bytes).
    Removing stm32l4xx_hal_pcd.o(.text.HAL_PCD_DevDisconnect), (52 bytes).
    Removing stm32l4xx_hal_pcd.o(.ARM.exidx.text.HAL_PCD_DevDisconnect), (8 bytes).
    Removing stm32l4xx_hal_pcd.o(.text.HAL_PCD_SetAddress), (40 bytes).
    Removing stm32l4xx_hal_pcd.o(.ARM.exidx.text.HAL_PCD_SetAddress), (8 bytes).
    Removing stm32l4xx_hal_pcd.o(.text.HAL_PCD_EP_Open), (104 bytes).
    Removing stm32l4xx_hal_pcd.o(.ARM.exidx.text.HAL_PCD_EP_Open), (8 bytes).
    Removing stm32l4xx_hal_pcd.o(.text.HAL_PCD_EP_Close), (80 bytes).
    Removing stm32l4xx_hal_pcd.o(.ARM.exidx.text.HAL_PCD_EP_Close), (8 bytes).
    Removing stm32l4xx_hal_pcd.o(.text.HAL_PCD_EP_Receive), (64 bytes).
    Removing stm32l4xx_hal_pcd.o(.ARM.exidx.text.HAL_PCD_EP_Receive), (8 bytes).
    Removing stm32l4xx_hal_pcd.o(.text.HAL_PCD_EP_GetRxCount), (18 bytes).
    Removing stm32l4xx_hal_pcd.o(.ARM.exidx.text.HAL_PCD_EP_GetRxCount), (8 bytes).
    Removing stm32l4xx_hal_pcd.o(.text.HAL_PCD_EP_Transmit), (56 bytes).
    Removing stm32l4xx_hal_pcd.o(.ARM.exidx.text.HAL_PCD_EP_Transmit), (8 bytes).
    Removing stm32l4xx_hal_pcd.o(.text.HAL_PCD_EP_SetStall), (122 bytes).
    Removing stm32l4xx_hal_pcd.o(.ARM.exidx.text.HAL_PCD_EP_SetStall), (8 bytes).
    Removing stm32l4xx_hal_pcd.o(.text.HAL_PCD_EP_ClrStall), (104 bytes).
    Removing stm32l4xx_hal_pcd.o(.ARM.exidx.text.HAL_PCD_EP_ClrStall), (8 bytes).
    Removing stm32l4xx_hal_pcd.o(.text.HAL_PCD_EP_Flush), (60 bytes).
    Removing stm32l4xx_hal_pcd.o(.ARM.exidx.text.HAL_PCD_EP_Flush), (8 bytes).
    Removing stm32l4xx_hal_pcd.o(.text.HAL_PCD_ActivateRemoteWakeup), (6 bytes).
    Removing stm32l4xx_hal_pcd.o(.ARM.exidx.text.HAL_PCD_ActivateRemoteWakeup), (8 bytes).
    Removing stm32l4xx_hal_pcd.o(.text.HAL_PCD_DeActivateRemoteWakeup), (6 bytes).
    Removing stm32l4xx_hal_pcd.o(.ARM.exidx.text.HAL_PCD_DeActivateRemoteWakeup), (8 bytes).
    Removing stm32l4xx_hal_pcd.o(.text.HAL_PCD_GetState), (6 bytes).
    Removing stm32l4xx_hal_pcd.o(.ARM.exidx.text.HAL_PCD_GetState), (8 bytes).
    Removing stm32l4xx_hal_pcd_ex.o(.text), (0 bytes).
    Removing stm32l4xx_hal_pcd_ex.o(.text.HAL_PCDEx_SetTxFiFo), (234 bytes).
    Removing stm32l4xx_hal_pcd_ex.o(.ARM.exidx.text.HAL_PCDEx_SetTxFiFo), (8 bytes).
    Removing stm32l4xx_hal_pcd_ex.o(.text.HAL_PCDEx_SetRxFiFo), (8 bytes).
    Removing stm32l4xx_hal_pcd_ex.o(.ARM.exidx.text.HAL_PCDEx_SetRxFiFo), (8 bytes).
    Removing stm32l4xx_hal_pcd_ex.o(.ARM.exidx.text.HAL_PCDEx_ActivateLPM), (8 bytes).
    Removing stm32l4xx_hal_pcd_ex.o(.text.HAL_PCDEx_DeActivateLPM), (34 bytes).
    Removing stm32l4xx_hal_pcd_ex.o(.ARM.exidx.text.HAL_PCDEx_DeActivateLPM), (8 bytes).
    Removing stm32l4xx_hal_pcd_ex.o(.text.HAL_PCDEx_BCD_VBUSDetect), (188 bytes).
    Removing stm32l4xx_hal_pcd_ex.o(.ARM.exidx.text.HAL_PCDEx_BCD_VBUSDetect), (8 bytes).
    Removing stm32l4xx_hal_pcd_ex.o(.text.HAL_PCDEx_BCD_Callback), (2 bytes).
    Removing stm32l4xx_hal_pcd_ex.o(.ARM.exidx.text.HAL_PCDEx_BCD_Callback), (8 bytes).
    Removing stm32l4xx_hal_pcd_ex.o(.text.HAL_PCDEx_DeActivateBCD), (38 bytes).
    Removing stm32l4xx_hal_pcd_ex.o(.ARM.exidx.text.HAL_PCDEx_DeActivateBCD), (8 bytes).
    Removing stm32l4xx_hal_pcd_ex.o(.text.HAL_PCDEx_ActivateBCD), (46 bytes).
    Removing stm32l4xx_hal_pcd_ex.o(.ARM.exidx.text.HAL_PCDEx_ActivateBCD), (8 bytes).
    Removing stm32l4xx_hal_pcd_ex.o(.text.HAL_PCDEx_LPM_Callback), (2 bytes).
    Removing stm32l4xx_hal_pcd_ex.o(.ARM.exidx.text.HAL_PCDEx_LPM_Callback), (8 bytes).
    Removing stm32l4xx_ll_usb.o(.text), (0 bytes).
    Removing stm32l4xx_ll_usb.o(.ARM.exidx.text.USB_CoreInit), (8 bytes).
    Removing stm32l4xx_ll_usb.o(.text.USB_SetTurnaroundTime), (288 bytes).
    Removing stm32l4xx_ll_usb.o(.ARM.exidx.text.USB_SetTurnaroundTime), (8 bytes).
    Removing stm32l4xx_ll_usb.o(.text.USB_EnableGlobalInt), (14 bytes).
    Removing stm32l4xx_ll_usb.o(.ARM.exidx.text.USB_EnableGlobalInt), (8 bytes).
    Removing stm32l4xx_ll_usb.o(.ARM.exidx.text.USB_DisableGlobalInt), (8 bytes).
    Removing stm32l4xx_ll_usb.o(.ARM.exidx.text.USB_SetCurrentMode), (8 bytes).
    Removing stm32l4xx_ll_usb.o(.text.USB_GetMode), (8 bytes).
    Removing stm32l4xx_ll_usb.o(.ARM.exidx.text.USB_GetMode), (8 bytes).
    Removing stm32l4xx_ll_usb.o(.ARM.exidx.text.USB_DevInit), (8 bytes).
    Removing stm32l4xx_ll_usb.o(.text.USB_SetDevSpeed), (16 bytes).
    Removing stm32l4xx_ll_usb.o(.ARM.exidx.text.USB_SetDevSpeed), (8 bytes).
    Removing stm32l4xx_ll_usb.o(.text.USB_FlushTxFifo), (182 bytes).
    Removing stm32l4xx_ll_usb.o(.ARM.exidx.text.USB_FlushTxFifo), (8 bytes).
    Removing stm32l4xx_ll_usb.o(.text.USB_FlushRxFifo), (182 bytes).
    Removing stm32l4xx_ll_usb.o(.ARM.exidx.text.USB_FlushRxFifo), (8 bytes).
    Removing stm32l4xx_ll_usb.o(.text.USB_GetDevSpeed), (16 bytes).
    Removing stm32l4xx_ll_usb.o(.ARM.exidx.text.USB_GetDevSpeed), (8 bytes).
    Removing stm32l4xx_ll_usb.o(.text.USB_ActivateEndpoint), (130 bytes).
    Removing stm32l4xx_ll_usb.o(.ARM.exidx.text.USB_ActivateEndpoint), (8 bytes).
    Removing stm32l4xx_ll_usb.o(.text.USB_ActivateDedicatedEndpoint), (116 bytes).
    Removing stm32l4xx_ll_usb.o(.ARM.exidx.text.USB_ActivateDedicatedEndpoint), (8 bytes).
    Removing stm32l4xx_ll_usb.o(.text.USB_DeactivateEndpoint), (134 bytes).
    Removing stm32l4xx_ll_usb.o(.ARM.exidx.text.USB_DeactivateEndpoint), (8 bytes).
    Removing stm32l4xx_ll_usb.o(.text.USB_DeactivateDedicatedEndpoint), (96 bytes).
    Removing stm32l4xx_ll_usb.o(.ARM.exidx.text.USB_DeactivateDedicatedEndpoint), (8 bytes).
    Removing stm32l4xx_ll_usb.o(.text.USB_EPStartXfer), (462 bytes).
    Removing stm32l4xx_ll_usb.o(.ARM.exidx.text.USB_EPStartXfer), (8 bytes).
    Removing stm32l4xx_ll_usb.o(.text.USB_WritePacket), (98 bytes).
    Removing stm32l4xx_ll_usb.o(.ARM.exidx.text.USB_WritePacket), (8 bytes).
    Removing stm32l4xx_ll_usb.o(.text.USB_EP0StartXfer), (228 bytes).
    Removing stm32l4xx_ll_usb.o(.ARM.exidx.text.USB_EP0StartXfer), (8 bytes).
    Removing stm32l4xx_ll_usb.o(.text.USB_EPStopXfer), (270 bytes).
    Removing stm32l4xx_ll_usb.o(.ARM.exidx.text.USB_EPStopXfer), (8 bytes).
    Removing stm32l4xx_ll_usb.o(.text.USB_ReadPacket), (170 bytes).
    Removing stm32l4xx_ll_usb.o(.ARM.exidx.text.USB_ReadPacket), (8 bytes).
    Removing stm32l4xx_ll_usb.o(.text.USB_EPSetStall), (62 bytes).
    Removing stm32l4xx_ll_usb.o(.ARM.exidx.text.USB_EPSetStall), (8 bytes).
    Removing stm32l4xx_ll_usb.o(.text.USB_EPClearStall), (82 bytes).
    Removing stm32l4xx_ll_usb.o(.ARM.exidx.text.USB_EPClearStall), (8 bytes).
    Removing stm32l4xx_ll_usb.o(.text.USB_StopDevice), (486 bytes).
    Removing stm32l4xx_ll_usb.o(.ARM.exidx.text.USB_StopDevice), (8 bytes).
    Removing stm32l4xx_ll_usb.o(.text.USB_SetDevAddress), (34 bytes).
    Removing stm32l4xx_ll_usb.o(.ARM.exidx.text.USB_SetDevAddress), (8 bytes).
    Removing stm32l4xx_ll_usb.o(.text.USB_DevConnect), (30 bytes).
    Removing stm32l4xx_ll_usb.o(.ARM.exidx.text.USB_DevConnect), (8 bytes).
    Removing stm32l4xx_ll_usb.o(.ARM.exidx.text.USB_DevDisconnect), (8 bytes).
    Removing stm32l4xx_ll_usb.o(.text.USB_ReadInterrupts), (8 bytes).
    Removing stm32l4xx_ll_usb.o(.ARM.exidx.text.USB_ReadInterrupts), (8 bytes).
    Removing stm32l4xx_ll_usb.o(.text.USB_ReadDevAllOutEpInterrupt), (14 bytes).
    Removing stm32l4xx_ll_usb.o(.ARM.exidx.text.USB_ReadDevAllOutEpInterrupt), (8 bytes).
    Removing stm32l4xx_ll_usb.o(.text.USB_ReadDevAllInEpInterrupt), (14 bytes).
    Removing stm32l4xx_ll_usb.o(.ARM.exidx.text.USB_ReadDevAllInEpInterrupt), (8 bytes).
    Removing stm32l4xx_ll_usb.o(.text.USB_ReadDevOutEPInterrupt), (16 bytes).
    Removing stm32l4xx_ll_usb.o(.ARM.exidx.text.USB_ReadDevOutEPInterrupt), (8 bytes).
    Removing stm32l4xx_ll_usb.o(.text.USB_ReadDevInEPInterrupt), (36 bytes).
    Removing stm32l4xx_ll_usb.o(.ARM.exidx.text.USB_ReadDevInEPInterrupt), (8 bytes).
    Removing stm32l4xx_ll_usb.o(.text.USB_ClearInterrupts), (8 bytes).
    Removing stm32l4xx_ll_usb.o(.ARM.exidx.text.USB_ClearInterrupts), (8 bytes).
    Removing stm32l4xx_ll_usb.o(.text.USB_ActivateSetup), (32 bytes).
    Removing stm32l4xx_ll_usb.o(.ARM.exidx.text.USB_ActivateSetup), (8 bytes).
    Removing stm32l4xx_ll_usb.o(.text.USB_EP0_OutStart), (68 bytes).
    Removing stm32l4xx_ll_usb.o(.ARM.exidx.text.USB_EP0_OutStart), (8 bytes).
    Removing stm32l4xx_ll_usb.o(.text.USB_HostInit), (612 bytes).
    Removing stm32l4xx_ll_usb.o(.ARM.exidx.text.USB_HostInit), (8 bytes).
    Removing stm32l4xx_ll_usb.o(.text.USB_InitFSLSPClkSel), (56 bytes).
    Removing stm32l4xx_ll_usb.o(.ARM.exidx.text.USB_InitFSLSPClkSel), (8 bytes).
    Removing stm32l4xx_ll_usb.o(.text.USB_ResetPort), (62 bytes).
    Removing stm32l4xx_ll_usb.o(.ARM.exidx.text.USB_ResetPort), (8 bytes).
    Removing stm32l4xx_ll_usb.o(.text.USB_DriveVbus), (76 bytes).
    Removing stm32l4xx_ll_usb.o(.ARM.exidx.text.USB_DriveVbus), (8 bytes).
    Removing stm32l4xx_ll_usb.o(.text.USB_GetHostSpeed), (22 bytes).
    Removing stm32l4xx_ll_usb.o(.ARM.exidx.text.USB_GetHostSpeed), (8 bytes).
    Removing stm32l4xx_ll_usb.o(.text.USB_GetCurrentFrame), (8 bytes).
    Removing stm32l4xx_ll_usb.o(.ARM.exidx.text.USB_GetCurrentFrame), (8 bytes).
    Removing stm32l4xx_ll_usb.o(.text.USB_HC_Init), (260 bytes).
    Removing stm32l4xx_ll_usb.o(.ARM.exidx.text.USB_HC_Init), (8 bytes).
    Removing stm32l4xx_ll_usb.o(.text.USB_HC_StartXfer), (368 bytes).
    Removing stm32l4xx_ll_usb.o(.ARM.exidx.text.USB_HC_StartXfer), (8 bytes).
    Removing stm32l4xx_ll_usb.o(.text.USB_HC_ReadInterrupt), (8 bytes).
    Removing stm32l4xx_ll_usb.o(.ARM.exidx.text.USB_HC_ReadInterrupt), (8 bytes).
    Removing stm32l4xx_ll_usb.o(.text.USB_HC_Halt), (350 bytes).
    Removing stm32l4xx_ll_usb.o(.ARM.exidx.text.USB_HC_Halt), (8 bytes).
    Removing stm32l4xx_ll_usb.o(.text.USB_DoPing), (32 bytes).
    Removing stm32l4xx_ll_usb.o(.ARM.exidx.text.USB_DoPing), (8 bytes).
    Removing stm32l4xx_ll_usb.o(.text.USB_StopHost), (2336 bytes).
    Removing stm32l4xx_ll_usb.o(.ARM.exidx.text.USB_StopHost), (8 bytes).
    Removing stm32l4xx_ll_usb.o(.text.USB_ActivateRemoteWakeup), (24 bytes).
    Removing stm32l4xx_ll_usb.o(.ARM.exidx.text.USB_ActivateRemoteWakeup), (8 bytes).
    Removing stm32l4xx_ll_usb.o(.text.USB_DeActivateRemoteWakeup), (18 bytes).
    Removing stm32l4xx_ll_usb.o(.ARM.exidx.text.USB_DeActivateRemoteWakeup), (8 bytes).
    Removing system_stm32l4xx.o(.text), (0 bytes).
    Removing system_stm32l4xx.o(.ARM.exidx.text.SystemInit), (8 bytes).
    Removing system_stm32l4xx.o(.text.SystemCoreClockUpdate), (196 bytes).
    Removing system_stm32l4xx.o(.ARM.exidx.text.SystemCoreClockUpdate), (8 bytes).

1013 unused section(s) (total 65634 bytes) removed from the image.

==============================================================================

Image Symbol Table

    Local Symbols

    Symbol Name                              Value     Ov Type        Size  Object(Section)

    ../clib/division.s                       0x00000000   Number         0  aeabi_sdiv.o ABSOLUTE
    ../clib/microlib/division.c              0x00000000   Number         0  uldiv.o ABSOLUTE
    ../clib/microlib/division.c              0x00000000   Number         0  uidiv.o ABSOLUTE
    ../clib/microlib/init/entry.s            0x00000000   Number         0  entry.o ABSOLUTE
    ../clib/microlib/init/entry.s            0x00000000   Number         0  entry2.o ABSOLUTE
    ../clib/microlib/init/entry.s            0x00000000   Number         0  entry5.o ABSOLUTE
    ../clib/microlib/init/entry.s            0x00000000   Number         0  entry7a.o ABSOLUTE
    ../clib/microlib/init/entry.s            0x00000000   Number         0  entry7b.o ABSOLUTE
    ../clib/microlib/init/entry.s            0x00000000   Number         0  entry8a.o ABSOLUTE
    ../clib/microlib/init/entry.s            0x00000000   Number         0  entry8b.o ABSOLUTE
    ../clib/microlib/init/entry.s            0x00000000   Number         0  entry9a.o ABSOLUTE
    ../clib/microlib/init/entry.s            0x00000000   Number         0  entry9b.o ABSOLUTE
    ../clib/microlib/init/entry.s            0x00000000   Number         0  entry10a.o ABSOLUTE
    ../clib/microlib/init/entry.s            0x00000000   Number         0  entry10b.o ABSOLUTE
    ../clib/microlib/init/entry.s            0x00000000   Number         0  entry11a.o ABSOLUTE
    ../clib/microlib/init/entry.s            0x00000000   Number         0  entry11b.o ABSOLUTE
    ../clib/microlib/longlong.c              0x00000000   Number         0  llshl.o ABSOLUTE
    ../clib/microlib/longlong.c              0x00000000   Number         0  llushr.o ABSOLUTE
    ../clib/microlib/longlong.c              0x00000000   Number         0  llsshr.o ABSOLUTE
    ../clib/microlib/printf/printf.c         0x00000000   Number         0  printfb.o ABSOLUTE
    ../clib/microlib/printf/printf.c         0x00000000   Number         0  printf0.o ABSOLUTE
    ../clib/microlib/printf/printf.c         0x00000000   Number         0  printf1.o ABSOLUTE
    ../clib/microlib/printf/printf.c         0x00000000   Number         0  printf2.o ABSOLUTE
    ../clib/microlib/printf/printf.c         0x00000000   Number         0  printf3.o ABSOLUTE
    ../clib/microlib/printf/printf.c         0x00000000   Number         0  printf4.o ABSOLUTE
    ../clib/microlib/printf/printf.c         0x00000000   Number         0  printf5.o ABSOLUTE
    ../clib/microlib/printf/printf.c         0x00000000   Number         0  printf6.o ABSOLUTE
    ../clib/microlib/printf/printf.c         0x00000000   Number         0  printf7.o ABSOLUTE
    ../clib/microlib/printf/printf.c         0x00000000   Number         0  printf8.o ABSOLUTE
    ../clib/microlib/printf/printf.c         0x00000000   Number         0  printfa.o ABSOLUTE
    ../clib/microlib/printf/stubs.s          0x00000000   Number         0  printfstubs.o ABSOLUTE
    ../clib/microlib/stdio/puts.c            0x00000000   Number         0  puts.o ABSOLUTE
    ../clib/microlib/stdio/puts.c            0x00000000   Number         0  puts_e.o ABSOLUTE
    ../clib/microlib/stdio/streams.c         0x00000000   Number         0  stdout.o ABSOLUTE
    ../clib/microlib/string/memset.c         0x00000000   Number         0  memseta.o ABSOLUTE
    ../clib/microlib/stubs.s                 0x00000000   Number         0  iusefp.o ABSOLUTE
    ../fplib/microlib/d2f.c                  0x00000000   Number         0  d2f.o ABSOLUTE
    ../fplib/microlib/f2d.c                  0x00000000   Number         0  f2d.o ABSOLUTE
    ../fplib/microlib/fpadd.c                0x00000000   Number         0  dadd.o ABSOLUTE
    ../fplib/microlib/fpdiv.c                0x00000000   Number         0  ddiv.o ABSOLUTE
    ../fplib/microlib/fpepilogue.c           0x00000000   Number         0  fepilogue.o ABSOLUTE
    ../fplib/microlib/fpepilogue.c           0x00000000   Number         0  depilogue.o ABSOLUTE
    ../fplib/microlib/fpfix.c                0x00000000   Number         0  dfixul.o ABSOLUTE
    ../fplib/microlib/fpflt.c                0x00000000   Number         0  dfltui.o ABSOLUTE
    ../fplib/microlib/fpmul.c                0x00000000   Number         0  dmul.o ABSOLUTE
    adc.c                                    0x00000000   Number         0  adc.o ABSOLUTE
    cdrcmple.s                               0x00000000   Number         0  cdrcmple.o ABSOLUTE
    dc.s                                     0x00000000   Number         0  dc.o ABSOLUTE
    gpio.c                                   0x00000000   Number         0  gpio.o ABSOLUTE
    handlers.s                               0x00000000   Number         0  handlers.o ABSOLUTE
    init.s                                   0x00000000   Number         0  init.o ABSOLUTE
    main.c                                   0x00000000   Number         0  main.o ABSOLUTE
    startup_stm32l496xx.s                    0x00000000   Number         0  startup_stm32l496xx.o ABSOLUTE
    stm32l4xx_hal.c                          0x00000000   Number         0  stm32l4xx_hal.o ABSOLUTE
    stm32l4xx_hal_adc.c                      0x00000000   Number         0  stm32l4xx_hal_adc.o ABSOLUTE
    stm32l4xx_hal_adc_ex.c                   0x00000000   Number         0  stm32l4xx_hal_adc_ex.o ABSOLUTE
    stm32l4xx_hal_cortex.c                   0x00000000   Number         0  stm32l4xx_hal_cortex.o ABSOLUTE
    stm32l4xx_hal_dma.c                      0x00000000   Number         0  stm32l4xx_hal_dma.o ABSOLUTE
    stm32l4xx_hal_dma_ex.c                   0x00000000   Number         0  stm32l4xx_hal_dma_ex.o ABSOLUTE
    stm32l4xx_hal_exti.c                     0x00000000   Number         0  stm32l4xx_hal_exti.o ABSOLUTE
    stm32l4xx_hal_flash.c                    0x00000000   Number         0  stm32l4xx_hal_flash.o ABSOLUTE
    stm32l4xx_hal_flash_ex.c                 0x00000000   Number         0  stm32l4xx_hal_flash_ex.o ABSOLUTE
    stm32l4xx_hal_flash_ramfunc.c            0x00000000   Number         0  stm32l4xx_hal_flash_ramfunc.o ABSOLUTE
    stm32l4xx_hal_gpio.c                     0x00000000   Number         0  stm32l4xx_hal_gpio.o ABSOLUTE
    stm32l4xx_hal_i2c.c                      0x00000000   Number         0  stm32l4xx_hal_i2c.o ABSOLUTE
    stm32l4xx_hal_i2c_ex.c                   0x00000000   Number         0  stm32l4xx_hal_i2c_ex.o ABSOLUTE
    stm32l4xx_hal_msp.c                      0x00000000   Number         0  stm32l4xx_hal_msp.o ABSOLUTE
    stm32l4xx_hal_pcd.c                      0x00000000   Number         0  stm32l4xx_hal_pcd.o ABSOLUTE
    stm32l4xx_hal_pcd_ex.c                   0x00000000   Number         0  stm32l4xx_hal_pcd_ex.o ABSOLUTE
    stm32l4xx_hal_pwr.c                      0x00000000   Number         0  stm32l4xx_hal_pwr.o ABSOLUTE
    stm32l4xx_hal_pwr_ex.c                   0x00000000   Number         0  stm32l4xx_hal_pwr_ex.o ABSOLUTE
    stm32l4xx_hal_rcc.c                      0x00000000   Number         0  stm32l4xx_hal_rcc.o ABSOLUTE
    stm32l4xx_hal_rcc_ex.c                   0x00000000   Number         0  stm32l4xx_hal_rcc_ex.o ABSOLUTE
    stm32l4xx_hal_tim.c                      0x00000000   Number         0  stm32l4xx_hal_tim.o ABSOLUTE
    stm32l4xx_hal_tim_ex.c                   0x00000000   Number         0  stm32l4xx_hal_tim_ex.o ABSOLUTE
    stm32l4xx_hal_uart.c                     0x00000000   Number         0  stm32l4xx_hal_uart.o ABSOLUTE
    stm32l4xx_hal_uart_ex.c                  0x00000000   Number         0  stm32l4xx_hal_uart_ex.o ABSOLUTE
    stm32l4xx_it.c                           0x00000000   Number         0  stm32l4xx_it.o ABSOLUTE
    stm32l4xx_ll_usb.c                       0x00000000   Number         0  stm32l4xx_ll_usb.o ABSOLUTE
    system_stm32l4xx.c                       0x00000000   Number         0  system_stm32l4xx.o ABSOLUTE
    usart.c                                  0x00000000   Number         0  usart.o ABSOLUTE
    usb_otg.c                                0x00000000   Number         0  usb_otg.o ABSOLUTE
    RESET                                    0x08000000   Section      428  startup_stm32l496xx.o(RESET)
    .ARM.Collect$$$$00000000                 0x080001ac   Section        0  entry.o(.ARM.Collect$$$$00000000)
    .ARM.Collect$$$$00000001                 0x080001ac   Section        4  entry2.o(.ARM.Collect$$$$00000001)
    .ARM.Collect$$$$00000004                 0x080001b0   Section        4  entry5.o(.ARM.Collect$$$$00000004)
    .ARM.Collect$$$$00000008                 0x080001b4   Section        0  entry7b.o(.ARM.Collect$$$$00000008)
    .ARM.Collect$$$$0000000A                 0x080001b4   Section        0  entry8b.o(.ARM.Collect$$$$0000000A)
    .ARM.Collect$$$$0000000B                 0x080001b4   Section        8  entry9a.o(.ARM.Collect$$$$0000000B)
    __lit__00000000                          0x080001bc   Data           4  entry2.o(.ARM.Collect$$$$00002712)
    .ARM.Collect$$$$0000000D                 0x080001bc   Section        0  entry10a.o(.ARM.Collect$$$$0000000D)
    .ARM.Collect$$$$0000000F                 0x080001bc   Section        0  entry11a.o(.ARM.Collect$$$$0000000F)
    .ARM.Collect$$$$00002712                 0x080001bc   Section        4  entry2.o(.ARM.Collect$$$$00002712)
    $v0                                      0x080001c0   Number         0  startup_stm32l496xx.o(.text)
    .text                                    0x080001c0   Section       36  startup_stm32l496xx.o(.text)
    .text                                    0x080001e4   Section        0  uldiv.o(.text)
    .text                                    0x0800024c   Section        0  memseta.o(.text)
    .text                                    0x08000270   Section        0  dmul.o(.text)
    .text                                    0x0800035a   Section        0  dfltui.o(.text)
    .text                                    0x08000374   Section        0  f2d.o(.text)
    .text                                    0x0800039a   Section        0  d2f.o(.text)
    .text                                    0x080003d2   Section        0  uidiv.o(.text)
    .text                                    0x080003fe   Section        0  llshl.o(.text)
    .text                                    0x0800041c   Section        0  llushr.o(.text)
    .text                                    0x0800043c   Section        0  iusefp.o(.text)
    .text                                    0x0800043c   Section        0  fepilogue.o(.text)
    .text                                    0x080004aa   Section        0  depilogue.o(.text)
    .text                                    0x08000564   Section        0  dadd.o(.text)
    .text                                    0x080006c2   Section        0  ddiv.o(.text)
    .text                                    0x080007a0   Section        0  dfixul.o(.text)
    .text                                    0x080007d0   Section       48  cdrcmple.o(.text)
    .text                                    0x08000800   Section       36  init.o(.text)
    .text                                    0x08000824   Section        0  llsshr.o(.text)
    [Anonymous Symbol]                       0x08000848   Section        0  stm32l4xx_it.o(.text.ADC1_2_IRQHandler)
    [Anonymous Symbol]                       0x08000854   Section        0  stm32l4xx_hal_adc.o(.text.ADC_ConversionStop)
    [Anonymous Symbol]                       0x080009e4   Section        0  stm32l4xx_hal_adc.o(.text.ADC_Disable)
    [Anonymous Symbol]                       0x08000a60   Section        0  stm32l4xx_hal_adc.o(.text.ADC_Enable)
    [Anonymous Symbol]                       0x08000b58   Section        0  stm32l4xx_it.o(.text.BusFault_Handler)
    [Anonymous Symbol]                       0x08000b5c   Section        0  stm32l4xx_it.o(.text.DebugMon_Handler)
    [Anonymous Symbol]                       0x08000b60   Section        0  main.o(.text.Error_Handler)
    [Anonymous Symbol]                       0x08000b6c   Section        0  stm32l4xx_hal_adc_ex.o(.text.HAL_ADCEx_Calibration_Start)
    [Anonymous Symbol]                       0x08000c40   Section        0  stm32l4xx_hal_adc_ex.o(.text.HAL_ADCEx_EndOfSamplingCallback)
    [Anonymous Symbol]                       0x08000c44   Section        0  stm32l4xx_hal_adc_ex.o(.text.HAL_ADCEx_InjectedConvCpltCallback)
    [Anonymous Symbol]                       0x08000c48   Section        0  stm32l4xx_hal_adc_ex.o(.text.HAL_ADCEx_InjectedQueueOverflowCallback)
    [Anonymous Symbol]                       0x08000c4c   Section        0  stm32l4xx_hal_adc_ex.o(.text.HAL_ADCEx_LevelOutOfWindow2Callback)
    [Anonymous Symbol]                       0x08000c50   Section        0  stm32l4xx_hal_adc_ex.o(.text.HAL_ADCEx_LevelOutOfWindow3Callback)
    [Anonymous Symbol]                       0x08000c54   Section        0  stm32l4xx_hal_adc_ex.o(.text.HAL_ADCEx_MultiModeConfigChannel)
    [Anonymous Symbol]                       0x08000d24   Section        0  stm32l4xx_hal_adc.o(.text.HAL_ADC_ConfigChannel)
    [Anonymous Symbol]                       0x080010cc   Section        0  main.o(.text.HAL_ADC_ConvCpltCallback)
    [Anonymous Symbol]                       0x08001100   Section        0  stm32l4xx_hal_adc.o(.text.HAL_ADC_ErrorCallback)
    [Anonymous Symbol]                       0x08001104   Section        0  stm32l4xx_hal_adc.o(.text.HAL_ADC_GetValue)
    [Anonymous Symbol]                       0x0800110c   Section        0  stm32l4xx_hal_adc.o(.text.HAL_ADC_IRQHandler)
    [Anonymous Symbol]                       0x0800138c   Section        0  stm32l4xx_hal_adc.o(.text.HAL_ADC_Init)
    [Anonymous Symbol]                       0x080015b0   Section        0  stm32l4xx_hal_adc.o(.text.HAL_ADC_LevelOutOfWindowCallback)
    [Anonymous Symbol]                       0x080015b4   Section        0  adc.o(.text.HAL_ADC_MspInit)
    [Anonymous Symbol]                       0x08001628   Section        0  stm32l4xx_hal_adc.o(.text.HAL_ADC_Start_IT)
    [Anonymous Symbol]                       0x08001788   Section        0  stm32l4xx_hal_adc.o(.text.HAL_ADC_Stop_IT)
    [Anonymous Symbol]                       0x08001840   Section        0  stm32l4xx_hal.o(.text.HAL_Delay)
    [Anonymous Symbol]                       0x08001868   Section        0  stm32l4xx_hal_gpio.o(.text.HAL_GPIO_Init)
    [Anonymous Symbol]                       0x08001a18   Section        0  stm32l4xx_hal_gpio.o(.text.HAL_GPIO_ReadPin)
    [Anonymous Symbol]                       0x08001a24   Section        0  stm32l4xx_hal_gpio.o(.text.HAL_GPIO_WritePin)
    [Anonymous Symbol]                       0x08001a30   Section        0  stm32l4xx_hal.o(.text.HAL_GetTick)
    [Anonymous Symbol]                       0x08001a3c   Section        0  stm32l4xx_hal.o(.text.HAL_IncTick)
    [Anonymous Symbol]                       0x08001a58   Section        0  stm32l4xx_hal.o(.text.HAL_Init)
    [Anonymous Symbol]                       0x08001a78   Section        0  stm32l4xx_hal.o(.text.HAL_InitTick)
    [Anonymous Symbol]                       0x08001ac4   Section        0  stm32l4xx_hal_msp.o(.text.HAL_MspInit)
    [Anonymous Symbol]                       0x08001af8   Section        0  stm32l4xx_hal_cortex.o(.text.HAL_NVIC_EnableIRQ)
    [Anonymous Symbol]                       0x08001b20   Section        0  stm32l4xx_hal_cortex.o(.text.HAL_NVIC_SetPriority)
    [Anonymous Symbol]                       0x08001b78   Section        0  stm32l4xx_hal_cortex.o(.text.HAL_NVIC_SetPriorityGrouping)
    [Anonymous Symbol]                       0x08001b98   Section        0  stm32l4xx_hal_pcd_ex.o(.text.HAL_PCDEx_ActivateLPM)
    [Anonymous Symbol]                       0x08001bc0   Section        0  stm32l4xx_hal_pcd.o(.text.HAL_PCD_Init)
    [Anonymous Symbol]                       0x08001d0c   Section        0  usb_otg.o(.text.HAL_PCD_MspInit)
    [Anonymous Symbol]                       0x08001db0   Section        0  stm32l4xx_hal_pwr_ex.o(.text.HAL_PWREx_ControlVoltageScaling)
    [Anonymous Symbol]                       0x08001e3c   Section        0  stm32l4xx_hal_pwr_ex.o(.text.HAL_PWREx_EnableVddIO2)
    [Anonymous Symbol]                       0x08001e50   Section        0  stm32l4xx_hal_pwr_ex.o(.text.HAL_PWREx_EnableVddUSB)
    [Anonymous Symbol]                       0x08001e64   Section        0  stm32l4xx_hal_pwr_ex.o(.text.HAL_PWREx_GetVoltageRange)
    [Anonymous Symbol]                       0x08001e74   Section        0  stm32l4xx_hal_pwr.o(.text.HAL_PWR_EnableBkUpAccess)
    [Anonymous Symbol]                       0x08001e88   Section        0  stm32l4xx_hal_rcc_ex.o(.text.HAL_RCCEx_EnableMSIPLLMode)
    [Anonymous Symbol]                       0x08001e9c   Section        0  stm32l4xx_hal_rcc_ex.o(.text.HAL_RCCEx_PeriphCLKConfig)
    [Anonymous Symbol]                       0x08002294   Section        0  stm32l4xx_hal_rcc.o(.text.HAL_RCC_ClockConfig)
    [Anonymous Symbol]                       0x08002510   Section        0  stm32l4xx_hal_rcc.o(.text.HAL_RCC_GetPCLK1Freq)
    [Anonymous Symbol]                       0x0800253c   Section        0  stm32l4xx_hal_rcc.o(.text.HAL_RCC_GetPCLK2Freq)
    [Anonymous Symbol]                       0x08002568   Section        0  stm32l4xx_hal_rcc.o(.text.HAL_RCC_GetSysClockFreq)
    [Anonymous Symbol]                       0x0800262c   Section        0  stm32l4xx_hal_rcc.o(.text.HAL_RCC_OscConfig)
    [Anonymous Symbol]                       0x08002e04   Section        0  stm32l4xx_hal_cortex.o(.text.HAL_SYSTICK_Config)
    [Anonymous Symbol]                       0x08002e30   Section        0  stm32l4xx_hal_uart.o(.text.HAL_UART_Init)
    [Anonymous Symbol]                       0x08002ef4   Section        0  usart.o(.text.HAL_UART_MspInit)
    [Anonymous Symbol]                       0x08002f84   Section        0  stm32l4xx_hal_uart.o(.text.HAL_UART_Transmit)
    [Anonymous Symbol]                       0x08003058   Section        0  stm32l4xx_it.o(.text.HardFault_Handler)
    [Anonymous Symbol]                       0x0800305c   Section        0  adc.o(.text.MX_ADC1_Init)
    [Anonymous Symbol]                       0x08003104   Section        0  gpio.o(.text.MX_GPIO_Init)
    [Anonymous Symbol]                       0x080031f8   Section        0  usart.o(.text.MX_LPUART1_UART_Init)
    [Anonymous Symbol]                       0x08003238   Section        0  usb_otg.o(.text.MX_USB_OTG_FS_PCD_Init)
    [Anonymous Symbol]                       0x08003278   Section        0  stm32l4xx_it.o(.text.MemManage_Handler)
    [Anonymous Symbol]                       0x0800327c   Section        0  stm32l4xx_it.o(.text.NMI_Handler)
    [Anonymous Symbol]                       0x08003280   Section        0  stm32l4xx_it.o(.text.PendSV_Handler)
    RCCEx_PLLSAI1_Config                     0x08003285   Thumb Code   362  stm32l4xx_hal_rcc_ex.o(.text.RCCEx_PLLSAI1_Config)
    [Anonymous Symbol]                       0x08003284   Section        0  stm32l4xx_hal_rcc_ex.o(.text.RCCEx_PLLSAI1_Config)
    RCCEx_PLLSAI2_Config                     0x080033f1   Thumb Code   318  stm32l4xx_hal_rcc_ex.o(.text.RCCEx_PLLSAI2_Config)
    [Anonymous Symbol]                       0x080033f0   Section        0  stm32l4xx_hal_rcc_ex.o(.text.RCCEx_PLLSAI2_Config)
    [Anonymous Symbol]                       0x08003530   Section        0  stm32l4xx_it.o(.text.SVC_Handler)
    [Anonymous Symbol]                       0x08003534   Section        0  stm32l4xx_it.o(.text.SysTick_Handler)
    [Anonymous Symbol]                       0x08003538   Section        0  main.o(.text.SystemClock_Config)
    [Anonymous Symbol]                       0x080035e4   Section        0  system_stm32l4xx.o(.text.SystemInit)
    [Anonymous Symbol]                       0x080035f8   Section        0  stm32l4xx_hal_uart.o(.text.UART_AdvFeatureConfig)
    [Anonymous Symbol]                       0x080036e0   Section        0  stm32l4xx_hal_uart.o(.text.UART_SetConfig)
    [Anonymous Symbol]                       0x08003948   Section        0  stm32l4xx_hal_uart.o(.text.UART_WaitOnFlagUntilTimeout)
    [Anonymous Symbol]                       0x08003b58   Section        0  stm32l4xx_ll_usb.o(.text.USB_CoreInit)
    [Anonymous Symbol]                       0x08003c54   Section        0  stm32l4xx_ll_usb.o(.text.USB_DevDisconnect)
    [Anonymous Symbol]                       0x08003c74   Section        0  stm32l4xx_ll_usb.o(.text.USB_DevInit)
    [Anonymous Symbol]                       0x080040e4   Section        0  stm32l4xx_ll_usb.o(.text.USB_DisableGlobalInt)
    [Anonymous Symbol]                       0x080040f4   Section        0  stm32l4xx_ll_usb.o(.text.USB_SetCurrentMode)
    [Anonymous Symbol]                       0x08004158   Section        0  stm32l4xx_it.o(.text.UsageFault_Handler)
    [Anonymous Symbol]                       0x0800415c   Section        0  main.o(.text.fputc)
    [Anonymous Symbol]                       0x08004180   Section        0  main.o(.text.main)
    i.__0printf                              0x080043e0   Section        0  printfa.o(i.__0printf)
    i.__scatterload_copy                     0x08004400   Section       14  handlers.o(i.__scatterload_copy)
    i.__scatterload_null                     0x0800440e   Section        2  handlers.o(i.__scatterload_null)
    i.__scatterload_zeroinit                 0x08004410   Section       14  handlers.o(i.__scatterload_zeroinit)
    _fp_digits                               0x08004421   Thumb Code   366  printfa.o(i._fp_digits)
    i._fp_digits                             0x08004420   Section        0  printfa.o(i._fp_digits)
    _printf_core                             0x080045ad   Thumb Code  1744  printfa.o(i._printf_core)
    i._printf_core                           0x080045ac   Section        0  printfa.o(i._printf_core)
    _printf_post_padding                     0x08004c8f   Thumb Code    36  printfa.o(i._printf_post_padding)
    i._printf_post_padding                   0x08004c8e   Section        0  printfa.o(i._printf_post_padding)
    _printf_pre_padding                      0x08004cb3   Thumb Code    46  printfa.o(i._printf_pre_padding)
    i._printf_pre_padding                    0x08004cb2   Section        0  printfa.o(i._printf_pre_padding)
    i.puts                                   0x08004ce0   Section        0  puts.o(i.puts)
    .Lswitch.table.UART_SetConfig.5          0x08004d4c   Data          16  stm32l4xx_hal_uart.o(.rodata.cst16)
    .data                                    0x20000000   Section        4  stdout.o(.data)
    .L_MergedGlobals                         0x20000004   Data           8  stm32l4xx_hal.o(.data..L_MergedGlobals)
    [Anonymous Symbol]                       0x20000004   Section        0  stm32l4xx_hal.o(.data..L_MergedGlobals)
    .L_MergedGlobals                         0x20000010   Data          12  main.o(.bss..L_MergedGlobals)
    [Anonymous Symbol]                       0x20000010   Section        0  main.o(.bss..L_MergedGlobals)
    STACK                                    0x20000618   Section     1024  startup_stm32l496xx.o(STACK)

    Global Symbols

    Symbol Name                              Value     Ov Type        Size  Object(Section)

    BuildAttributes$$THM_ISAv4$E$P$D$K$B$S$7EM$VFPi3$EXTD16$VFPS$VFMA$PE$A:L22UL41UL21$X:L11$S22US41US21$IEEE1$IW$~IW$USESV6$~STKCKD$USESV7$~SHL$OTIME$ROPI$EBA8$MICROLIB$REQ8$PRES8$EABIv2 0x00000000   Number         0  anon$$obj.o ABSOLUTE
    _printf_a                                0x00000000   Number         0  printfstubs.o ABSOLUTE
    _printf_c                                0x00000000   Number         0  printfstubs.o ABSOLUTE
    _printf_charcount                        0x00000000   Number         0  printfstubs.o ABSOLUTE
    _printf_d                                0x00000000   Number         0  printfstubs.o ABSOLUTE
    _printf_e                                0x00000000   Number         0  printfstubs.o ABSOLUTE
    _printf_f                                0x00000000   Number         0  printfstubs.o ABSOLUTE
    _printf_flags                            0x00000000   Number         0  printfstubs.o ABSOLUTE
    _printf_fp_dec                           0x00000000   Number         0  printfstubs.o ABSOLUTE
    _printf_fp_hex                           0x00000000   Number         0  printfstubs.o ABSOLUTE
    _printf_g                                0x00000000   Number         0  printfstubs.o ABSOLUTE
    _printf_i                                0x00000000   Number         0  printfstubs.o ABSOLUTE
    _printf_int_dec                          0x00000000   Number         0  printfstubs.o ABSOLUTE
    _printf_l                                0x00000000   Number         0  printfstubs.o ABSOLUTE
    _printf_lc                               0x00000000   Number         0  printfstubs.o ABSOLUTE
    _printf_ll                               0x00000000   Number         0  printfstubs.o ABSOLUTE
    _printf_lld                              0x00000000   Number         0  printfstubs.o ABSOLUTE
    _printf_lli                              0x00000000   Number         0  printfstubs.o ABSOLUTE
    _printf_llo                              0x00000000   Number         0  printfstubs.o ABSOLUTE
    _printf_llu                              0x00000000   Number         0  printfstubs.o ABSOLUTE
    _printf_llx                              0x00000000   Number         0  printfstubs.o ABSOLUTE
    _printf_longlong_dec                     0x00000000   Number         0  printfstubs.o ABSOLUTE
    _printf_longlong_hex                     0x00000000   Number         0  printfstubs.o ABSOLUTE
    _printf_longlong_oct                     0x00000000   Number         0  printfstubs.o ABSOLUTE
    _printf_ls                               0x00000000   Number         0  printfstubs.o ABSOLUTE
    _printf_mbtowc                           0x00000000   Number         0  printfstubs.o ABSOLUTE
    _printf_n                                0x00000000   Number         0  printfstubs.o ABSOLUTE
    _printf_o                                0x00000000   Number         0  printfstubs.o ABSOLUTE
    _printf_p                                0x00000000   Number         0  printfstubs.o ABSOLUTE
    _printf_percent                          0x00000000   Number         0  printfstubs.o ABSOLUTE
    _printf_pre_padding                      0x00000000   Number         0  printfstubs.o ABSOLUTE
    _printf_return_value                     0x00000000   Number         0  printfstubs.o ABSOLUTE
    _printf_s                                0x00000000   Number         0  printfstubs.o ABSOLUTE
    _printf_sizespec                         0x00000000   Number         0  printfstubs.o ABSOLUTE
    _printf_str                              0x00000000   Number         0  printfstubs.o ABSOLUTE
    _printf_truncate_signed                  0x00000000   Number         0  printfstubs.o ABSOLUTE
    _printf_truncate_unsigned                0x00000000   Number         0  printfstubs.o ABSOLUTE
    _printf_u                                0x00000000   Number         0  printfstubs.o ABSOLUTE
    _printf_wc                               0x00000000   Number         0  printfstubs.o ABSOLUTE
    _printf_wctomb                           0x00000000   Number         0  printfstubs.o ABSOLUTE
    _printf_widthprec                        0x00000000   Number         0  printfstubs.o ABSOLUTE
    _printf_x                                0x00000000   Number         0  printfstubs.o ABSOLUTE
    __cpp_initialize__aeabi_                  - Undefined Weak Reference
    __cxa_finalize                            - Undefined Weak Reference
    __decompress                              - Undefined Weak Reference
    _clock_init                               - Undefined Weak Reference
    _microlib_exit                            - Undefined Weak Reference
    __Vectors_Size                           0x000001ac   Number         0  startup_stm32l496xx.o ABSOLUTE
    __Vectors                                0x08000000   Data           4  startup_stm32l496xx.o(RESET)
    __Vectors_End                            0x080001ac   Data           0  startup_stm32l496xx.o(RESET)
    __main                                   0x080001ad   Thumb Code     0  entry.o(.ARM.Collect$$$$00000000)
    _main_stk                                0x080001ad   Thumb Code     0  entry2.o(.ARM.Collect$$$$00000001)
    _main_scatterload                        0x080001b1   Thumb Code     0  entry5.o(.ARM.Collect$$$$00000004)
    __main_after_scatterload                 0x080001b5   Thumb Code     0  entry5.o(.ARM.Collect$$$$00000004)
    _main_clock                              0x080001b5   Thumb Code     0  entry7b.o(.ARM.Collect$$$$00000008)
    _main_cpp_init                           0x080001b5   Thumb Code     0  entry8b.o(.ARM.Collect$$$$0000000A)
    _main_init                               0x080001b5   Thumb Code     0  entry9a.o(.ARM.Collect$$$$0000000B)
    __rt_final_cpp                           0x080001bd   Thumb Code     0  entry10a.o(.ARM.Collect$$$$0000000D)
    __rt_final_exit                          0x080001bd   Thumb Code     0  entry11a.o(.ARM.Collect$$$$0000000F)
    Reset_Handler                            0x080001c1   Thumb Code     8  startup_stm32l496xx.o(.text)
    ADC3_IRQHandler                          0x080001db   Thumb Code     0  startup_stm32l496xx.o(.text)
    CAN1_RX0_IRQHandler                      0x080001db   Thumb Code     0  startup_stm32l496xx.o(.text)
    CAN1_RX1_IRQHandler                      0x080001db   Thumb Code     0  startup_stm32l496xx.o(.text)
    CAN1_SCE_IRQHandler                      0x080001db   Thumb Code     0  startup_stm32l496xx.o(.text)
    CAN1_TX_IRQHandler                       0x080001db   Thumb Code     0  startup_stm32l496xx.o(.text)
    CAN2_RX0_IRQHandler                      0x080001db   Thumb Code     0  startup_stm32l496xx.o(.text)
    CAN2_RX1_IRQHandler                      0x080001db   Thumb Code     0  startup_stm32l496xx.o(.text)
    CAN2_SCE_IRQHandler                      0x080001db   Thumb Code     0  startup_stm32l496xx.o(.text)
    CAN2_TX_IRQHandler                       0x080001db   Thumb Code     0  startup_stm32l496xx.o(.text)
    COMP_IRQHandler                          0x080001db   Thumb Code     0  startup_stm32l496xx.o(.text)
    CRS_IRQHandler                           0x080001db   Thumb Code     0  startup_stm32l496xx.o(.text)
    DCMI_IRQHandler                          0x080001db   Thumb Code     0  startup_stm32l496xx.o(.text)
    DFSDM1_FLT0_IRQHandler                   0x080001db   Thumb Code     0  startup_stm32l496xx.o(.text)
    DFSDM1_FLT1_IRQHandler                   0x080001db   Thumb Code     0  startup_stm32l496xx.o(.text)
    DFSDM1_FLT2_IRQHandler                   0x080001db   Thumb Code     0  startup_stm32l496xx.o(.text)
    DFSDM1_FLT3_IRQHandler                   0x080001db   Thumb Code     0  startup_stm32l496xx.o(.text)
    DMA1_Channel1_IRQHandler                 0x080001db   Thumb Code     0  startup_stm32l496xx.o(.text)
    DMA1_Channel2_IRQHandler                 0x080001db   Thumb Code     0  startup_stm32l496xx.o(.text)
    DMA1_Channel3_IRQHandler                 0x080001db   Thumb Code     0  startup_stm32l496xx.o(.text)
    DMA1_Channel4_IRQHandler                 0x080001db   Thumb Code     0  startup_stm32l496xx.o(.text)
    DMA1_Channel5_IRQHandler                 0x080001db   Thumb Code     0  startup_stm32l496xx.o(.text)
    DMA1_Channel6_IRQHandler                 0x080001db   Thumb Code     0  startup_stm32l496xx.o(.text)
    DMA1_Channel7_IRQHandler                 0x080001db   Thumb Code     0  startup_stm32l496xx.o(.text)
    DMA2D_IRQHandler                         0x080001db   Thumb Code     0  startup_stm32l496xx.o(.text)
    DMA2_Channel1_IRQHandler                 0x080001db   Thumb Code     0  startup_stm32l496xx.o(.text)
    DMA2_Channel2_IRQHandler                 0x080001db   Thumb Code     0  startup_stm32l496xx.o(.text)
    DMA2_Channel3_IRQHandler                 0x080001db   Thumb Code     0  startup_stm32l496xx.o(.text)
    DMA2_Channel4_IRQHandler                 0x080001db   Thumb Code     0  startup_stm32l496xx.o(.text)
    DMA2_Channel5_IRQHandler                 0x080001db   Thumb Code     0  startup_stm32l496xx.o(.text)
    DMA2_Channel6_IRQHandler                 0x080001db   Thumb Code     0  startup_stm32l496xx.o(.text)
    DMA2_Channel7_IRQHandler                 0x080001db   Thumb Code     0  startup_stm32l496xx.o(.text)
    EXTI0_IRQHandler                         0x080001db   Thumb Code     0  startup_stm32l496xx.o(.text)
    EXTI15_10_IRQHandler                     0x080001db   Thumb Code     0  startup_stm32l496xx.o(.text)
    EXTI1_IRQHandler                         0x080001db   Thumb Code     0  startup_stm32l496xx.o(.text)
    EXTI2_IRQHandler                         0x080001db   Thumb Code     0  startup_stm32l496xx.o(.text)
    EXTI3_IRQHandler                         0x080001db   Thumb Code     0  startup_stm32l496xx.o(.text)
    EXTI4_IRQHandler                         0x080001db   Thumb Code     0  startup_stm32l496xx.o(.text)
    EXTI9_5_IRQHandler                       0x080001db   Thumb Code     0  startup_stm32l496xx.o(.text)
    FLASH_IRQHandler                         0x080001db   Thumb Code     0  startup_stm32l496xx.o(.text)
    FMC_IRQHandler                           0x080001db   Thumb Code     0  startup_stm32l496xx.o(.text)
    FPU_IRQHandler                           0x080001db   Thumb Code     0  startup_stm32l496xx.o(.text)
    I2C1_ER_IRQHandler                       0x080001db   Thumb Code     0  startup_stm32l496xx.o(.text)
    I2C1_EV_IRQHandler                       0x080001db   Thumb Code     0  startup_stm32l496xx.o(.text)
    I2C2_ER_IRQHandler                       0x080001db   Thumb Code     0  startup_stm32l496xx.o(.text)
    I2C2_EV_IRQHandler                       0x080001db   Thumb Code     0  startup_stm32l496xx.o(.text)
    I2C3_ER_IRQHandler                       0x080001db   Thumb Code     0  startup_stm32l496xx.o(.text)
    I2C3_EV_IRQHandler                       0x080001db   Thumb Code     0  startup_stm32l496xx.o(.text)
    I2C4_ER_IRQHandler                       0x080001db   Thumb Code     0  startup_stm32l496xx.o(.text)
    I2C4_EV_IRQHandler                       0x080001db   Thumb Code     0  startup_stm32l496xx.o(.text)
    LCD_IRQHandler                           0x080001db   Thumb Code     0  startup_stm32l496xx.o(.text)
    LPTIM1_IRQHandler                        0x080001db   Thumb Code     0  startup_stm32l496xx.o(.text)
    LPTIM2_IRQHandler                        0x080001db   Thumb Code     0  startup_stm32l496xx.o(.text)
    LPUART1_IRQHandler                       0x080001db   Thumb Code     0  startup_stm32l496xx.o(.text)
    OTG_FS_IRQHandler                        0x080001db   Thumb Code     0  startup_stm32l496xx.o(.text)
    PVD_PVM_IRQHandler                       0x080001db   Thumb Code     0  startup_stm32l496xx.o(.text)
    QUADSPI_IRQHandler                       0x080001db   Thumb Code     0  startup_stm32l496xx.o(.text)
    RCC_IRQHandler                           0x080001db   Thumb Code     0  startup_stm32l496xx.o(.text)
    RNG_IRQHandler                           0x080001db   Thumb Code     0  startup_stm32l496xx.o(.text)
    RTC_Alarm_IRQHandler                     0x080001db   Thumb Code     0  startup_stm32l496xx.o(.text)
    RTC_WKUP_IRQHandler                      0x080001db   Thumb Code     0  startup_stm32l496xx.o(.text)
    SAI1_IRQHandler                          0x080001db   Thumb Code     0  startup_stm32l496xx.o(.text)
    SAI2_IRQHandler                          0x080001db   Thumb Code     0  startup_stm32l496xx.o(.text)
    SDMMC1_IRQHandler                        0x080001db   Thumb Code     0  startup_stm32l496xx.o(.text)
    SPI1_IRQHandler                          0x080001db   Thumb Code     0  startup_stm32l496xx.o(.text)
    SPI2_IRQHandler                          0x080001db   Thumb Code     0  startup_stm32l496xx.o(.text)
    SPI3_IRQHandler                          0x080001db   Thumb Code     0  startup_stm32l496xx.o(.text)
    SWPMI1_IRQHandler                        0x080001db   Thumb Code     0  startup_stm32l496xx.o(.text)
    TAMP_STAMP_IRQHandler                    0x080001db   Thumb Code     0  startup_stm32l496xx.o(.text)
    TIM1_BRK_TIM15_IRQHandler                0x080001db   Thumb Code     0  startup_stm32l496xx.o(.text)
    TIM1_CC_IRQHandler                       0x080001db   Thumb Code     0  startup_stm32l496xx.o(.text)
    TIM1_TRG_COM_TIM17_IRQHandler            0x080001db   Thumb Code     0  startup_stm32l496xx.o(.text)
    TIM1_UP_TIM16_IRQHandler                 0x080001db   Thumb Code     0  startup_stm32l496xx.o(.text)
    TIM2_IRQHandler                          0x080001db   Thumb Code     0  startup_stm32l496xx.o(.text)
    TIM3_IRQHandler                          0x080001db   Thumb Code     0  startup_stm32l496xx.o(.text)
    TIM4_IRQHandler                          0x080001db   Thumb Code     0  startup_stm32l496xx.o(.text)
    TIM5_IRQHandler                          0x080001db   Thumb Code     0  startup_stm32l496xx.o(.text)
    TIM6_DAC_IRQHandler                      0x080001db   Thumb Code     0  startup_stm32l496xx.o(.text)
    TIM7_IRQHandler                          0x080001db   Thumb Code     0  startup_stm32l496xx.o(.text)
    TIM8_BRK_IRQHandler                      0x080001db   Thumb Code     0  startup_stm32l496xx.o(.text)
    TIM8_CC_IRQHandler                       0x080001db   Thumb Code     0  startup_stm32l496xx.o(.text)
    TIM8_TRG_COM_IRQHandler                  0x080001db   Thumb Code     0  startup_stm32l496xx.o(.text)
    TIM8_UP_IRQHandler                       0x080001db   Thumb Code     0  startup_stm32l496xx.o(.text)
    TSC_IRQHandler                           0x080001db   Thumb Code     0  startup_stm32l496xx.o(.text)
    UART4_IRQHandler                         0x080001db   Thumb Code     0  startup_stm32l496xx.o(.text)
    UART5_IRQHandler                         0x080001db   Thumb Code     0  startup_stm32l496xx.o(.text)
    USART1_IRQHandler                        0x080001db   Thumb Code     0  startup_stm32l496xx.o(.text)
    USART2_IRQHandler                        0x080001db   Thumb Code     0  startup_stm32l496xx.o(.text)
    USART3_IRQHandler                        0x080001db   Thumb Code     0  startup_stm32l496xx.o(.text)
    WWDG_IRQHandler                          0x080001db   Thumb Code     0  startup_stm32l496xx.o(.text)
    __aeabi_uldivmod                         0x080001e5   Thumb Code    98  uldiv.o(.text)
    __aeabi_memset                           0x0800024d   Thumb Code    14  memseta.o(.text)
    __aeabi_memset4                          0x0800024d   Thumb Code     0  memseta.o(.text)
    __aeabi_memset8                          0x0800024d   Thumb Code     0  memseta.o(.text)
    __aeabi_memclr                           0x0800025b   Thumb Code     4  memseta.o(.text)
    __aeabi_memclr4                          0x0800025b   Thumb Code     0  memseta.o(.text)
    __aeabi_memclr8                          0x0800025b   Thumb Code     0  memseta.o(.text)
    _memset$wrapper                          0x0800025f   Thumb Code    18  memseta.o(.text)
    __aeabi_dmul                             0x08000271   Thumb Code   228  dmul.o(.text)
    __aeabi_ui2d                             0x0800035b   Thumb Code    26  dfltui.o(.text)
    __aeabi_f2d                              0x08000375   Thumb Code    38  f2d.o(.text)
    __aeabi_d2f                              0x0800039b   Thumb Code    56  d2f.o(.text)
    __aeabi_uidiv                            0x080003d3   Thumb Code     0  uidiv.o(.text)
    __aeabi_uidivmod                         0x080003d3   Thumb Code    44  uidiv.o(.text)
    __aeabi_llsl                             0x080003ff   Thumb Code    30  llshl.o(.text)
    _ll_shift_l                              0x080003ff   Thumb Code     0  llshl.o(.text)
    __aeabi_llsr                             0x0800041d   Thumb Code    32  llushr.o(.text)
    _ll_ushift_r                             0x0800041d   Thumb Code     0  llushr.o(.text)
    __I$use$fp                               0x0800043d   Thumb Code     0  iusefp.o(.text)
    _float_round                             0x0800043d   Thumb Code    18  fepilogue.o(.text)
    _float_epilogue                          0x0800044f   Thumb Code    92  fepilogue.o(.text)
    _double_round                            0x080004ab   Thumb Code    30  depilogue.o(.text)
    _double_epilogue                         0x080004c9   Thumb Code   156  depilogue.o(.text)
    __aeabi_dadd                             0x08000565   Thumb Code   322  dadd.o(.text)
    __aeabi_dsub                             0x080006a7   Thumb Code     6  dadd.o(.text)
    __aeabi_drsub                            0x080006ad   Thumb Code     6  dadd.o(.text)
    __aeabi_ddiv                             0x080006c3   Thumb Code   222  ddiv.o(.text)
    __aeabi_d2ulz                            0x080007a1   Thumb Code    48  dfixul.o(.text)
    __aeabi_cdrcmple                         0x080007d1   Thumb Code    48  cdrcmple.o(.text)
    __scatterload                            0x08000801   Thumb Code    28  init.o(.text)
    __scatterload_rt2                        0x08000801   Thumb Code     0  init.o(.text)
    __aeabi_lasr                             0x08000825   Thumb Code    36  llsshr.o(.text)
    _ll_sshift_r                             0x08000825   Thumb Code     0  llsshr.o(.text)
    ADC1_2_IRQHandler                        0x08000849   Thumb Code    12  stm32l4xx_it.o(.text.ADC1_2_IRQHandler)
    ADC_ConversionStop                       0x08000855   Thumb Code   400  stm32l4xx_hal_adc.o(.text.ADC_ConversionStop)
    ADC_Disable                              0x080009e5   Thumb Code   124  stm32l4xx_hal_adc.o(.text.ADC_Disable)
    ADC_Enable                               0x08000a61   Thumb Code   246  stm32l4xx_hal_adc.o(.text.ADC_Enable)
    BusFault_Handler                         0x08000b59   Thumb Code     2  stm32l4xx_it.o(.text.BusFault_Handler)
    DebugMon_Handler                         0x08000b5d   Thumb Code     2  stm32l4xx_it.o(.text.DebugMon_Handler)
    Error_Handler                            0x08000b61   Thumb Code    10  main.o(.text.Error_Handler)
    HAL_ADCEx_Calibration_Start              0x08000b6d   Thumb Code   212  stm32l4xx_hal_adc_ex.o(.text.HAL_ADCEx_Calibration_Start)
    HAL_ADCEx_EndOfSamplingCallback          0x08000c41   Thumb Code     2  stm32l4xx_hal_adc_ex.o(.text.HAL_ADCEx_EndOfSamplingCallback)
    HAL_ADCEx_InjectedConvCpltCallback       0x08000c45   Thumb Code     2  stm32l4xx_hal_adc_ex.o(.text.HAL_ADCEx_InjectedConvCpltCallback)
    HAL_ADCEx_InjectedQueueOverflowCallback  0x08000c49   Thumb Code     2  stm32l4xx_hal_adc_ex.o(.text.HAL_ADCEx_InjectedQueueOverflowCallback)
    HAL_ADCEx_LevelOutOfWindow2Callback      0x08000c4d   Thumb Code     2  stm32l4xx_hal_adc_ex.o(.text.HAL_ADCEx_LevelOutOfWindow2Callback)
    HAL_ADCEx_LevelOutOfWindow3Callback      0x08000c51   Thumb Code     2  stm32l4xx_hal_adc_ex.o(.text.HAL_ADCEx_LevelOutOfWindow3Callback)
    HAL_ADCEx_MultiModeConfigChannel         0x08000c55   Thumb Code   208  stm32l4xx_hal_adc_ex.o(.text.HAL_ADCEx_MultiModeConfigChannel)
    HAL_ADC_ConfigChannel                    0x08000d25   Thumb Code   920  stm32l4xx_hal_adc.o(.text.HAL_ADC_ConfigChannel)
    HAL_ADC_ConvCpltCallback                 0x080010cd   Thumb Code    52  main.o(.text.HAL_ADC_ConvCpltCallback)
    HAL_ADC_ErrorCallback                    0x08001101   Thumb Code     2  stm32l4xx_hal_adc.o(.text.HAL_ADC_ErrorCallback)
    HAL_ADC_GetValue                         0x08001105   Thumb Code     6  stm32l4xx_hal_adc.o(.text.HAL_ADC_GetValue)
    HAL_ADC_IRQHandler                       0x0800110d   Thumb Code   638  stm32l4xx_hal_adc.o(.text.HAL_ADC_IRQHandler)
    HAL_ADC_Init                             0x0800138d   Thumb Code   548  stm32l4xx_hal_adc.o(.text.HAL_ADC_Init)
    HAL_ADC_LevelOutOfWindowCallback         0x080015b1   Thumb Code     2  stm32l4xx_hal_adc.o(.text.HAL_ADC_LevelOutOfWindowCallback)
    HAL_ADC_MspInit                          0x080015b5   Thumb Code   116  adc.o(.text.HAL_ADC_MspInit)
    HAL_ADC_Start_IT                         0x08001629   Thumb Code   350  stm32l4xx_hal_adc.o(.text.HAL_ADC_Start_IT)
    HAL_ADC_Stop_IT                          0x08001789   Thumb Code   182  stm32l4xx_hal_adc.o(.text.HAL_ADC_Stop_IT)
    HAL_Delay                                0x08001841   Thumb Code    40  stm32l4xx_hal.o(.text.HAL_Delay)
    HAL_GPIO_Init                            0x08001869   Thumb Code   426  stm32l4xx_hal_gpio.o(.text.HAL_GPIO_Init)
    HAL_GPIO_ReadPin                         0x08001a19   Thumb Code    10  stm32l4xx_hal_gpio.o(.text.HAL_GPIO_ReadPin)
    HAL_GPIO_WritePin                        0x08001a25   Thumb Code    12  stm32l4xx_hal_gpio.o(.text.HAL_GPIO_WritePin)
    HAL_GetTick                              0x08001a31   Thumb Code    12  stm32l4xx_hal.o(.text.HAL_GetTick)
    HAL_IncTick                              0x08001a3d   Thumb Code    26  stm32l4xx_hal.o(.text.HAL_IncTick)
    HAL_Init                                 0x08001a59   Thumb Code    30  stm32l4xx_hal.o(.text.HAL_Init)
    HAL_InitTick                             0x08001a79   Thumb Code    76  stm32l4xx_hal.o(.text.HAL_InitTick)
    HAL_MspInit                              0x08001ac5   Thumb Code    50  stm32l4xx_hal_msp.o(.text.HAL_MspInit)
    HAL_NVIC_EnableIRQ                       0x08001af9   Thumb Code    38  stm32l4xx_hal_cortex.o(.text.HAL_NVIC_EnableIRQ)
    HAL_NVIC_SetPriority                     0x08001b21   Thumb Code    86  stm32l4xx_hal_cortex.o(.text.HAL_NVIC_SetPriority)
    HAL_NVIC_SetPriorityGrouping             0x08001b79   Thumb Code    32  stm32l4xx_hal_cortex.o(.text.HAL_NVIC_SetPriorityGrouping)
    HAL_PCDEx_ActivateLPM                    0x08001b99   Thumb Code    38  stm32l4xx_hal_pcd_ex.o(.text.HAL_PCDEx_ActivateLPM)
    HAL_PCD_Init                             0x08001bc1   Thumb Code   326  stm32l4xx_hal_pcd.o(.text.HAL_PCD_Init)
    HAL_PCD_MspInit                          0x08001d0d   Thumb Code   164  usb_otg.o(.text.HAL_PCD_MspInit)
    HAL_PWREx_ControlVoltageScaling          0x08001db1   Thumb Code   140  stm32l4xx_hal_pwr_ex.o(.text.HAL_PWREx_ControlVoltageScaling)
    HAL_PWREx_EnableVddIO2                   0x08001e3d   Thumb Code    18  stm32l4xx_hal_pwr_ex.o(.text.HAL_PWREx_EnableVddIO2)
    HAL_PWREx_EnableVddUSB                   0x08001e51   Thumb Code    18  stm32l4xx_hal_pwr_ex.o(.text.HAL_PWREx_EnableVddUSB)
    HAL_PWREx_GetVoltageRange                0x08001e65   Thumb Code    16  stm32l4xx_hal_pwr_ex.o(.text.HAL_PWREx_GetVoltageRange)
    HAL_PWR_EnableBkUpAccess                 0x08001e75   Thumb Code    18  stm32l4xx_hal_pwr.o(.text.HAL_PWR_EnableBkUpAccess)
    HAL_RCCEx_EnableMSIPLLMode               0x08001e89   Thumb Code    18  stm32l4xx_hal_rcc_ex.o(.text.HAL_RCCEx_EnableMSIPLLMode)
    HAL_RCCEx_PeriphCLKConfig                0x08001e9d   Thumb Code  1016  stm32l4xx_hal_rcc_ex.o(.text.HAL_RCCEx_PeriphCLKConfig)
    HAL_RCC_ClockConfig                      0x08002295   Thumb Code   634  stm32l4xx_hal_rcc.o(.text.HAL_RCC_ClockConfig)
    HAL_RCC_GetPCLK1Freq                     0x08002511   Thumb Code    42  stm32l4xx_hal_rcc.o(.text.HAL_RCC_GetPCLK1Freq)
    HAL_RCC_GetPCLK2Freq                     0x0800253d   Thumb Code    42  stm32l4xx_hal_rcc.o(.text.HAL_RCC_GetPCLK2Freq)
    HAL_RCC_GetSysClockFreq                  0x08002569   Thumb Code   194  stm32l4xx_hal_rcc.o(.text.HAL_RCC_GetSysClockFreq)
    HAL_RCC_OscConfig                        0x0800262d   Thumb Code  2008  stm32l4xx_hal_rcc.o(.text.HAL_RCC_OscConfig)
    HAL_SYSTICK_Config                       0x08002e05   Thumb Code    44  stm32l4xx_hal_cortex.o(.text.HAL_SYSTICK_Config)
    HAL_UART_Init                            0x08002e31   Thumb Code   194  stm32l4xx_hal_uart.o(.text.HAL_UART_Init)
    HAL_UART_MspInit                         0x08002ef5   Thumb Code   142  usart.o(.text.HAL_UART_MspInit)
    HAL_UART_Transmit                        0x08002f85   Thumb Code   212  stm32l4xx_hal_uart.o(.text.HAL_UART_Transmit)
    HardFault_Handler                        0x08003059   Thumb Code     2  stm32l4xx_it.o(.text.HardFault_Handler)
    MX_ADC1_Init                             0x0800305d   Thumb Code   166  adc.o(.text.MX_ADC1_Init)
    MX_GPIO_Init                             0x08003105   Thumb Code   242  gpio.o(.text.MX_GPIO_Init)
    MX_LPUART1_UART_Init                     0x080031f9   Thumb Code    62  usart.o(.text.MX_LPUART1_UART_Init)
    MX_USB_OTG_FS_PCD_Init                   0x08003239   Thumb Code    62  usb_otg.o(.text.MX_USB_OTG_FS_PCD_Init)
    MemManage_Handler                        0x08003279   Thumb Code     2  stm32l4xx_it.o(.text.MemManage_Handler)
    NMI_Handler                              0x0800327d   Thumb Code     2  stm32l4xx_it.o(.text.NMI_Handler)
    PendSV_Handler                           0x08003281   Thumb Code     2  stm32l4xx_it.o(.text.PendSV_Handler)
    SVC_Handler                              0x08003531   Thumb Code     2  stm32l4xx_it.o(.text.SVC_Handler)
    SysTick_Handler                          0x08003535   Thumb Code     4  stm32l4xx_it.o(.text.SysTick_Handler)
    SystemClock_Config                       0x08003539   Thumb Code   172  main.o(.text.SystemClock_Config)
    SystemInit                               0x080035e5   Thumb Code    18  system_stm32l4xx.o(.text.SystemInit)
    UART_AdvFeatureConfig                    0x080035f9   Thumb Code   232  stm32l4xx_hal_uart.o(.text.UART_AdvFeatureConfig)
    UART_SetConfig                           0x080036e1   Thumb Code   600  stm32l4xx_hal_uart.o(.text.UART_SetConfig)
    UART_WaitOnFlagUntilTimeout              0x08003949   Thumb Code   526  stm32l4xx_hal_uart.o(.text.UART_WaitOnFlagUntilTimeout)
    USB_CoreInit                             0x08003b59   Thumb Code   250  stm32l4xx_ll_usb.o(.text.USB_CoreInit)
    USB_DevDisconnect                        0x08003c55   Thumb Code    30  stm32l4xx_ll_usb.o(.text.USB_DevDisconnect)
    USB_DevInit                              0x08003c75   Thumb Code  1128  stm32l4xx_ll_usb.o(.text.USB_DevInit)
    USB_DisableGlobalInt                     0x080040e5   Thumb Code    14  stm32l4xx_ll_usb.o(.text.USB_DisableGlobalInt)
    USB_SetCurrentMode                       0x080040f5   Thumb Code   100  stm32l4xx_ll_usb.o(.text.USB_SetCurrentMode)
    UsageFault_Handler                       0x08004159   Thumb Code     2  stm32l4xx_it.o(.text.UsageFault_Handler)
    fputc                                    0x0800415d   Thumb Code    32  main.o(.text.fputc)
    main                                     0x08004181   Thumb Code   504  main.o(.text.main)
    __0printf                                0x080043e1   Thumb Code    22  printfa.o(i.__0printf)
    __1printf                                0x080043e1   Thumb Code     0  printfa.o(i.__0printf)
    __2printf                                0x080043e1   Thumb Code     0  printfa.o(i.__0printf)
    __c89printf                              0x080043e1   Thumb Code     0  printfa.o(i.__0printf)
    printf                                   0x080043e1   Thumb Code     0  printfa.o(i.__0printf)
    __scatterload_copy                       0x08004401   Thumb Code    14  handlers.o(i.__scatterload_copy)
    __scatterload_null                       0x0800440f   Thumb Code     2  handlers.o(i.__scatterload_null)
    __scatterload_zeroinit                   0x08004411   Thumb Code    14  handlers.o(i.__scatterload_zeroinit)
    puts                                     0x08004ce1   Thumb Code    30  puts.o(i.puts)
    AHBPrescTable                            0x08004d04   Data          16  system_stm32l4xx.o(.rodata.AHBPrescTable)
    APBPrescTable                            0x08004d14   Data           8  system_stm32l4xx.o(.rodata.APBPrescTable)
    MSIRangeTable                            0x08004d1c   Data          48  system_stm32l4xx.o(.rodata.MSIRangeTable)
    Region$$Table$$Base                      0x08004d5c   Number         0  anon$$obj.o(Region$$Table)
    Region$$Table$$Limit                     0x08004d7c   Number         0  anon$$obj.o(Region$$Table)
    __stdout                                 0x20000000   Data           4  stdout.o(.data)
    uwTickFreq                               0x20000004   Data           1  stm32l4xx_hal.o(.data..L_MergedGlobals)
    uwTickPrio                               0x20000008   Data           4  stm32l4xx_hal.o(.data..L_MergedGlobals)
    SystemCoreClock                          0x2000000c   Data           4  system_stm32l4xx.o(.data.SystemCoreClock)
    sendFlag                                 0x20000010   Data           1  main.o(.bss..L_MergedGlobals)
    cnt                                      0x20000011   Data           1  main.o(.bss..L_MergedGlobals)
    ADC_buffer                               0x20000012   Data          10  main.o(.bss..L_MergedGlobals)
    hadc1                                    0x2000001c   Data         104  adc.o(.bss.hadc1)
    hlpuart1                                 0x20000084   Data         132  usart.o(.bss.hlpuart1)
    hpcd_USB_OTG_FS                          0x20000108   Data        1292  usb_otg.o(.bss.hpcd_USB_OTG_FS)
    uwTick                                   0x20000614   Data           4  stm32l4xx_hal.o(.bss.uwTick)
    __initial_sp                             0x20000a18   Data           0  startup_stm32l496xx.o(STACK)



==============================================================================

Memory Map of the image

  Image Entry point : 0x080001ad

  Load Region LR_IROM1 (Base: 0x08000000, Size: 0x00004d90, Max: 0x00100000, ABSOLUTE)

    Execution Region ER_IROM1 (Exec base: 0x08000000, Load base: 0x08000000, Size: 0x00004d7c, Max: 0x00100000, ABSOLUTE)

    Exec Addr    Load Addr    Size         Type   Attr      Idx    E Section Name        Object

    0x08000000   0x08000000   0x000001ac   Data   RO            3    RESET               startup_stm32l496xx.o
    0x080001ac   0x080001ac   0x00000000   Code   RO         1311  * .ARM.Collect$$$$00000000  mc_w.l(entry.o)
    0x080001ac   0x080001ac   0x00000004   Code   RO         1591    .ARM.Collect$$$$00000001  mc_w.l(entry2.o)
    0x080001b0   0x080001b0   0x00000004   Code   RO         1594    .ARM.Collect$$$$00000004  mc_w.l(entry5.o)
    0x080001b4   0x080001b4   0x00000000   Code   RO         1596    .ARM.Collect$$$$00000008  mc_w.l(entry7b.o)
    0x080001b4   0x080001b4   0x00000000   Code   RO         1598    .ARM.Collect$$$$0000000A  mc_w.l(entry8b.o)
    0x080001b4   0x080001b4   0x00000008   Code   RO         1599    .ARM.Collect$$$$0000000B  mc_w.l(entry9a.o)
    0x080001bc   0x080001bc   0x00000000   Code   RO         1601    .ARM.Collect$$$$0000000D  mc_w.l(entry10a.o)
    0x080001bc   0x080001bc   0x00000000   Code   RO         1603    .ARM.Collect$$$$0000000F  mc_w.l(entry11a.o)
    0x080001bc   0x080001bc   0x00000004   Code   RO         1592    .ARM.Collect$$$$00002712  mc_w.l(entry2.o)
    0x080001c0   0x080001c0   0x00000024   Code   RO            4    .text               startup_stm32l496xx.o
    0x080001e4   0x080001e4   0x00000068   Code   RO         1318    .text               mc_w.l(uldiv.o)
    0x0800024c   0x0800024c   0x00000024   Code   RO         1320    .text               mc_w.l(memseta.o)
    0x08000270   0x08000270   0x000000ea   Code   RO         1583    .text               mf_w.l(dmul.o)
    0x0800035a   0x0800035a   0x0000001a   Code   RO         1585    .text               mf_w.l(dfltui.o)
    0x08000374   0x08000374   0x00000026   Code   RO         1587    .text               mf_w.l(f2d.o)
    0x0800039a   0x0800039a   0x00000038   Code   RO         1589    .text               mf_w.l(d2f.o)
    0x080003d2   0x080003d2   0x0000002c   Code   RO         1615    .text               mc_w.l(uidiv.o)
    0x080003fe   0x080003fe   0x0000001e   Code   RO         1617    .text               mc_w.l(llshl.o)
    0x0800041c   0x0800041c   0x00000020   Code   RO         1619    .text               mc_w.l(llushr.o)
    0x0800043c   0x0800043c   0x00000000   Code   RO         1621    .text               mc_w.l(iusefp.o)
    0x0800043c   0x0800043c   0x0000006e   Code   RO         1622    .text               mf_w.l(fepilogue.o)
    0x080004aa   0x080004aa   0x000000ba   Code   RO         1624    .text               mf_w.l(depilogue.o)
    0x08000564   0x08000564   0x0000015e   Code   RO         1626    .text               mf_w.l(dadd.o)
    0x080006c2   0x080006c2   0x000000de   Code   RO         1628    .text               mf_w.l(ddiv.o)
    0x080007a0   0x080007a0   0x00000030   Code   RO         1630    .text               mf_w.l(dfixul.o)
    0x080007d0   0x080007d0   0x00000030   Code   RO         1632    .text               mf_w.l(cdrcmple.o)
    0x08000800   0x08000800   0x00000024   Code   RO         1634    .text               mc_w.l(init.o)
    0x08000824   0x08000824   0x00000024   Code   RO         1636    .text               mc_w.l(llsshr.o)
    0x08000848   0x08000848   0x0000000c   Code   RO          107    .text.ADC1_2_IRQHandler  stm32l4xx_it.o
    0x08000854   0x08000854   0x00000190   Code   RO          130    .text.ADC_ConversionStop  stm32l4xx_hal_adc.o
    0x080009e4   0x080009e4   0x0000007c   Code   RO          132    .text.ADC_Disable   stm32l4xx_hal_adc.o
    0x08000a60   0x08000a60   0x000000f6   Code   RO          138    .text.ADC_Enable    stm32l4xx_hal_adc.o
    0x08000b56   0x08000b56   0x00000002   PAD
    0x08000b58   0x08000b58   0x00000002   Code   RO           95    .text.BusFault_Handler  stm32l4xx_it.o
    0x08000b5a   0x08000b5a   0x00000002   PAD
    0x08000b5c   0x08000b5c   0x00000002   Code   RO          101    .text.DebugMon_Handler  stm32l4xx_it.o
    0x08000b5e   0x08000b5e   0x00000002   PAD
    0x08000b60   0x08000b60   0x0000000a   Code   RO           21    .text.Error_Handler  main.o
    0x08000b6a   0x08000b6a   0x00000002   PAD
    0x08000b6c   0x08000b6c   0x000000d4   Code   RO          188    .text.HAL_ADCEx_Calibration_Start  stm32l4xx_hal_adc_ex.o
    0x08000c40   0x08000c40   0x00000002   Code   RO          220    .text.HAL_ADCEx_EndOfSamplingCallback  stm32l4xx_hal_adc_ex.o
    0x08000c42   0x08000c42   0x00000002   PAD
    0x08000c44   0x08000c44   0x00000002   Code   RO          212    .text.HAL_ADCEx_InjectedConvCpltCallback  stm32l4xx_hal_adc_ex.o
    0x08000c46   0x08000c46   0x00000002   PAD
    0x08000c48   0x08000c48   0x00000002   Code   RO          214    .text.HAL_ADCEx_InjectedQueueOverflowCallback  stm32l4xx_hal_adc_ex.o
    0x08000c4a   0x08000c4a   0x00000002   PAD
    0x08000c4c   0x08000c4c   0x00000002   Code   RO          216    .text.HAL_ADCEx_LevelOutOfWindow2Callback  stm32l4xx_hal_adc_ex.o
    0x08000c4e   0x08000c4e   0x00000002   PAD
    0x08000c50   0x08000c50   0x00000002   Code   RO          218    .text.HAL_ADCEx_LevelOutOfWindow3Callback  stm32l4xx_hal_adc_ex.o
    0x08000c52   0x08000c52   0x00000002   PAD
    0x08000c54   0x08000c54   0x000000d0   Code   RO          232    .text.HAL_ADCEx_MultiModeConfigChannel  stm32l4xx_hal_adc_ex.o
    0x08000d24   0x08000d24   0x000003a8   Code   RO          172    .text.HAL_ADC_ConfigChannel  stm32l4xx_hal_adc.o
    0x080010cc   0x080010cc   0x00000034   Code   RO           23    .text.HAL_ADC_ConvCpltCallback  main.o
    0x08001100   0x08001100   0x00000002   Code   RO          168    .text.HAL_ADC_ErrorCallback  stm32l4xx_hal_adc.o
    0x08001102   0x08001102   0x00000002   PAD
    0x08001104   0x08001104   0x00000006   Code   RO          160    .text.HAL_ADC_GetValue  stm32l4xx_hal_adc.o
    0x0800110a   0x0800110a   0x00000002   PAD
    0x0800110c   0x0800110c   0x0000027e   Code   RO          162    .text.HAL_ADC_IRQHandler  stm32l4xx_hal_adc.o
    0x0800138a   0x0800138a   0x00000002   PAD
    0x0800138c   0x0800138c   0x00000224   Code   RO          124    .text.HAL_ADC_Init  stm32l4xx_hal_adc.o
    0x080015b0   0x080015b0   0x00000002   Code   RO          166    .text.HAL_ADC_LevelOutOfWindowCallback  stm32l4xx_hal_adc.o
    0x080015b2   0x080015b2   0x00000002   PAD
    0x080015b4   0x080015b4   0x00000074   Code   RO           46    .text.HAL_ADC_MspInit  adc.o
    0x08001628   0x08001628   0x0000015e   Code   RO          146    .text.HAL_ADC_Start_IT  stm32l4xx_hal_adc.o
    0x08001786   0x08001786   0x00000002   PAD
    0x08001788   0x08001788   0x000000b6   Code   RO          148    .text.HAL_ADC_Stop_IT  stm32l4xx_hal_adc.o
    0x0800183e   0x0800183e   0x00000002   PAD
    0x08001840   0x08001840   0x00000028   Code   RO          270    .text.HAL_Delay     stm32l4xx_hal.o
    0x08001868   0x08001868   0x000001b0   Code   RO          670    .text.HAL_GPIO_Init  stm32l4xx_hal_gpio.o
    0x08001a18   0x08001a18   0x0000000a   Code   RO          674    .text.HAL_GPIO_ReadPin  stm32l4xx_hal_gpio.o
    0x08001a22   0x08001a22   0x00000002   PAD
    0x08001a24   0x08001a24   0x0000000c   Code   RO          676    .text.HAL_GPIO_WritePin  stm32l4xx_hal_gpio.o
    0x08001a30   0x08001a30   0x0000000c   Code   RO          262    .text.HAL_GetTick   stm32l4xx_hal.o
    0x08001a3c   0x08001a3c   0x0000001a   Code   RO          260    .text.HAL_IncTick   stm32l4xx_hal.o
    0x08001a56   0x08001a56   0x00000002   PAD
    0x08001a58   0x08001a58   0x0000001e   Code   RO          250    .text.HAL_Init      stm32l4xx_hal.o
    0x08001a76   0x08001a76   0x00000002   PAD
    0x08001a78   0x08001a78   0x0000004c   Code   RO          252    .text.HAL_InitTick  stm32l4xx_hal.o
    0x08001ac4   0x08001ac4   0x00000032   Code   RO          116    .text.HAL_MspInit   stm32l4xx_hal_msp.o
    0x08001af6   0x08001af6   0x00000002   PAD
    0x08001af8   0x08001af8   0x00000026   Code   RO          857    .text.HAL_NVIC_EnableIRQ  stm32l4xx_hal_cortex.o
    0x08001b1e   0x08001b1e   0x00000002   PAD
    0x08001b20   0x08001b20   0x00000056   Code   RO          855    .text.HAL_NVIC_SetPriority  stm32l4xx_hal_cortex.o
    0x08001b76   0x08001b76   0x00000002   PAD
    0x08001b78   0x08001b78   0x00000020   Code   RO          853    .text.HAL_NVIC_SetPriorityGrouping  stm32l4xx_hal_cortex.o
    0x08001b98   0x08001b98   0x00000026   Code   RO         1170    .text.HAL_PCDEx_ActivateLPM  stm32l4xx_hal_pcd_ex.o
    0x08001bbe   0x08001bbe   0x00000002   PAD
    0x08001bc0   0x08001bc0   0x0000014c   Code   RO         1092    .text.HAL_PCD_Init  stm32l4xx_hal_pcd.o
    0x08001d0c   0x08001d0c   0x000000a4   Code   RO           76    .text.HAL_PCD_MspInit  usb_otg.o
    0x08001db0   0x08001db0   0x0000008c   Code   RO          769    .text.HAL_PWREx_ControlVoltageScaling  stm32l4xx_hal_pwr_ex.o
    0x08001e3c   0x08001e3c   0x00000012   Code   RO          779    .text.HAL_PWREx_EnableVddIO2  stm32l4xx_hal_pwr_ex.o
    0x08001e4e   0x08001e4e   0x00000002   PAD
    0x08001e50   0x08001e50   0x00000012   Code   RO          775    .text.HAL_PWREx_EnableVddUSB  stm32l4xx_hal_pwr_ex.o
    0x08001e62   0x08001e62   0x00000002   PAD
    0x08001e64   0x08001e64   0x00000010   Code   RO          767    .text.HAL_PWREx_GetVoltageRange  stm32l4xx_hal_pwr_ex.o
    0x08001e74   0x08001e74   0x00000012   Code   RO          729    .text.HAL_PWR_EnableBkUpAccess  stm32l4xx_hal_pwr.o
    0x08001e86   0x08001e86   0x00000002   PAD
    0x08001e88   0x08001e88   0x00000012   Code   RO          576    .text.HAL_RCCEx_EnableMSIPLLMode  stm32l4xx_hal_rcc_ex.o
    0x08001e9a   0x08001e9a   0x00000002   PAD
    0x08001e9c   0x08001e9c   0x000003f8   Code   RO          538    .text.HAL_RCCEx_PeriphCLKConfig  stm32l4xx_hal_rcc_ex.o
    0x08002294   0x08002294   0x0000027a   Code   RO          508    .text.HAL_RCC_ClockConfig  stm32l4xx_hal_rcc.o
    0x0800250e   0x0800250e   0x00000002   PAD
    0x08002510   0x08002510   0x0000002a   Code   RO          514    .text.HAL_RCC_GetPCLK1Freq  stm32l4xx_hal_rcc.o
    0x0800253a   0x0800253a   0x00000002   PAD
    0x0800253c   0x0800253c   0x0000002a   Code   RO          516    .text.HAL_RCC_GetPCLK2Freq  stm32l4xx_hal_rcc.o
    0x08002566   0x08002566   0x00000002   PAD
    0x08002568   0x08002568   0x000000c2   Code   RO          506    .text.HAL_RCC_GetSysClockFreq  stm32l4xx_hal_rcc.o
    0x0800262a   0x0800262a   0x00000002   PAD
    0x0800262c   0x0800262c   0x000007d8   Code   RO          504    .text.HAL_RCC_OscConfig  stm32l4xx_hal_rcc.o
    0x08002e04   0x08002e04   0x0000002c   Code   RO          865    .text.HAL_SYSTICK_Config  stm32l4xx_hal_cortex.o
    0x08002e30   0x08002e30   0x000000c2   Code   RO          925    .text.HAL_UART_Init  stm32l4xx_hal_uart.o
    0x08002ef2   0x08002ef2   0x00000002   PAD
    0x08002ef4   0x08002ef4   0x0000008e   Code   RO           61    .text.HAL_UART_MspInit  usart.o
    0x08002f82   0x08002f82   0x00000002   PAD
    0x08002f84   0x08002f84   0x000000d4   Code   RO          945    .text.HAL_UART_Transmit  stm32l4xx_hal_uart.o
    0x08003058   0x08003058   0x00000002   Code   RO           91    .text.HardFault_Handler  stm32l4xx_it.o
    0x0800305a   0x0800305a   0x00000002   PAD
    0x0800305c   0x0800305c   0x000000a6   Code   RO           44    .text.MX_ADC1_Init  adc.o
    0x08003102   0x08003102   0x00000002   PAD
    0x08003104   0x08003104   0x000000f2   Code   RO           35    .text.MX_GPIO_Init  gpio.o
    0x080031f6   0x080031f6   0x00000002   PAD
    0x080031f8   0x080031f8   0x0000003e   Code   RO           59    .text.MX_LPUART1_UART_Init  usart.o
    0x08003236   0x08003236   0x00000002   PAD
    0x08003238   0x08003238   0x0000003e   Code   RO           74    .text.MX_USB_OTG_FS_PCD_Init  usb_otg.o
    0x08003276   0x08003276   0x00000002   PAD
    0x08003278   0x08003278   0x00000002   Code   RO           93    .text.MemManage_Handler  stm32l4xx_it.o
    0x0800327a   0x0800327a   0x00000002   PAD
    0x0800327c   0x0800327c   0x00000002   Code   RO           89    .text.NMI_Handler   stm32l4xx_it.o
    0x0800327e   0x0800327e   0x00000002   PAD
    0x08003280   0x08003280   0x00000002   Code   RO          103    .text.PendSV_Handler  stm32l4xx_it.o
    0x08003282   0x08003282   0x00000002   PAD
    0x08003284   0x08003284   0x0000016a   Code   RO          540    .text.RCCEx_PLLSAI1_Config  stm32l4xx_hal_rcc_ex.o
    0x080033ee   0x080033ee   0x00000002   PAD
    0x080033f0   0x080033f0   0x0000013e   Code   RO          542    .text.RCCEx_PLLSAI2_Config  stm32l4xx_hal_rcc_ex.o
    0x0800352e   0x0800352e   0x00000002   PAD
    0x08003530   0x08003530   0x00000002   Code   RO           99    .text.SVC_Handler   stm32l4xx_it.o
    0x08003532   0x08003532   0x00000002   PAD
    0x08003534   0x08003534   0x00000004   Code   RO          105    .text.SysTick_Handler  stm32l4xx_it.o
    0x08003538   0x08003538   0x000000ac   Code   RO           15    .text.SystemClock_Config  main.o
    0x080035e4   0x080035e4   0x00000012   Code   RO         1296    .text.SystemInit    system_stm32l4xx.o
    0x080035f6   0x080035f6   0x00000002   PAD
    0x080035f8   0x080035f8   0x000000e8   Code   RO          931    .text.UART_AdvFeatureConfig  stm32l4xx_hal_uart.o
    0x080036e0   0x080036e0   0x00000268   Code   RO          929    .text.UART_SetConfig  stm32l4xx_hal_uart.o
    0x08003948   0x08003948   0x0000020e   Code   RO          947    .text.UART_WaitOnFlagUntilTimeout  stm32l4xx_hal_uart.o
    0x08003b56   0x08003b56   0x00000002   PAD
    0x08003b58   0x08003b58   0x000000fa   Code   RO         1192    .text.USB_CoreInit  stm32l4xx_ll_usb.o
    0x08003c52   0x08003c52   0x00000002   PAD
    0x08003c54   0x08003c54   0x0000001e   Code   RO         1242    .text.USB_DevDisconnect  stm32l4xx_ll_usb.o
    0x08003c72   0x08003c72   0x00000002   PAD
    0x08003c74   0x08003c74   0x0000046e   Code   RO         1204    .text.USB_DevInit   stm32l4xx_ll_usb.o
    0x080040e2   0x080040e2   0x00000002   PAD
    0x080040e4   0x080040e4   0x0000000e   Code   RO         1198    .text.USB_DisableGlobalInt  stm32l4xx_ll_usb.o
    0x080040f2   0x080040f2   0x00000002   PAD
    0x080040f4   0x080040f4   0x00000064   Code   RO         1200    .text.USB_SetCurrentMode  stm32l4xx_ll_usb.o
    0x08004158   0x08004158   0x00000002   Code   RO           97    .text.UsageFault_Handler  stm32l4xx_it.o
    0x0800415a   0x0800415a   0x00000002   PAD
    0x0800415c   0x0800415c   0x00000020   Code   RO           11    .text.fputc         main.o
    0x0800417c   0x0800417c   0x00000004   PAD
    0x08004180   0x08004180   0x00000260   Code   RO           13    .text.main          main.o
    0x080043e0   0x080043e0   0x00000020   Code   RO         1555    i.__0printf         mc_w.l(printfa.o)
    0x08004400   0x08004400   0x0000000e   Code   RO         1640    i.__scatterload_copy  mc_w.l(handlers.o)
    0x0800440e   0x0800440e   0x00000002   Code   RO         1641    i.__scatterload_null  mc_w.l(handlers.o)
    0x08004410   0x08004410   0x0000000e   Code   RO         1642    i.__scatterload_zeroinit  mc_w.l(handlers.o)
    0x0800441e   0x0800441e   0x00000002   PAD
    0x08004420   0x08004420   0x0000018a   Code   RO         1562    i._fp_digits        mc_w.l(printfa.o)
    0x080045aa   0x080045aa   0x00000002   PAD
    0x080045ac   0x080045ac   0x000006e2   Code   RO         1563    i._printf_core      mc_w.l(printfa.o)
    0x08004c8e   0x08004c8e   0x00000024   Code   RO         1564    i._printf_post_padding  mc_w.l(printfa.o)
    0x08004cb2   0x08004cb2   0x0000002e   Code   RO         1565    i._printf_pre_padding  mc_w.l(printfa.o)
    0x08004ce0   0x08004ce0   0x00000024   Code   RO         1314    i.puts              mc_w.l(puts.o)
    0x08004d04   0x08004d04   0x00000010   Data   RO         1301    .rodata.AHBPrescTable  system_stm32l4xx.o
    0x08004d14   0x08004d14   0x00000008   Data   RO         1302    .rodata.APBPrescTable  system_stm32l4xx.o
    0x08004d1c   0x08004d1c   0x00000030   Data   RO         1303    .rodata.MSIRangeTable  system_stm32l4xx.o
    0x08004d4c   0x08004d4c   0x00000010   Data   RO         1051    .rodata.cst16       stm32l4xx_hal_uart.o
    0x08004d5c   0x08004d5c   0x00000020   Data   RO         1639    Region$$Table       anon$$obj.o


    Execution Region RW_IRAM2 (Exec base: 0x10000000, Load base: 0x08004d90, Size: 0x00000000, Max: 0x00010000, ABSOLUTE)

    **** No section assigned to this execution region ****


    Execution Region RW_IRAM1 (Exec base: 0x20000000, Load base: 0x08004d80, Size: 0x00000a18, Max: 0x00040000, ABSOLUTE)

    Exec Addr    Load Addr    Size         Type   Attr      Idx    E Section Name        Object

    0x20000000   0x08004d80   0x00000004   Data   RW         1605    .data               mc_w.l(stdout.o)
    0x20000004   0x08004d84   0x00000008   Data   RW          321    .data..L_MergedGlobals  stm32l4xx_hal.o
    0x2000000c   0x08004d8c   0x00000004   Data   RW         1300    .data.SystemCoreClock  system_stm32l4xx.o
    0x20000010        -       0x0000000c   Zero   RW           26    .bss..L_MergedGlobals  main.o
    0x2000001c        -       0x00000068   Zero   RW           50    .bss.hadc1          adc.o
    0x20000084        -       0x00000084   Zero   RW           65    .bss.hlpuart1       usart.o
    0x20000108        -       0x0000050c   Zero   RW           80    .bss.hpcd_USB_OTG_FS  usb_otg.o
    0x20000614        -       0x00000004   Zero   RW          320    .bss.uwTick         stm32l4xx_hal.o
    0x20000618        -       0x00000400   Zero   RW            1    STACK               startup_stm32l496xx.o


==============================================================================

Image component sizes


      Code (inc. data)   RO Data    RW Data    ZI Data      Debug   Object Name

       282          0          0          0        104       8009   adc.o
       242          0          0          0          0       2436   gpio.o
       874        104          0          0         12      10021   main.o
        36          8        428          0       1024        844   startup_stm32l496xx.o
       184          0          0          8          4       9074   stm32l4xx_hal.o
      3434         16          0          0          0      27377   stm32l4xx_hal_adc.o
       430          0          0          0          0      21658   stm32l4xx_hal_adc_ex.o
       200          0          0          0          0      10697   stm32l4xx_hal_cortex.o
       454          0          0          0          0       5269   stm32l4xx_hal_gpio.o
        50          0          0          0          0       1612   stm32l4xx_hal_msp.o
       332          0          0          0          0      15973   stm32l4xx_hal_pcd.o
        38          0          0          0          0       6265   stm32l4xx_hal_pcd_ex.o
        18          0          0          0          0       5557   stm32l4xx_hal_pwr.o
       192          0          0          0          0      10064   stm32l4xx_hal_pwr_ex.o
      2920          0          0          0          0      12225   stm32l4xx_hal_rcc.o
      1714          8          0          0          0      16993   stm32l4xx_hal_rcc_ex.o
      1780         48         16          0          0      35511   stm32l4xx_hal_uart.o
        32          0          0          0          0       4467   stm32l4xx_it.o
      1528          0          0          0          0      30748   stm32l4xx_ll_usb.o
        18          0         72          4          0       2996   system_stm32l4xx.o
       204          0          0          0        132       6588   usart.o
       226          0          0          0       1292       5462   usb_otg.o

    ----------------------------------------------------------------------
     15292        184        548         12       2568     249846   Object Totals
         0          0         32          0          0          0   (incl. Generated)
       104          0          0          0          0          0   (incl. Padding)

    ----------------------------------------------------------------------

      Code (inc. data)   RO Data    RW Data    ZI Data      Debug   Library Member Name

         0          0          0          0          0          0   entry.o
         0          0          0          0          0          0   entry10a.o
         0          0          0          0          0          0   entry11a.o
         8          4          0          0          0          0   entry2.o
         4          0          0          0          0          0   entry5.o
         0          0          0          0          0          0   entry7b.o
         0          0          0          0          0          0   entry8b.o
         8          4          0          0          0          0   entry9a.o
        30          0          0          0          0          0   handlers.o
        36          8          0          0          0         68   init.o
         0          0          0          0          0          0   iusefp.o
        30          0          0          0          0         68   llshl.o
        36          0          0          0          0         68   llsshr.o
        32          0          0          0          0         68   llushr.o
        36          0          0          0          0        108   memseta.o
      2270         90          0          0          0        452   printfa.o
        36          6          0          0          0         80   puts.o
         0          0          0          4          0          0   stdout.o
        44          0          0          0          0         80   uidiv.o
       104          0          0          0          0         92   uldiv.o
        48          0          0          0          0         68   cdrcmple.o
        56          0          0          0          0         88   d2f.o
       350          0          0          0          0        148   dadd.o
       222          0          0          0          0        100   ddiv.o
       186          0          0          0          0        176   depilogue.o
        48          0          0          0          0         68   dfixul.o
        26          0          0          0          0         76   dfltui.o
       234          0          0          0          0         96   dmul.o
        38          0          0          0          0         68   f2d.o
       110          0          0          0          0        168   fepilogue.o

    ----------------------------------------------------------------------
      3996        112          0          4          0       2140   Library Totals
         4          0          0          0          0          0   (incl. Padding)

    ----------------------------------------------------------------------

      Code (inc. data)   RO Data    RW Data    ZI Data      Debug   Library Name

      2674        112          0          4          0       1084   mc_w.l
      1318          0          0          0          0       1056   mf_w.l

    ----------------------------------------------------------------------
      3996        112          0          4          0       2140   Library Totals

    ----------------------------------------------------------------------

==============================================================================


      Code (inc. data)   RO Data    RW Data    ZI Data      Debug   

     19288        296        548         16       2568     250750   Grand Totals
     19288        296        548         16       2568     250750   ELF Image Totals
     19288        296        548         16          0          0   ROM Totals

==============================================================================

    Total RO  Size (Code + RO Data)                19836 (  19.37kB)
    Total RW  Size (RW Data + ZI Data)              2584 (   2.52kB)
    Total ROM Size (Code + RO Data + RW Data)      19852 (  19.39kB)

==============================================================================

