<html>
<body>
<pre>
<h1>µVision Build Log</h1>
<h2>Tool Versions:</h2>
IDE-Version: ¦ÌVision V5.38.0.0
Copyright (C) 2022 ARM Ltd and ARM Germany GmbH. All rights reserved.
License Information: ZW L, SJTU, LIC=Q7GU5-GKDJN-RFHIZ-J0EE1-GN90F-AYAIW
 
Tool Versions:
Toolchain:       MDK-ARM Professional  Version: 5.38.0.0
Toolchain Path:  E:\Keil_v5\ARM\ARMCLANG\Bin
C Compiler:      ArmClang.exe V6.19
Assembler:       Armasm.exe V6.19
Linker/Locator:  ArmLink.exe V6.19
Library Manager: ArmAr.exe V6.19
Hex Converter:   FromElf.exe V6.19
CPU DLL:         SARMCM3.DLL V5.38.0.0
Dialog DLL:      DCM.DLL V1.17.5.0
Target DLL:      Segger\JL2CM3.dll V2.99.42.0
Dialog DLL:      TCM.DLL V1.56.4.0
 
<h2>Project:</h2>
F:\Courses\SJTU\2023Spring\DetectionMethodology\dm_oled01\MDK-ARM\dm_oled01.uvprojx
Project File Date:  04/28/2023

<h2>Output:</h2>
*** Using Compiler 'V6.19', folder: 'E:\Keil_v5\ARM\ARMCLANG\Bin'
Rebuild target 'dm_oled01'
assembling startup_stm32l496xx.s...
compiling usb_otg.c...
compiling spi.c...
compiling gpio.c...
compiling usart.c...
../Core/Src/main.c(113): warning: passing 'char[14]' to parameter of type 'unsigned char *' converts between pointers to integer types where one is of the unique plain 'char' type and the other is not [-Wpointer-sign]
                OLED_ShowString(8,16,"ZHONGJINGYUAN",16);
                                     ^~~~~~~~~~~~~~~
../Core/Inc\oled.h(59): note: passing argument to parameter 'chr' here
void OLED_ShowString(u8 x,u8 y,u8 *chr,u8 size1);
                                   ^
../Core/Src/main.c(114): warning: passing 'char[11]' to parameter of type 'unsigned char *' converts between pointers to integer types where one is of the unique plain 'char' type and the other is not [-Wpointer-sign]
                OLED_ShowString(20,32,"2014/05/01",16);
                                      ^~~~~~~~~~~~
../Core/Inc\oled.h(59): note: passing argument to parameter 'chr' here
void OLED_ShowString(u8 x,u8 y,u8 *chr,u8 size1);
                                   ^
../Core/Src/main.c(115): warning: passing 'char[7]' to parameter of type 'unsigned char *' converts between pointers to integer types where one is of the unique plain 'char' type and the other is not [-Wpointer-sign]
                OLED_ShowString(0,48,"ASCII:",16);  
                                     ^~~~~~~~
../Core/Inc\oled.h(59): note: passing argument to parameter 'chr' here
void OLED_ShowString(u8 x,u8 y,u8 *chr,u8 size1);
                                   ^
../Core/Src/main.c(116): warning: passing 'char[6]' to parameter of type 'unsigned char *' converts between pointers to integer types where one is of the unique plain 'char' type and the other is not [-Wpointer-sign]
                OLED_ShowString(63,48,"CODE:",16);
                                      ^~~~~~~
../Core/Inc\oled.h(59): note: passing argument to parameter 'chr' here
void OLED_ShowString(u8 x,u8 y,u8 *chr,u8 size1);
                                   ^
../Core/Src/main.c(131): warning: passing 'char[4]' to parameter of type 'unsigned char *' converts between pointers to integer types where one is of the unique plain 'char' type and the other is not [-Wpointer-sign]
                OLED_ShowString(0,0,"ABC",12);//6*12 <A1><B0>ABC<A1><B1>
                                    ^~~~~
../Core/Inc\oled.h(59): note: passing argument to parameter 'chr' here
void OLED_ShowString(u8 x,u8 y,u8 *chr,u8 size1);
                                   ^
../Core/Src/main.c(132): warning: passing 'char[4]' to parameter of type 'unsigned char *' converts between pointers to integer types where one is of the unique plain 'char' type and the other is not [-Wpointer-sign]
          OLED_ShowString(0,12,"ABC",16);//8*16 <A1><B0>ABC<A1><B1>
                               ^~~~~
../Core/Inc\oled.h(59): note: passing argument to parameter 'chr' here
void OLED_ShowString(u8 x,u8 y,u8 *chr,u8 size1);
                                   ^
../Core/Src/main.c(133): warning: passing 'char[4]' to parameter of type 'unsigned char *' converts between pointers to integer types where one is of the unique plain 'char' type and the other is not [-Wpointer-sign]
                OLED_ShowString(0,28,"ABC",24);//12*24 <A1><B0>ABC<A1><B1>
                                     ^~~~~
../Core/Inc\oled.h(59): note: passing argument to parameter 'chr' here
void OLED_ShowString(u8 x,u8 y,u8 *chr,u8 size1);
                                   ^
7 warnings generated.
compiling main.c...
compiling stm32l4xx_it.c...
compiling stm32l4xx_hal_msp.c...
compiling stm32l4xx_hal.c...
compiling stm32l4xx_hal_uart_ex.c...
compiling stm32l4xx_hal_i2c_ex.c...
compiling oled.c...
compiling stm32l4xx_hal_rcc.c...
compiling stm32l4xx_hal_flash.c...
compiling stm32l4xx_hal_uart.c...
compiling stm32l4xx_hal_rcc_ex.c...
compiling stm32l4xx_hal_flash_ramfunc.c...
compiling stm32l4xx_hal_flash_ex.c...
compiling stm32l4xx_hal_gpio.c...
compiling stm32l4xx_hal_dma_ex.c...
compiling stm32l4xx_hal_dma.c...
compiling stm32l4xx_hal_pwr.c...
compiling stm32l4xx_hal_cortex.c...
compiling stm32l4xx_hal_pwr_ex.c...
compiling stm32l4xx_hal_exti.c...
compiling stm32l4xx_hal_tim.c...
compiling stm32l4xx_hal_spi_ex.c...
compiling stm32l4xx_hal_tim_ex.c...
compiling stm32l4xx_hal_i2c.c...
compiling stm32l4xx_hal_pcd_ex.c...
compiling system_stm32l4xx.c...
compiling stm32l4xx_hal_pcd.c...
compiling stm32l4xx_hal_spi.c...
compiling stm32l4xx_ll_usb.c...
linking...
Program Size: Code=17522 RO-data=6634 RW-data=6212 ZI-data=3708  
FromELF: creating hex file...
"dm_oled01\dm_oled01.axf" - 0 Error(s), 7 Warning(s).

<h2>Software Packages used:</h2>

Package Vendor: ARM
                http://www.keil.com/pack/ARM.CMSIS.5.9.0.pack
                ARM.CMSIS.5.9.0
                CMSIS (Common Microcontroller Software Interface Standard)
   * Component: CORE Version: 5.6.0

Package Vendor: Keil
                http://www.keil.com/pack/Keil.STM32L4xx_DFP.2.6.1.pack
                Keil.STM32L4xx_DFP.2.6.1
                STMicroelectronics STM32L4 Series Device Support, Drivers and Examples

<h2>Collection of Component include folders:</h2>
  ./RTE/_dm_oled01
  E:/Arm/Packs/ARM/CMSIS/5.9.0/CMSIS/Core/Include
  E:/Arm/Packs/Keil/STM32L4xx_DFP/2.6.1/Drivers/CMSIS/Device/ST/STM32L4xx/Include

<h2>Collection of Component Files used:</h2>

   * Component: ARM::CMSIS:CORE:5.6.0
      Include file:  CMSIS/Core/Include/tz_context.h
Build Time Elapsed:  00:00:03
</pre>
</body>
</html>
