<html>
<body>
<pre>
<h1>µVision Build Log</h1>
<h2>Tool Versions:</h2>
IDE-Version: ¦ÌVision V5.38.0.0
Copyright (C) 2022 ARM Ltd and ARM Germany GmbH. All rights reserved.
License Information: ZW L, SJTU, LIC=Q7GU5-GKDJN-RFHIZ-J0EE1-GN90F-AYAIW
 
Tool Versions:
Toolchain:       MDK-ARM Professional  Version: 5.38.0.0
Toolchain Path:  E:\Keil_v5\ARM\ARMCC\Bin
C Compiler:      Armcc.exe V5.06 update 7 (build 960)
Assembler:       Armasm.exe V5.06 update 7 (build 960)
Linker/Locator:  ArmLink.exe V5.06 update 7 (build 960)
Library Manager: ArmAr.exe V5.06 update 7 (build 960)
Hex Converter:   FromElf.exe V5.06 update 7 (build 960)
CPU DLL:         SARM.DLL V5.38.0.0
Dialog DLL:      DARMP.DLL V1.54.1.0
Target DLL:      Segger\JLTAgdi.dll V1.61.0.0
Dialog DLL:      TARMP.DLL V1.54.1.0
 
<h2>Project:</h2>
F:\myprograms\2023fall\insdesign\prjs\dLCD\Demo\Demo.uvproj
Project File Date:  09/21/2023

<h2>Output:</h2>
*** Using Compiler 'V5.06 update 7 (build 960)', folder: 'E:\Keil_v5\ARM\ARMCC\Bin'
Rebuild target 'Target 1'
assembling Startup.s...
compiling main.c...
compiling myI2C.c...
compiling myLCD.c...
linking...
Program Size: Code=2068 RO-data=1040 RW-data=0 ZI-data=1256  
FromELF: creating hex file...
".\Objects\Demo.axf" - 0 Error(s), 0 Warning(s).
Build Time Elapsed:  00:00:00
</pre>
</body>
</html>
