###############################################################################
#
# IAR ELF Linker V7.80.3.12102/W32 for ARM                27/Mar/2023  22:19:25
# Copyright 2007-2016 IAR Systems AB.
#
#    Output file  =  
#        F:\Courses\SJTU\2023Spring\SensorDesign\IARprjs\ccm01\EWARM\ccm01\Exe\ccm01.out
#    Map file     =  
#        F:\Courses\SJTU\2023Spring\SensorDesign\IARprjs\ccm01\EWARM\ccm01\List\ccm01.map
#    Command line =  
#        F:\Courses\SJTU\2023Spring\SensorDesign\IARprjs\ccm01\EWARM\ccm01\Obj\adc.o
#        F:\Courses\SJTU\2023Spring\SensorDesign\IARprjs\ccm01\EWARM\ccm01\Obj\gpio.o
#        F:\Courses\SJTU\2023Spring\SensorDesign\IARprjs\ccm01\EWARM\ccm01\Obj\main.o
#        F:\Courses\SJTU\2023Spring\SensorDesign\IARprjs\ccm01\EWARM\ccm01\Obj\startup_stm32l053xx.o
#        F:\Courses\SJTU\2023Spring\SensorDesign\IARprjs\ccm01\EWARM\ccm01\Obj\stm32l0xx_hal.o
#        F:\Courses\SJTU\2023Spring\SensorDesign\IARprjs\ccm01\EWARM\ccm01\Obj\stm32l0xx_hal_adc.o
#        F:\Courses\SJTU\2023Spring\SensorDesign\IARprjs\ccm01\EWARM\ccm01\Obj\stm32l0xx_hal_adc_ex.o
#        F:\Courses\SJTU\2023Spring\SensorDesign\IARprjs\ccm01\EWARM\ccm01\Obj\stm32l0xx_hal_cortex.o
#        F:\Courses\SJTU\2023Spring\SensorDesign\IARprjs\ccm01\EWARM\ccm01\Obj\stm32l0xx_hal_dma.o
#        F:\Courses\SJTU\2023Spring\SensorDesign\IARprjs\ccm01\EWARM\ccm01\Obj\stm32l0xx_hal_exti.o
#        F:\Courses\SJTU\2023Spring\SensorDesign\IARprjs\ccm01\EWARM\ccm01\Obj\stm32l0xx_hal_flash.o
#        F:\Courses\SJTU\2023Spring\SensorDesign\IARprjs\ccm01\EWARM\ccm01\Obj\stm32l0xx_hal_flash_ex.o
#        F:\Courses\SJTU\2023Spring\SensorDesign\IARprjs\ccm01\EWARM\ccm01\Obj\stm32l0xx_hal_flash_ramfunc.o
#        F:\Courses\SJTU\2023Spring\SensorDesign\IARprjs\ccm01\EWARM\ccm01\Obj\stm32l0xx_hal_gpio.o
#        F:\Courses\SJTU\2023Spring\SensorDesign\IARprjs\ccm01\EWARM\ccm01\Obj\stm32l0xx_hal_i2c.o
#        F:\Courses\SJTU\2023Spring\SensorDesign\IARprjs\ccm01\EWARM\ccm01\Obj\stm32l0xx_hal_i2c_ex.o
#        F:\Courses\SJTU\2023Spring\SensorDesign\IARprjs\ccm01\EWARM\ccm01\Obj\stm32l0xx_hal_msp.o
#        F:\Courses\SJTU\2023Spring\SensorDesign\IARprjs\ccm01\EWARM\ccm01\Obj\stm32l0xx_hal_pwr.o
#        F:\Courses\SJTU\2023Spring\SensorDesign\IARprjs\ccm01\EWARM\ccm01\Obj\stm32l0xx_hal_pwr_ex.o
#        F:\Courses\SJTU\2023Spring\SensorDesign\IARprjs\ccm01\EWARM\ccm01\Obj\stm32l0xx_hal_rcc.o
#        F:\Courses\SJTU\2023Spring\SensorDesign\IARprjs\ccm01\EWARM\ccm01\Obj\stm32l0xx_hal_rcc_ex.o
#        F:\Courses\SJTU\2023Spring\SensorDesign\IARprjs\ccm01\EWARM\ccm01\Obj\stm32l0xx_hal_tim.o
#        F:\Courses\SJTU\2023Spring\SensorDesign\IARprjs\ccm01\EWARM\ccm01\Obj\stm32l0xx_hal_tim_ex.o
#        F:\Courses\SJTU\2023Spring\SensorDesign\IARprjs\ccm01\EWARM\ccm01\Obj\stm32l0xx_hal_uart.o
#        F:\Courses\SJTU\2023Spring\SensorDesign\IARprjs\ccm01\EWARM\ccm01\Obj\stm32l0xx_hal_uart_ex.o
#        F:\Courses\SJTU\2023Spring\SensorDesign\IARprjs\ccm01\EWARM\ccm01\Obj\stm32l0xx_it.o
#        F:\Courses\SJTU\2023Spring\SensorDesign\IARprjs\ccm01\EWARM\ccm01\Obj\system_stm32l0xx.o
#        F:\Courses\SJTU\2023Spring\SensorDesign\IARprjs\ccm01\EWARM\ccm01\Obj\usart.o
#        --redirect _Printf=_PrintfFull --redirect _Scanf=_ScanfFull -o
#        F:\Courses\SJTU\2023Spring\SensorDesign\IARprjs\ccm01\EWARM\ccm01\Exe\ccm01.out
#        --map
#        F:\Courses\SJTU\2023Spring\SensorDesign\IARprjs\ccm01\EWARM\ccm01\List\ccm01.map
#        --config
#        F:\Courses\SJTU\2023Spring\SensorDesign\IARprjs\ccm01\EWARM/stm32l053xx_flash.icf
#        --semihosting --entry __iar_program_start --vfe
#
###############################################################################

*******************************************************************************
*** RUNTIME MODEL ATTRIBUTES
***

CppFlavor                     = *
__Heap_Handler                = Basic
__SystemLibrary               = DLib
__dlib_dynamic_initialization = normal


*******************************************************************************
*** PLACEMENT SUMMARY
***

"A0":  place at 0x08000000 { ro section .intvec };
"P1":  place in [from 0x08000000 to 0x0800ffff] { ro };
"P2":  place in [from 0x20000000 to 0x20001fff] { rw, block CSTACK, block HEAP };
initialize by copy { rw };

  Section             Kind        Address    Size  Object
  -------             ----        -------    ----  ------
"A0":                                        0xc0
  .intvec             ro code  0x08000000    0xc0  startup_stm32l053xx.o [1]
                             - 0x080000c0    0xc0

"P1":                                      0x406f
  .text               ro code  0x080000c0  0x12ca  xprintffull.o [3]
  .text               ro code  0x0800138a    0x1c  xmbtowc.o [3]
  .text               ro code  0x080013a6    0x14  strchr.o [5]
  .text               ro code  0x080013ba    0x10  strlen.o [5]
  .text               ro code  0x080013ca    0x18  memchr.o [5]
  .text               ro code  0x080013e2     0xa  xmbcurmax.o [3]
  .text               ro code  0x080013ec    0xb8  xxmemxmalloc.o [3]
  .text               ro code  0x080014a4    0x18  xwctomb.o [3]
  .text               ro code  0x080014bc    0x5c  ABImemcpy.o [5]
  .text               ro code  0x08001518    0x88  xxmemxfree.o [3]
  .text               ro code  0x080015a0    0x6a  I64DivMod.o [5]
  .text               ro code  0x0800160a    0x32  DblCmpLe.o [4]
  .text               ro code  0x0800163c    0x32  DblCmpGe.o [4]
  .text               ro code  0x0800166e     0x2  startup_stm32l053xx.o [1]
  .text               ro code  0x08001670    0x80  xdscale.o [4]
  .text               ro code  0x080016f0    0x52  DblToI32.o [4]
  .text               ro code  0x08001742     0x2  startup_stm32l053xx.o [1]
  .text               ro code  0x08001744    0x34  I32ToDbl.o [4]
  .text               ro code  0x08001778   0x1a8  DblAddSub.o [4]
  .text               ro code  0x08001920    0xe0  I32DivModFast.o [5]
  .text               ro code  0x08001a00   0x184  DblMul.o [4]
  .text               ro code  0x08001b84    0xc2  DblDiv.o [4]
  .text               ro code  0x08001c46     0x2  startup_stm32l053xx.o [1]
  .text               ro code  0x08001c48    0x68  localeconv.o [3]
  .text               ro code  0x08001cb0    0x20  div.o [3]
  .text               ro code  0x08001cd0    0x14  setlocale.o [3]
  .text               ro code  0x08001ce4    0x50  xencoding_sb.o [3]
  .text               ro code  0x08001d34    0x2c  xgetmemchunk.o [3]
  .text               ro code  0x08001d60     0x2  I64DivZer.o [5]
  .text               ro code  0x08001d62     0x2  startup_stm32l053xx.o [1]
  .text               ro code  0x08001d64     0x2  IntDivZer.o [5]
  .text               ro code  0x08001d66     0x2  xtls.o [3]
  .text               ro code  0x08001d68   0x8a8  stm32l0xx_hal_uart.o [1]
  .text               ro code  0x08002610    0xa0  usart.o [1]
  .text               ro code  0x080026b0     0xc  stm32l0xx_hal.o [1]
  .text               ro code  0x080026bc    0x92  stm32l0xx_hal_dma.o [1]
  .text               ro code  0x0800274e     0x2  stm32l0xx_hal_uart.o [1]
  .text               ro code  0x08002750     0x2  stm32l0xx_hal_uart.o [1]
  .text               ro code  0x08002752     0x2  startup_stm32l053xx.o [1]
  .text               ro code  0x08002754     0x2  stm32l0xx_hal_uart_ex.o [1]
  .text               ro code  0x08002756     0x2  stm32l0xx_hal_uart.o [1]
  .text               ro code  0x08002758   0x6e4  stm32l0xx_hal_rcc.o [1]
  .text               ro code  0x08002e3c   0x1f8  main.o [1]
  .text               ro code  0x08003034    0x34  ABImemset.o [5]
  .text               ro code  0x08003068   0x1e4  stm32l0xx_hal_gpio.o [1]
  .text               ro code  0x0800324c    0x88  stm32l0xx_hal_cortex.o [1]
  .text               ro code  0x080032d4    0x44  stm32l0xx_hal.o [1]
  .text               ro code  0x08003318    0x32  I64Mul.o [5]
  .text               ro code  0x0800334a     0x2  startup_stm32l053xx.o [1]
  .text               ro code  0x0800334c    0x28  stm32l0xx_hal.o [1]
  .text               ro code  0x08003374    0xbc  gpio.o [1]
  .text               ro code  0x08003430    0xe8  adc.o [1]
  .text               ro code  0x08003518    0x24  printf.o [3]
  .text               ro code  0x0800353c    0xb8  stm32l0xx_hal_adc_ex.o [1]
  .text               ro code  0x080035f4   0x498  stm32l0xx_hal_adc.o [1]
  .text               ro code  0x08003a8c    0x62  DblToFlt.o [4]
  .text               ro code  0x08003aee   0x116  FltAddSub.o [4]
  .text               ro code  0x08003c04    0xaa  FltDiv.o [4]
  .text               ro code  0x08003cae     0x2  startup_stm32l053xx.o [1]
  .text               ro code  0x08003cb0    0x32  FltToDbl.o [4]
  .text               ro code  0x08003ce2     0x2  startup_stm32l053xx.o [1]
  .text               ro code  0x08003ce4    0x28  stm32l0xx_hal.o [1]
  .text               ro code  0x08003d0c   0x1d8  stm32l0xx_hal_rcc_ex.o [1]
  .text               ro code  0x08003ee4    0x1c  stm32l0xx_hal_msp.o [1]
  .text               ro code  0x08003f00     0x2  stm32l0xx_hal_adc.o [1]
  .text               ro code  0x08003f02     0x2  stm32l0xx_hal_adc.o [1]
  .text               ro code  0x08003f04    0x3c  zero_init3.o [5]
  .text               ro code  0x08003f40    0x3c  packbits_init_single.o [5]
  .text               ro code  0x08003f7c    0x2c  stm32l0xx_it.o [1]
  .text               ro code  0x08003fa8    0x10  stm32l0xx_hal.o [1]
  .rodata             const    0x08003fb8    0x28  xprintffull.o [3]
  .text               ro code  0x08003fe0    0x28  data_init.o [5]
  .iar.init_table     const    0x08004008    0x20  - Linker created -
  .text               ro code  0x08004028    0x20  system_stm32l0xx.o [1]
  .text               ro code  0x08004048    0x1a  cmain.o [5]
  .text               ro code  0x08004062     0x4  low_level_init.o [3]
  .text               ro code  0x08004066     0x8  exit.o [3]
  .text               ro code  0x0800406e     0x2  startup_stm32l053xx.o [1]
  .text               ro code  0x08004070     0xa  cexit.o [5]
  .text               ro code  0x0800407a     0x2  startup_stm32l053xx.o [1]
  .text               ro code  0x0800407c    0x14  exit.o [6]
  .text               ro code  0x08004090    0x16  xprout.o [3]
  .text               ro code  0x080040a6     0x2  startup_stm32l053xx.o [1]
  .text               ro code  0x080040a8    0x10  putchar.o [3]
  .text               ro code  0x080040b8    0x10  startup_stm32l053xx.o [1]
  .text               ro code  0x080040c8     0xc  cstartup_M.o [5]
  .rodata             const    0x080040d4     0x8  system_stm32l0xx.o [1]
  .text               ro code  0x080040dc     0x2  startup_stm32l053xx.o [1]
  .text               ro code  0x080040de     0x2  startup_stm32l053xx.o [1]
  .text               ro code  0x080040e0     0x2  startup_stm32l053xx.o [1]
  .text               ro code  0x080040e2     0x2  startup_stm32l053xx.o [1]
  .text               ro code  0x080040e4     0x2  startup_stm32l053xx.o [1]
  .text               ro code  0x080040e6     0x2  startup_stm32l053xx.o [1]
  .text               ro code  0x080040e8     0x2  startup_stm32l053xx.o [1]
  .text               ro code  0x080040ea     0x2  startup_stm32l053xx.o [1]
  .text               ro code  0x080040ec     0x2  startup_stm32l053xx.o [1]
  .text               ro code  0x080040ee     0x2  startup_stm32l053xx.o [1]
  .text               ro code  0x080040f0     0x2  startup_stm32l053xx.o [1]
  .text               ro code  0x080040f2     0x2  startup_stm32l053xx.o [1]
  .text               ro code  0x080040f4     0x2  startup_stm32l053xx.o [1]
  .text               ro code  0x080040f6     0x2  startup_stm32l053xx.o [1]
  .rodata             const    0x080040f8     0x0  zero_init3.o [5]
  .rodata             const    0x080040f8     0x0  packbits_init_single.o [5]
  Initializer bytes   const    0x080040f8    0x37  <for P2-1>
                             - 0x0800412f  0x406f

"P2", part 1 of 3:                          0x14c
  P2-1                         0x20000000   0x14c  <Init block>
    .data             inited   0x20000000     0xc  stm32l0xx_hal.o [1]
    .data             inited   0x2000000c     0x4  system_stm32l0xx.o [1]
    .data             inited   0x20000010    0x40  xfiles.o [3]
    __DLIB_PERTHREAD  inited   0x20000050    0x88  localeconv.o [3]
    __DLIB_PERTHREAD  inited   0x200000d8    0x74  setlocale.o [3]
                             - 0x2000014c   0x14c

"P2", part 2 of 3:                          0x600
  CSTACK                       0x20000150   0x400  <Block>
    CSTACK            uninit   0x20000150   0x400  <Block tail>
  HEAP                         0x20000550   0x200  <Block>
    HEAP              uninit   0x20000550   0x200  <Block tail>
                             - 0x20000750   0x600

"P2", part 3 of 3:                          0x158
  .bss                zero     0x20000750    0x88  usart.o [1]
  .bss                zero     0x200007d8    0x5c  adc.o [1]
  .bss                zero     0x20000834    0x50  xfiles.o [3]
  .bss                zero     0x20000884    0x18  main.o [1]
  .bss                zero     0x2000089c     0x8  xxmemxmalloc.o [3]
  .bss                zero     0x200008a4     0x4  xgetmemchunk.o [3]
                             - 0x200008a8   0x158


*******************************************************************************
*** INIT TABLE
***

          Address     Size
          -------     ----
Zero (__iar_zero_init3)
    1 destination range, total size 0x158:
          0x20000750  0x158

Copy/packbits (__iar_packbits_init_single3)
    1 source range, total size 0x37 (16% of destination):
          0x080040f8   0x37
    1 destination range, total size 0x14c:
          0x20000000  0x14c



*******************************************************************************
*** MODULE SUMMARY
***

    Module                   ro code  ro data  rw data
    ------                   -------  -------  -------
F:\Courses\SJTU\2023Spring\SensorDesign\IARprjs\ccm01\EWARM\ccm01\Obj: [1]
    adc.o                        232                92
    gpio.o                       188
    main.o                       504                24
    startup_stm32l053xx.o        258
    stm32l0xx_hal.o              176        1       12
    stm32l0xx_hal_adc.o        1 180
    stm32l0xx_hal_adc_ex.o       184
    stm32l0xx_hal_cortex.o       136
    stm32l0xx_hal_dma.o          146
    stm32l0xx_hal_gpio.o         484
    stm32l0xx_hal_msp.o           28
    stm32l0xx_hal_rcc.o        1 764
    stm32l0xx_hal_rcc_ex.o       472
    stm32l0xx_hal_uart.o       2 222
    stm32l0xx_hal_uart_ex.o        2
    stm32l0xx_it.o                44
    system_stm32l0xx.o            32        9        4
    usart.o                      160               136
    --------------------------------------------------
    Total:                     8 212       10      268

command line: [2]
    --------------------------------------------------
    Total:

dl6M_tlf.a: [3]
    div.o                         32
    exit.o                         8
    localeconv.o                 104       22      136
    low_level_init.o               4
    printf.o                      36
    putchar.o                     16
    setlocale.o                   20       20      116
    xencoding_sb.o                80
    xfiles.o                               11      144
    xgetmemchunk.o                44                 4
    xmbcurmax.o                   10
    xmbtowc.o                     28
    xprintffull.o              4 810       40
    xprout.o                      22
    xtls.o                         2
    xwctomb.o                     24
    xxmemxfree.o                 136
    xxmemxmalloc.o               184                 8
    --------------------------------------------------
    Total:                     5 560       93      408

m6M_tl.a: [4]
    DblAddSub.o                  424
    DblCmpGe.o                    50
    DblCmpLe.o                    50
    DblDiv.o                     194
    DblMul.o                     388
    DblToFlt.o                    98
    DblToI32.o                    82
    FltAddSub.o                  278
    FltDiv.o                     170
    FltToDbl.o                    50
    I32ToDbl.o                    52
    xdscale.o                    128
    --------------------------------------------------
    Total:                     1 964

rt6M_tl.a: [5]
    ABImemcpy.o                   92
    ABImemset.o                   52
    I32DivModFast.o              224
    I64DivMod.o                  106
    I64DivZer.o                    2
    I64Mul.o                      50
    IntDivZer.o                    2
    cexit.o                       10
    cmain.o                       26
    cstartup_M.o                  12
    data_init.o                   40
    memchr.o                      24
    packbits_init_single.o        60
    strchr.o                      20
    strlen.o                      16
    zero_init3.o                  60
    --------------------------------------------------
    Total:                       796

shb_l.a: [6]
    exit.o                        20
    --------------------------------------------------
    Total:                        20

    Linker created                         32    1 536
------------------------------------------------------
    Grand Total:              16 552      135    2 212


*******************************************************************************
*** ENTRY LIST
***

Entry                      Address   Size  Type      Object
-----                      -------   ----  ----      ------
.iar.init_table$$Base   0x08004008          --   Gb  - Linker created -
.iar.init_table$$Limit  0x08004028          --   Gb  - Linker created -
?main                   0x08004049         Code  Gb  cmain.o [5]
ADC1_COMP_IRQHandler    0x08003f8d    0xa  Code  Gb  stm32l0xx_it.o [1]
ADC_DelayMicroSecond    0x08003a51   0x24  Code  Lc  stm32l0xx_hal_adc.o [1]
ADC_Enable              0x080039e1   0x54  Code  Lc  stm32l0xx_hal_adc.o [1]
ADCvalues               0x20000888   0x14  Data  Gb  main.o [1]
AHBPrescTable           0x0800402c   0x10  Data  Gb  system_stm32l0xx.o [1]
APBPrescTable           0x080040d4    0x8  Data  Gb  system_stm32l0xx.o [1]
CSTACK$$Base            0x20000150          --   Gb  - Linker created -
CSTACK$$Limit           0x20000550          --   Gb  - Linker created -
Error_Handler           0x08002fe9    0x4  Code  Gb  main.o [1]
HAL_ADCEx_Calibration_Start
                        0x0800353d   0xb2  Code  Gb  stm32l0xx_hal_adc_ex.o [1]
HAL_ADC_ConfigChannel   0x0800390d   0xd4  Code  Gb  stm32l0xx_hal_adc.o [1]
HAL_ADC_ConvCpltCallback
                        0x08002f95   0x24  Code  Gb  main.o [1]
HAL_ADC_ErrorCallback   0x08003f03    0x2  Code  Wk  stm32l0xx_hal_adc.o [1]
HAL_ADC_GetValue        0x08003841    0x6  Code  Gb  stm32l0xx_hal_adc.o [1]
HAL_ADC_IRQHandler      0x08003847   0xc6  Code  Gb  stm32l0xx_hal_adc.o [1]
HAL_ADC_Init            0x080035f5  0x1b2  Code  Gb  stm32l0xx_hal_adc.o [1]
HAL_ADC_LevelOutOfWindowCallback
                        0x08003f01    0x2  Code  Wk  stm32l0xx_hal_adc.o [1]
HAL_ADC_MspInit         0x080034a3   0x58  Code  Gb  adc.o [1]
HAL_ADC_Start_IT        0x080037c5   0x6e  Code  Gb  stm32l0xx_hal_adc.o [1]
HAL_DMA_Abort           0x080026bd   0x46  Code  Gb  stm32l0xx_hal_dma.o [1]
HAL_DMA_Abort_IT        0x08002703   0x4c  Code  Gb  stm32l0xx_hal_dma.o [1]
HAL_Delay               0x08003ce5   0x28  Code  Wk  stm32l0xx_hal.o [1]
HAL_GPIO_Init           0x08003069  0x1b0  Code  Gb  stm32l0xx_hal_gpio.o [1]
HAL_GPIO_ReadPin        0x08003219    0xc  Code  Gb  stm32l0xx_hal_gpio.o [1]
HAL_GPIO_WritePin       0x08003225    0xc  Code  Gb  stm32l0xx_hal_gpio.o [1]
HAL_GetTick             0x080026b1    0xc  Code  Wk  stm32l0xx_hal.o [1]
HAL_IncTick             0x08003fa9   0x10  Code  Wk  stm32l0xx_hal.o [1]
HAL_Init                0x0800334d   0x24  Code  Gb  stm32l0xx_hal.o [1]
HAL_InitTick            0x080032d5   0x44  Code  Wk  stm32l0xx_hal.o [1]
HAL_MspInit             0x08003ee5   0x1c  Code  Gb  stm32l0xx_hal_msp.o [1]
HAL_NVIC_EnableIRQ      0x08003289   0x12  Code  Gb  stm32l0xx_hal_cortex.o [1]
HAL_NVIC_SetPriority    0x08003281    0x8  Code  Gb  stm32l0xx_hal_cortex.o [1]
HAL_RCCEx_PeriphCLKConfig
                        0x08003d0d  0x1aa  Code  Gb  stm32l0xx_hal_rcc_ex.o [1]
HAL_RCC_ClockConfig     0x08002bd5  0x186  Code  Gb  stm32l0xx_hal_rcc.o [1]
HAL_RCC_GetPCLK1Freq    0x08002ddf    0xe  Code  Gb  stm32l0xx_hal_rcc.o [1]
HAL_RCC_GetPCLK2Freq    0x08002dfd    0xc  Code  Gb  stm32l0xx_hal_rcc.o [1]
HAL_RCC_GetSysClockFreq
                        0x08002d6d   0x72  Code  Gb  stm32l0xx_hal_rcc.o [1]
HAL_RCC_OscConfig       0x08002759  0x468  Code  Gb  stm32l0xx_hal_rcc.o [1]
HAL_SYSTICK_Config      0x0800329b   0x28  Code  Gb  stm32l0xx_hal_cortex.o [1]
HAL_UARTEx_RxEventCallback
                        0x08002751    0x2  Code  Wk  stm32l0xx_hal_uart.o [1]
HAL_UARTEx_WakeupCallback
                        0x08002755    0x2  Code  Wk  stm32l0xx_hal_uart_ex.o [1]
HAL_UART_ErrorCallback  0x0800274f    0x2  Code  Wk  stm32l0xx_hal_uart.o [1]
HAL_UART_IRQHandler     0x08001e99  0x2a6  Code  Gb  stm32l0xx_hal_uart.o [1]
HAL_UART_Init           0x08001d69   0x56  Code  Gb  stm32l0xx_hal_uart.o [1]
HAL_UART_MspInit        0x08002641   0x64  Code  Gb  usart.o [1]
HAL_UART_Transmit       0x08001dd5   0xc4  Code  Gb  stm32l0xx_hal_uart.o [1]
HAL_UART_TxCpltCallback
                        0x08002757    0x2  Code  Wk  stm32l0xx_hal_uart.o [1]
HEAP$$Base              0x20000550          --   Gb  - Linker created -
HEAP$$Limit             0x20000750          --   Gb  - Linker created -
HardFault_Handler       0x08003f7f    0x2  Code  Gb  stm32l0xx_it.o [1]
LoadInt                 0x0800074b   0x68  Code  Lc  xprintffull.o [3]
MX_ADC_Init             0x08003431   0x72  Code  Gb  adc.o [1]
MX_GPIO_Init            0x08003375   0xb2  Code  Gb  gpio.o [1]
MX_USART2_UART_Init     0x08002611   0x30  Code  Gb  usart.o [1]
NMI_Handler             0x08003f7d    0x2  Code  Gb  stm32l0xx_it.o [1]
PLLMulTable             0x0800403c    0xc  Data  Gb  system_stm32l0xx.o [1]
PendSV_Handler          0x08003f83    0x2  Code  Gb  stm32l0xx_it.o [1]
Region$$Table$$Base     0x08004008          --   Gb  - Linker created -
Region$$Table$$Limit    0x08004028          --   Gb  - Linker created -
SVC_Handler             0x08003f81    0x2  Code  Gb  stm32l0xx_it.o [1]
SysTick_Handler         0x08003f85    0x8  Code  Gb  stm32l0xx_it.o [1]
SystemClock_Config      0x08002f15   0x80  Code  Gb  main.o [1]
SystemCoreClock         0x2000000c    0x4  Data  Gb  system_stm32l0xx.o [1]
SystemInit              0x08004029    0x2  Code  Gb  system_stm32l0xx.o [1]
UART_AdvFeatureConfig   0x0800235d   0xc8  Code  Gb  stm32l0xx_hal_uart.o [1]
UART_CheckIdleState     0x08002431   0xb0  Code  Gb  stm32l0xx_hal_uart.o [1]
UART_DMAAbortOnError    0x080025fd   0x14  Code  Lc  stm32l0xx_hal_uart.o [1]
UART_EndRxTransfer      0x08002595   0x5e  Code  Lc  stm32l0xx_hal_uart.o [1]
UART_SetConfig          0x08002155  0x1ec  Code  Gb  stm32l0xx_hal_uart.o [1]
UART_WaitOnFlagUntilTimeout
                        0x080024e9   0x86  Code  Gb  stm32l0xx_hal_uart.o [1]
USART2_IRQHandler       0x08003f97    0xa  Code  Gb  stm32l0xx_it.o [1]
_EncodingSb_Mbtowc      0x08001cf9   0x2c  Code  Gb  xencoding_sb.o [3]
_EncodingSb_Mbtowc::initial
                        0x08001d2c    0x8  Data  Lc  xencoding_sb.o [3]
_EncodingSb_Wctomb      0x08001ce5   0x14  Code  Gb  xencoding_sb.o [3]
_EncodingSb_Wctomb::initial
                        0x08001d24    0x8  Data  Lc  xencoding_sb.o [3]
_GenldFull              0x08001081  0x2d6  Code  Lc  xprintffull.o [3]
_IsdstStr               0x200000dc    0x4  Data  Gb  setlocale.o [3]
_LdtobFull              0x08000c09  0x464  Code  Lc  xprintffull.o [3]
_LitobFull              0x08000ad9  0x12a  Code  Lc  xprintffull.o [3]
_LocaleEncoding         0x08001cd1    0xc  Code  Gb  setlocale.o [3]
_LocaleReturnString     0x200000fc   0x50  Data  Lc  setlocale.o [3]
_Locale_Profile         0x200000e0   0x1c  Data  Gb  setlocale.o [3]
_Locale_aeabi_lconv     0x200000a0   0x38  Data  Gb  localeconv.o [3]
_Locale_lconv           0x20000050   0x50  Data  Gb  localeconv.o [3]
_Mbtowc                 0x0800138b   0x1c  Code  Gb  xmbtowc.o [3]
_PrintfFull             0x080000c1  0x68a  Code  Gb  xprintffull.o [3]
_Prout                  0x08004091   0x16  Code  Gb  xprout.o [3]
_PutcharsFull           0x0800135b   0x30  Code  Lc  xprintffull.o [3]
_PutstrFull             0x080007b5  0x324  Code  Lc  xprintffull.o [3]
_TzoneStr               0x200000d8    0x4  Data  Gb  setlocale.o [3]
_Wctomb                 0x080014a5   0x18  Code  Gb  xwctomb.o [3]
__NVIC_SetPriority      0x0800324d   0x34  Code  Lc  stm32l0xx_hal_cortex.o [1]
__aeabi_cdcmple         0x0800160b         Code  Gb  DblCmpLe.o [4]
__aeabi_cdrcmple        0x0800163d         Code  Gb  DblCmpGe.o [4]
__aeabi_d2f             0x08003a8d         Code  Gb  DblToFlt.o [4]
__aeabi_d2iz            0x080016f1         Code  Gb  DblToI32.o [4]
__aeabi_d2uiz           0x08001715         Code  Gb  DblToI32.o [4]
__aeabi_ddiv            0x08001b85         Code  Gb  DblDiv.o [4]
__aeabi_dmul            0x08001a01         Code  Gb  DblMul.o [4]
__aeabi_dsub            0x08001833         Code  Gb  DblAddSub.o [4]
__aeabi_f2d             0x08003cb1         Code  Gb  FltToDbl.o [4]
__aeabi_fadd            0x08003aef         Code  Gb  FltAddSub.o [4]
__aeabi_fdiv            0x08003c05         Code  Gb  FltDiv.o [4]
__aeabi_i2d             0x08001745         Code  Gb  I32ToDbl.o [4]
__aeabi_idiv            0x0800194d         Code  Gb  I32DivModFast.o [5]
__aeabi_idiv0           0x08001d65         Code  Gb  IntDivZer.o [5]
__aeabi_idivmod         0x0800194d         Code  Gb  I32DivModFast.o [5]
__aeabi_ldiv0           0x08001d61         Code  Gb  I64DivZer.o [5]
__aeabi_lmul            0x08003319         Code  Gb  I64Mul.o [5]
__aeabi_memclr4         0x08003065         Code  Gb  ABImemset.o [5]
__aeabi_memclr8         0x08003065         Code  Gb  ABImemset.o [5]
__aeabi_memcpy          0x080014bd         Code  Gb  ABImemcpy.o [5]
__aeabi_ui2d            0x08001759         Code  Gb  I32ToDbl.o [4]
__aeabi_uidiv           0x08001953         Code  Gb  I32DivModFast.o [5]
__aeabi_uidivmod        0x08001953         Code  Gb  I32DivModFast.o [5]
__aeabi_uldivmod        0x080015a1         Code  Gb  I64DivMod.o [5]
__cmain                 0x08004049         Code  Gb  cmain.o [5]
__data_Aldata           0x2000089c    0x8  Data  Gb  xxmemxmalloc.o [3]
__data_GetMemChunk      0x08001d35   0x2c  Code  Gb  xgetmemchunk.o [3]
__data_GetMemChunk::start
                        0x200008a4    0x4  Data  Lc  xgetmemchunk.o [3]
__exit                  0x0800407d   0x14  Code  Gb  exit.o [6]
__iar_Dscale            0x08001671   0x80  Code  Gb  xdscale.o [4]
__iar_Locale_lconv_init
                        0x08001c49   0x32  Code  Gb  localeconv.o [3]
__iar_Mbcurmax          0x080013e3    0xa  Code  Gb  xmbcurmax.o [3]
__iar_Memchr            0x080013cb   0x18  Code  Gb  memchr.o [5]
__iar_Memset4_word      0x08003035         Code  Gb  ABImemset.o [5]
__iar_Stdout            0x20000010   0x40  Data  Gb  xfiles.o [3]
__iar_Strchr            0x080013a7   0x14  Code  Gb  strchr.o [5]
__iar_d2uiz             0x08001719         Code  Gb  DblToI32.o [4]
__iar_data_init3        0x08003fe1   0x28  Code  Gb  data_init.o [5]
__iar_dlib_perthread_access
                        0x08001d67    0x2  Code  Gb  xtls.o [3]
__iar_packbits_init_single3
                        0x08003f41   0x3c  Code  Gb  packbits_init_single.o [5]
__iar_program_start     0x080040c9         Code  Gb  cstartup_M.o [5]
__iar_ui2d              0x0800175d         Code  Gb  I32ToDbl.o [4]
__iar_zero_init3        0x08003f05   0x3c  Code  Gb  zero_init3.o [5]
__low_level_init        0x08004063    0x4  Code  Gb  low_level_init.o [3]
__vector_table          0x08000000         Data  Gb  startup_stm32l053xx.o [1]
_call_main              0x08004055         Code  Gb  cmain.o [5]
_exit                   0x08004071         Code  Gb  cexit.o [5]
_main                   0x0800405f         Code  Gb  cmain.o [5]
div                     0x08001cb1   0x20  Code  Gb  div.o [3]
exit                    0x08004067    0x8  Code  Gb  exit.o [3]
fputc                   0x08002e3d   0x12  Code  Gb  main.o [1]
free                    0x08001519   0x82  Code  Gb  xxmemxfree.o [3]
hadc                    0x200007d8   0x5c  Data  Gb  adc.o [1]
huart2                  0x20000750   0x88  Data  Gb  usart.o [1]
idx                     0x20000884    0x1  Data  Gb  main.o [1]
localeconv              0x08001c7b   0x18  Code  Gb  localeconv.o [3]
main                    0x08002e51   0xc4  Code  Gb  main.o [1]
malloc                  0x080013ed   0xb2  Code  Gb  xxmemxmalloc.o [3]
obuf                    0x20000834   0x50  Data  Lc  xfiles.o [3]
printf                  0x08003519   0x24  Code  Gb  printf.o [3]
putchar                 0x080040a9   0x10  Code  Gb  putchar.o [3]
sendFlag                0x20000885    0x1  Data  Gb  main.o [1]
strlen                  0x080013bb   0x10  Code  Gb  strlen.o [5]
uwTick                  0x20000004    0x4  Data  Gb  stm32l0xx_hal.o [1]
uwTickFreq              0x20000000    0x1  Data  Gb  stm32l0xx_hal.o [1]
uwTickPrio              0x20000008    0x4  Data  Gb  stm32l0xx_hal.o [1]


[1] = F:\Courses\SJTU\2023Spring\SensorDesign\IARprjs\ccm01\EWARM\ccm01\Obj
[2] = command line
[3] = dl6M_tlf.a
[4] = m6M_tl.a
[5] = rt6M_tl.a
[6] = shb_l.a

  16 552 bytes of readonly  code memory
     135 bytes of readonly  data memory
   2 212 bytes of readwrite data memory

Errors: none
Warnings: none
