###############################################################################
#
# IAR ELF Linker V7.80.3.12102/W32 for ARM                14/Mar/2023  18:31:00
# Copyright 2007-2016 IAR Systems AB.
#
#    Output file  =  
#        F:\Courses\SJTU\2023Spring\SensorDesign\IARprjs\ccm01\EWARM\ccm01\Exe\ccm01.out
#    Map file     =  
#        F:\Courses\SJTU\2023Spring\SensorDesign\IARprjs\ccm01\EWARM\ccm01\List\ccm01.map
#    Command line =  
#        F:\Courses\SJTU\2023Spring\SensorDesign\IARprjs\ccm01\EWARM\ccm01\Obj\adc.o
#        F:\Courses\SJTU\2023Spring\SensorDesign\IARprjs\ccm01\EWARM\ccm01\Obj\gpio.o
#        F:\Courses\SJTU\2023Spring\SensorDesign\IARprjs\ccm01\EWARM\ccm01\Obj\main.o
#        F:\Courses\SJTU\2023Spring\SensorDesign\IARprjs\ccm01\EWARM\ccm01\Obj\startup_stm32l053xx.o
#        F:\Courses\SJTU\2023Spring\SensorDesign\IARprjs\ccm01\EWARM\ccm01\Obj\stm32l0xx_hal.o
#        F:\Courses\SJTU\2023Spring\SensorDesign\IARprjs\ccm01\EWARM\ccm01\Obj\stm32l0xx_hal_adc.o
#        F:\Courses\SJTU\2023Spring\SensorDesign\IARprjs\ccm01\EWARM\ccm01\Obj\stm32l0xx_hal_adc_ex.o
#        F:\Courses\SJTU\2023Spring\SensorDesign\IARprjs\ccm01\EWARM\ccm01\Obj\stm32l0xx_hal_cortex.o
#        F:\Courses\SJTU\2023Spring\SensorDesign\IARprjs\ccm01\EWARM\ccm01\Obj\stm32l0xx_hal_dma.o
#        F:\Courses\SJTU\2023Spring\SensorDesign\IARprjs\ccm01\EWARM\ccm01\Obj\stm32l0xx_hal_exti.o
#        F:\Courses\SJTU\2023Spring\SensorDesign\IARprjs\ccm01\EWARM\ccm01\Obj\stm32l0xx_hal_flash.o
#        F:\Courses\SJTU\2023Spring\SensorDesign\IARprjs\ccm01\EWARM\ccm01\Obj\stm32l0xx_hal_flash_ex.o
#        F:\Courses\SJTU\2023Spring\SensorDesign\IARprjs\ccm01\EWARM\ccm01\Obj\stm32l0xx_hal_flash_ramfunc.o
#        F:\Courses\SJTU\2023Spring\SensorDesign\IARprjs\ccm01\EWARM\ccm01\Obj\stm32l0xx_hal_gpio.o
#        F:\Courses\SJTU\2023Spring\SensorDesign\IARprjs\ccm01\EWARM\ccm01\Obj\stm32l0xx_hal_i2c.o
#        F:\Courses\SJTU\2023Spring\SensorDesign\IARprjs\ccm01\EWARM\ccm01\Obj\stm32l0xx_hal_i2c_ex.o
#        F:\Courses\SJTU\2023Spring\SensorDesign\IARprjs\ccm01\EWARM\ccm01\Obj\stm32l0xx_hal_msp.o
#        F:\Courses\SJTU\2023Spring\SensorDesign\IARprjs\ccm01\EWARM\ccm01\Obj\stm32l0xx_hal_pwr.o
#        F:\Courses\SJTU\2023Spring\SensorDesign\IARprjs\ccm01\EWARM\ccm01\Obj\stm32l0xx_hal_pwr_ex.o
#        F:\Courses\SJTU\2023Spring\SensorDesign\IARprjs\ccm01\EWARM\ccm01\Obj\stm32l0xx_hal_rcc.o
#        F:\Courses\SJTU\2023Spring\SensorDesign\IARprjs\ccm01\EWARM\ccm01\Obj\stm32l0xx_hal_rcc_ex.o
#        F:\Courses\SJTU\2023Spring\SensorDesign\IARprjs\ccm01\EWARM\ccm01\Obj\stm32l0xx_hal_tim.o
#        F:\Courses\SJTU\2023Spring\SensorDesign\IARprjs\ccm01\EWARM\ccm01\Obj\stm32l0xx_hal_tim_ex.o
#        F:\Courses\SJTU\2023Spring\SensorDesign\IARprjs\ccm01\EWARM\ccm01\Obj\stm32l0xx_hal_uart.o
#        F:\Courses\SJTU\2023Spring\SensorDesign\IARprjs\ccm01\EWARM\ccm01\Obj\stm32l0xx_hal_uart_ex.o
#        F:\Courses\SJTU\2023Spring\SensorDesign\IARprjs\ccm01\EWARM\ccm01\Obj\stm32l0xx_it.o
#        F:\Courses\SJTU\2023Spring\SensorDesign\IARprjs\ccm01\EWARM\ccm01\Obj\system_stm32l0xx.o
#        F:\Courses\SJTU\2023Spring\SensorDesign\IARprjs\ccm01\EWARM\ccm01\Obj\usart.o
#        --redirect _Printf=_PrintfFull --redirect _Scanf=_ScanfFull -o
#        F:\Courses\SJTU\2023Spring\SensorDesign\IARprjs\ccm01\EWARM\ccm01\Exe\ccm01.out
#        --map
#        F:\Courses\SJTU\2023Spring\SensorDesign\IARprjs\ccm01\EWARM\ccm01\List\ccm01.map
#        --config
#        F:\Courses\SJTU\2023Spring\SensorDesign\IARprjs\ccm01\EWARM/stm32l053xx_flash.icf
#        --semihosting --entry __iar_program_start --vfe
#
###############################################################################

*******************************************************************************
*** RUNTIME MODEL ATTRIBUTES
***

CppFlavor                     = *
__Heap_Handler                = Basic
__SystemLibrary               = DLib
__dlib_dynamic_initialization = normal


*******************************************************************************
*** PLACEMENT SUMMARY
***

"A0":  place at 0x08000000 { ro section .intvec };
"P1":  place in [from 0x08000000 to 0x0800ffff] { ro };
"P2":  place in [from 0x20000000 to 0x20001fff] { rw, block CSTACK, block HEAP };
initialize by copy { rw };

  Section             Kind        Address    Size  Object
  -------             ----        -------    ----  ------
"A0":                                        0xc0
  .intvec             ro code  0x08000000    0xc0  startup_stm32l053xx.o [1]
                             - 0x080000c0    0xc0

"P1":                                      0x3b23
  .text               ro code  0x080000c0  0x12ca  xprintffull.o [3]
  .text               ro code  0x0800138a    0x1c  xmbtowc.o [3]
  .text               ro code  0x080013a6    0x14  strchr.o [5]
  .text               ro code  0x080013ba    0x10  strlen.o [5]
  .text               ro code  0x080013ca    0x18  memchr.o [5]
  .text               ro code  0x080013e2     0xa  xmbcurmax.o [3]
  .text               ro code  0x080013ec    0xb8  xxmemxmalloc.o [3]
  .text               ro code  0x080014a4    0x18  xwctomb.o [3]
  .text               ro code  0x080014bc    0x5c  ABImemcpy.o [5]
  .text               ro code  0x08001518    0x88  xxmemxfree.o [3]
  .text               ro code  0x080015a0    0x6a  I64DivMod.o [5]
  .text               ro code  0x0800160a    0x32  DblCmpLe.o [4]
  .text               ro code  0x0800163c    0x32  DblCmpGe.o [4]
  .text               ro code  0x0800166e     0x2  startup_stm32l053xx.o [1]
  .text               ro code  0x08001670    0x80  xdscale.o [4]
  .text               ro code  0x080016f0    0x52  DblToI32.o [4]
  .text               ro code  0x08001742     0x2  startup_stm32l053xx.o [1]
  .text               ro code  0x08001744    0x34  I32ToDbl.o [4]
  .text               ro code  0x08001778   0x1a8  DblAddSub.o [4]
  .text               ro code  0x08001920    0xe0  I32DivModFast.o [5]
  .text               ro code  0x08001a00   0x184  DblMul.o [4]
  .text               ro code  0x08001b84    0xc2  DblDiv.o [4]
  .text               ro code  0x08001c46     0x2  startup_stm32l053xx.o [1]
  .text               ro code  0x08001c48    0x68  localeconv.o [3]
  .text               ro code  0x08001cb0    0x20  div.o [3]
  .text               ro code  0x08001cd0    0x14  setlocale.o [3]
  .text               ro code  0x08001ce4    0x50  xencoding_sb.o [3]
  .text               ro code  0x08001d34    0x2c  xgetmemchunk.o [3]
  .text               ro code  0x08001d60     0x2  I64DivZer.o [5]
  .text               ro code  0x08001d62     0x2  startup_stm32l053xx.o [1]
  .text               ro code  0x08001d64     0x2  IntDivZer.o [5]
  .text               ro code  0x08001d66     0x2  xtls.o [3]
  .text               ro code  0x08001d68   0x8a8  stm32l0xx_hal_uart.o [1]
  .text               ro code  0x08002610   0x12c  usart.o [1]
  .text               ro code  0x0800273c     0xc  stm32l0xx_hal.o [1]
  .text               ro code  0x08002748    0x92  stm32l0xx_hal_dma.o [1]
  .text               ro code  0x080027da     0x2  stm32l0xx_hal_uart.o [1]
  .text               ro code  0x080027dc     0x2  stm32l0xx_hal_uart.o [1]
  .text               ro code  0x080027de     0x2  startup_stm32l053xx.o [1]
  .text               ro code  0x080027e0     0x2  stm32l0xx_hal_uart_ex.o [1]
  .text               ro code  0x080027e2     0x2  stm32l0xx_hal_uart.o [1]
  .text               ro code  0x080027e4   0x6e4  stm32l0xx_hal_rcc.o [1]
  .text               ro code  0x08002ec8    0xfc  main.o [1]
  .text               ro code  0x08002fc4    0x34  ABImemset.o [5]
  .text               ro code  0x08002ff8   0x1d8  stm32l0xx_hal_gpio.o [1]
  .text               ro code  0x080031d0    0x88  stm32l0xx_hal_cortex.o [1]
  .text               ro code  0x08003258    0x44  stm32l0xx_hal.o [1]
  .text               ro code  0x0800329c    0x32  I64Mul.o [5]
  .text               ro code  0x080032ce     0x2  startup_stm32l053xx.o [1]
  .text               ro code  0x080032d0    0x28  stm32l0xx_hal.o [1]
  .text               ro code  0x080032f8    0xc0  gpio.o [1]
  .text               ro code  0x080033b8    0xd8  adc.o [1]
  .text               ro code  0x08003490    0x24  printf.o [3]
  .text               ro code  0x080034b4    0x28  stm32l0xx_hal.o [1]
  .text               ro code  0x080034dc   0x1d8  stm32l0xx_hal_rcc_ex.o [1]
  .text               ro code  0x080036b4    0x1c  stm32l0xx_hal_msp.o [1]
  .text               ro code  0x080036d0   0x2e4  stm32l0xx_hal_adc.o [1]
  .text               ro code  0x080039b4    0x3c  zero_init3.o [5]
  .text               ro code  0x080039f0    0x3c  packbits_init_single.o [5]
  .text               ro code  0x08003a2c    0x2c  stm32l0xx_it.o [1]
  .text               ro code  0x08003a58    0x10  stm32l0xx_hal.o [1]
  .rodata             const    0x08003a68    0x28  xprintffull.o [3]
  .text               ro code  0x08003a90    0x28  data_init.o [5]
  .iar.init_table     const    0x08003ab8    0x20  - Linker created -
  .text               ro code  0x08003ad8    0x20  system_stm32l0xx.o [1]
  .text               ro code  0x08003af8    0x1a  cmain.o [5]
  .text               ro code  0x08003b12     0x4  low_level_init.o [3]
  .text               ro code  0x08003b16     0x8  exit.o [3]
  .text               ro code  0x08003b1e     0x2  startup_stm32l053xx.o [1]
  .text               ro code  0x08003b20     0xa  cexit.o [5]
  .text               ro code  0x08003b2a     0x2  startup_stm32l053xx.o [1]
  .text               ro code  0x08003b2c    0x14  exit.o [6]
  .text               ro code  0x08003b40    0x16  xprout.o [3]
  .text               ro code  0x08003b56     0x2  startup_stm32l053xx.o [1]
  .text               ro code  0x08003b58    0x10  putchar.o [3]
  .text               ro code  0x08003b68    0x10  startup_stm32l053xx.o [1]
  .text               ro code  0x08003b78     0xc  cstartup_M.o [5]
  .rodata             const    0x08003b84     0x8  system_stm32l0xx.o [1]
  .text               ro code  0x08003b8c     0x2  startup_stm32l053xx.o [1]
  .text               ro code  0x08003b8e     0x2  startup_stm32l053xx.o [1]
  .text               ro code  0x08003b90     0x2  startup_stm32l053xx.o [1]
  .text               ro code  0x08003b92     0x2  startup_stm32l053xx.o [1]
  .text               ro code  0x08003b94     0x2  startup_stm32l053xx.o [1]
  .text               ro code  0x08003b96     0x2  startup_stm32l053xx.o [1]
  .text               ro code  0x08003b98     0x2  startup_stm32l053xx.o [1]
  .text               ro code  0x08003b9a     0x2  startup_stm32l053xx.o [1]
  .text               ro code  0x08003b9c     0x2  startup_stm32l053xx.o [1]
  .text               ro code  0x08003b9e     0x2  startup_stm32l053xx.o [1]
  .text               ro code  0x08003ba0     0x2  startup_stm32l053xx.o [1]
  .text               ro code  0x08003ba2     0x2  startup_stm32l053xx.o [1]
  .text               ro code  0x08003ba4     0x2  startup_stm32l053xx.o [1]
  .text               ro code  0x08003ba6     0x2  startup_stm32l053xx.o [1]
  .text               ro code  0x08003ba8     0x2  startup_stm32l053xx.o [1]
  .text               ro code  0x08003baa     0x2  startup_stm32l053xx.o [1]
  .rodata             const    0x08003bac     0x0  zero_init3.o [5]
  .rodata             const    0x08003bac     0x0  packbits_init_single.o [5]
  Initializer bytes   const    0x08003bac    0x37  <for P2-1>
                             - 0x08003be3  0x3b23

"P2", part 1 of 3:                          0x14c
  P2-1                         0x20000000   0x14c  <Init block>
    .data             inited   0x20000000     0xc  stm32l0xx_hal.o [1]
    .data             inited   0x2000000c     0x4  system_stm32l0xx.o [1]
    .data             inited   0x20000010    0x40  xfiles.o [3]
    __DLIB_PERTHREAD  inited   0x20000050    0x88  localeconv.o [3]
    __DLIB_PERTHREAD  inited   0x200000d8    0x74  setlocale.o [3]
                             - 0x2000014c   0x14c

"P2", part 2 of 3:                          0x600
  CSTACK                       0x20000150   0x400  <Block>
    CSTACK            uninit   0x20000150   0x400  <Block tail>
  HEAP                         0x20000550   0x200  <Block>
    HEAP              uninit   0x20000550   0x200  <Block tail>
                             - 0x20000750   0x600

"P2", part 3 of 3:                          0x1c8
  .bss                zero     0x20000750    0x88  usart.o [1]
  .bss                zero     0x200007d8    0x88  usart.o [1]
  .bss                zero     0x20000860    0x5c  adc.o [1]
  .bss                zero     0x200008bc    0x50  xfiles.o [3]
  .bss                zero     0x2000090c     0x8  xxmemxmalloc.o [3]
  .bss                zero     0x20000914     0x4  xgetmemchunk.o [3]
                             - 0x20000918   0x1c8


*******************************************************************************
*** INIT TABLE
***

          Address     Size
          -------     ----
Zero (__iar_zero_init3)
    1 destination range, total size 0x1c8:
          0x20000750  0x1c8

Copy/packbits (__iar_packbits_init_single3)
    1 source range, total size 0x37 (16% of destination):
          0x08003bac   0x37
    1 destination range, total size 0x14c:
          0x20000000  0x14c



*******************************************************************************
*** MODULE SUMMARY
***

    Module                   ro code  ro data  rw data
    ------                   -------  -------  -------
F:\Courses\SJTU\2023Spring\SensorDesign\IARprjs\ccm01\EWARM\ccm01\Obj: [1]
    adc.o                        216                92
    gpio.o                       192
    main.o                       252
    startup_stm32l053xx.o        258
    stm32l0xx_hal.o              176        1       12
    stm32l0xx_hal_adc.o          740
    stm32l0xx_hal_cortex.o       136
    stm32l0xx_hal_dma.o          146
    stm32l0xx_hal_gpio.o         472
    stm32l0xx_hal_msp.o           28
    stm32l0xx_hal_rcc.o        1 764
    stm32l0xx_hal_rcc_ex.o       472
    stm32l0xx_hal_uart.o       2 222
    stm32l0xx_hal_uart_ex.o        2
    stm32l0xx_it.o                44
    system_stm32l0xx.o            32        9        4
    usart.o                      300               272
    --------------------------------------------------
    Total:                     7 452       10      380

command line: [2]
    --------------------------------------------------
    Total:

dl6M_tlf.a: [3]
    div.o                         32
    exit.o                         8
    localeconv.o                 104       22      136
    low_level_init.o               4
    printf.o                      36
    putchar.o                     16
    setlocale.o                   20       20      116
    xencoding_sb.o                80
    xfiles.o                               11      144
    xgetmemchunk.o                44                 4
    xmbcurmax.o                   10
    xmbtowc.o                     28
    xprintffull.o              4 810       40
    xprout.o                      22
    xtls.o                         2
    xwctomb.o                     24
    xxmemxfree.o                 136
    xxmemxmalloc.o               184                 8
    --------------------------------------------------
    Total:                     5 560       93      408

m6M_tl.a: [4]
    DblAddSub.o                  424
    DblCmpGe.o                    50
    DblCmpLe.o                    50
    DblDiv.o                     194
    DblMul.o                     388
    DblToI32.o                    82
    I32ToDbl.o                    52
    xdscale.o                    128
    --------------------------------------------------
    Total:                     1 368

rt6M_tl.a: [5]
    ABImemcpy.o                   92
    ABImemset.o                   52
    I32DivModFast.o              224
    I64DivMod.o                  106
    I64DivZer.o                    2
    I64Mul.o                      50
    IntDivZer.o                    2
    cexit.o                       10
    cmain.o                       26
    cstartup_M.o                  12
    data_init.o                   40
    memchr.o                      24
    packbits_init_single.o        60
    strchr.o                      20
    strlen.o                      16
    zero_init3.o                  60
    --------------------------------------------------
    Total:                       796

shb_l.a: [6]
    exit.o                        20
    --------------------------------------------------
    Total:                        20

    Linker created                         32    1 536
------------------------------------------------------
    Grand Total:              15 196      135    2 324


*******************************************************************************
*** ENTRY LIST
***

Entry                      Address   Size  Type      Object
-----                      -------   ----  ----      ------
.iar.init_table$$Base   0x08003ab8          --   Gb  - Linker created -
.iar.init_table$$Limit  0x08003ad8          --   Gb  - Linker created -
?main                   0x08003af9         Code  Gb  cmain.o [5]
ADC_DelayMicroSecond    0x0800397d   0x24  Code  Lc  stm32l0xx_hal_adc.o [1]
AHBPrescTable           0x08003adc   0x10  Data  Gb  system_stm32l0xx.o [1]
APBPrescTable           0x08003b84    0x8  Data  Gb  system_stm32l0xx.o [1]
CSTACK$$Base            0x20000150          --   Gb  - Linker created -
CSTACK$$Limit           0x20000550          --   Gb  - Linker created -
Error_Handler           0x08002fa9    0x4  Code  Gb  main.o [1]
HAL_ADC_ConfigChannel   0x080038a1   0xd4  Code  Gb  stm32l0xx_hal_adc.o [1]
HAL_ADC_Init            0x080036d1  0x1b2  Code  Gb  stm32l0xx_hal_adc.o [1]
HAL_ADC_MspInit         0x0800342b   0x48  Code  Gb  adc.o [1]
HAL_DMA_Abort           0x08002749   0x46  Code  Gb  stm32l0xx_hal_dma.o [1]
HAL_DMA_Abort_IT        0x0800278f   0x4c  Code  Gb  stm32l0xx_hal_dma.o [1]
HAL_Delay               0x080034b5   0x28  Code  Wk  stm32l0xx_hal.o [1]
HAL_GPIO_Init           0x08002ff9  0x1b0  Code  Gb  stm32l0xx_hal_gpio.o [1]
HAL_GPIO_WritePin       0x080031a9    0xc  Code  Gb  stm32l0xx_hal_gpio.o [1]
HAL_GetTick             0x0800273d    0xc  Code  Wk  stm32l0xx_hal.o [1]
HAL_IncTick             0x08003a59   0x10  Code  Wk  stm32l0xx_hal.o [1]
HAL_Init                0x080032d1   0x24  Code  Gb  stm32l0xx_hal.o [1]
HAL_InitTick            0x08003259   0x44  Code  Wk  stm32l0xx_hal.o [1]
HAL_MspInit             0x080036b5   0x1c  Code  Gb  stm32l0xx_hal_msp.o [1]
HAL_NVIC_EnableIRQ      0x0800320d   0x12  Code  Gb  stm32l0xx_hal_cortex.o [1]
HAL_NVIC_SetPriority    0x08003205    0x8  Code  Gb  stm32l0xx_hal_cortex.o [1]
HAL_RCCEx_PeriphCLKConfig
                        0x080034dd  0x1aa  Code  Gb  stm32l0xx_hal_rcc_ex.o [1]
HAL_RCC_ClockConfig     0x08002c61  0x186  Code  Gb  stm32l0xx_hal_rcc.o [1]
HAL_RCC_GetPCLK1Freq    0x08002e6b    0xe  Code  Gb  stm32l0xx_hal_rcc.o [1]
HAL_RCC_GetPCLK2Freq    0x08002e89    0xc  Code  Gb  stm32l0xx_hal_rcc.o [1]
HAL_RCC_GetSysClockFreq
                        0x08002df9   0x72  Code  Gb  stm32l0xx_hal_rcc.o [1]
HAL_RCC_OscConfig       0x080027e5  0x468  Code  Gb  stm32l0xx_hal_rcc.o [1]
HAL_SYSTICK_Config      0x0800321f   0x28  Code  Gb  stm32l0xx_hal_cortex.o [1]
HAL_UARTEx_RxEventCallback
                        0x080027dd    0x2  Code  Wk  stm32l0xx_hal_uart.o [1]
HAL_UARTEx_WakeupCallback
                        0x080027e1    0x2  Code  Wk  stm32l0xx_hal_uart_ex.o [1]
HAL_UART_ErrorCallback  0x080027db    0x2  Code  Wk  stm32l0xx_hal_uart.o [1]
HAL_UART_IRQHandler     0x08001e99  0x2a6  Code  Gb  stm32l0xx_hal_uart.o [1]
HAL_UART_Init           0x08001d69   0x56  Code  Gb  stm32l0xx_hal_uart.o [1]
HAL_UART_MspInit        0x0800265f   0xc2  Code  Gb  usart.o [1]
HAL_UART_Transmit       0x08001dd5   0xc4  Code  Gb  stm32l0xx_hal_uart.o [1]
HAL_UART_TxCpltCallback
                        0x080027e3    0x2  Code  Wk  stm32l0xx_hal_uart.o [1]
HEAP$$Base              0x20000550          --   Gb  - Linker created -
HEAP$$Limit             0x20000750          --   Gb  - Linker created -
HardFault_Handler       0x08003a2f    0x2  Code  Gb  stm32l0xx_it.o [1]
LoadInt                 0x0800074b   0x68  Code  Lc  xprintffull.o [3]
MX_ADC_Init             0x080033b9   0x72  Code  Gb  adc.o [1]
MX_GPIO_Init            0x080032f9   0xb6  Code  Gb  gpio.o [1]
MX_LPUART1_UART_Init    0x08002611   0x1e  Code  Gb  usart.o [1]
MX_USART2_UART_Init     0x0800262f   0x1e  Code  Gb  usart.o [1]
NMI_Handler             0x08003a2d    0x2  Code  Gb  stm32l0xx_it.o [1]
PLLMulTable             0x08003aec    0xc  Data  Gb  system_stm32l0xx.o [1]
PendSV_Handler          0x08003a33    0x2  Code  Gb  stm32l0xx_it.o [1]
RNG_LPUART1_IRQHandler  0x08003a47    0xa  Code  Gb  stm32l0xx_it.o [1]
Region$$Table$$Base     0x08003ab8          --   Gb  - Linker created -
Region$$Table$$Limit    0x08003ad8          --   Gb  - Linker created -
SVC_Handler             0x08003a31    0x2  Code  Gb  stm32l0xx_it.o [1]
SysTick_Handler         0x08003a35    0x8  Code  Gb  stm32l0xx_it.o [1]
SystemClock_Config      0x08002f17   0x82  Code  Gb  main.o [1]
SystemCoreClock         0x2000000c    0x4  Data  Gb  system_stm32l0xx.o [1]
SystemInit              0x08003ad9    0x2  Code  Gb  system_stm32l0xx.o [1]
UART_AdvFeatureConfig   0x0800235d   0xc8  Code  Gb  stm32l0xx_hal_uart.o [1]
UART_CheckIdleState     0x08002431   0xb0  Code  Gb  stm32l0xx_hal_uart.o [1]
UART_DMAAbortOnError    0x080025fd   0x14  Code  Lc  stm32l0xx_hal_uart.o [1]
UART_EndRxTransfer      0x08002595   0x5e  Code  Lc  stm32l0xx_hal_uart.o [1]
UART_SetConfig          0x08002155  0x1ec  Code  Gb  stm32l0xx_hal_uart.o [1]
UART_WaitOnFlagUntilTimeout
                        0x080024e9   0x86  Code  Gb  stm32l0xx_hal_uart.o [1]
USART2_IRQHandler       0x08003a3d    0xa  Code  Gb  stm32l0xx_it.o [1]
_EncodingSb_Mbtowc      0x08001cf9   0x2c  Code  Gb  xencoding_sb.o [3]
_EncodingSb_Mbtowc::initial
                        0x08001d2c    0x8  Data  Lc  xencoding_sb.o [3]
_EncodingSb_Wctomb      0x08001ce5   0x14  Code  Gb  xencoding_sb.o [3]
_EncodingSb_Wctomb::initial
                        0x08001d24    0x8  Data  Lc  xencoding_sb.o [3]
_GenldFull              0x08001081  0x2d6  Code  Lc  xprintffull.o [3]
_IsdstStr               0x200000dc    0x4  Data  Gb  setlocale.o [3]
_LdtobFull              0x08000c09  0x464  Code  Lc  xprintffull.o [3]
_LitobFull              0x08000ad9  0x12a  Code  Lc  xprintffull.o [3]
_LocaleEncoding         0x08001cd1    0xc  Code  Gb  setlocale.o [3]
_LocaleReturnString     0x200000fc   0x50  Data  Lc  setlocale.o [3]
_Locale_Profile         0x200000e0   0x1c  Data  Gb  setlocale.o [3]
_Locale_aeabi_lconv     0x200000a0   0x38  Data  Gb  localeconv.o [3]
_Locale_lconv           0x20000050   0x50  Data  Gb  localeconv.o [3]
_Mbtowc                 0x0800138b   0x1c  Code  Gb  xmbtowc.o [3]
_PrintfFull             0x080000c1  0x68a  Code  Gb  xprintffull.o [3]
_Prout                  0x08003b41   0x16  Code  Gb  xprout.o [3]
_PutcharsFull           0x0800135b   0x30  Code  Lc  xprintffull.o [3]
_PutstrFull             0x080007b5  0x324  Code  Lc  xprintffull.o [3]
_TzoneStr               0x200000d8    0x4  Data  Gb  setlocale.o [3]
_Wctomb                 0x080014a5   0x18  Code  Gb  xwctomb.o [3]
__NVIC_SetPriority      0x080031d1   0x34  Code  Lc  stm32l0xx_hal_cortex.o [1]
__aeabi_cdcmple         0x0800160b         Code  Gb  DblCmpLe.o [4]
__aeabi_cdrcmple        0x0800163d         Code  Gb  DblCmpGe.o [4]
__aeabi_d2iz            0x080016f1         Code  Gb  DblToI32.o [4]
__aeabi_d2uiz           0x08001715         Code  Gb  DblToI32.o [4]
__aeabi_ddiv            0x08001b85         Code  Gb  DblDiv.o [4]
__aeabi_dmul            0x08001a01         Code  Gb  DblMul.o [4]
__aeabi_dsub            0x08001833         Code  Gb  DblAddSub.o [4]
__aeabi_i2d             0x08001745         Code  Gb  I32ToDbl.o [4]
__aeabi_idiv            0x0800194d         Code  Gb  I32DivModFast.o [5]
__aeabi_idiv0           0x08001d65         Code  Gb  IntDivZer.o [5]
__aeabi_idivmod         0x0800194d         Code  Gb  I32DivModFast.o [5]
__aeabi_ldiv0           0x08001d61         Code  Gb  I64DivZer.o [5]
__aeabi_lmul            0x0800329d         Code  Gb  I64Mul.o [5]
__aeabi_memclr4         0x08002ff5         Code  Gb  ABImemset.o [5]
__aeabi_memclr8         0x08002ff5         Code  Gb  ABImemset.o [5]
__aeabi_memcpy          0x080014bd         Code  Gb  ABImemcpy.o [5]
__aeabi_ui2d            0x08001759         Code  Gb  I32ToDbl.o [4]
__aeabi_uidiv           0x08001953         Code  Gb  I32DivModFast.o [5]
__aeabi_uidivmod        0x08001953         Code  Gb  I32DivModFast.o [5]
__aeabi_uldivmod        0x080015a1         Code  Gb  I64DivMod.o [5]
__cmain                 0x08003af9         Code  Gb  cmain.o [5]
__data_Aldata           0x2000090c    0x8  Data  Gb  xxmemxmalloc.o [3]
__data_GetMemChunk      0x08001d35   0x2c  Code  Gb  xgetmemchunk.o [3]
__data_GetMemChunk::start
                        0x20000914    0x4  Data  Lc  xgetmemchunk.o [3]
__exit                  0x08003b2d   0x14  Code  Gb  exit.o [6]
__iar_Dscale            0x08001671   0x80  Code  Gb  xdscale.o [4]
__iar_Locale_lconv_init
                        0x08001c49   0x32  Code  Gb  localeconv.o [3]
__iar_Mbcurmax          0x080013e3    0xa  Code  Gb  xmbcurmax.o [3]
__iar_Memchr            0x080013cb   0x18  Code  Gb  memchr.o [5]
__iar_Memset4_word      0x08002fc5         Code  Gb  ABImemset.o [5]
__iar_Stdout            0x20000010   0x40  Data  Gb  xfiles.o [3]
__iar_Strchr            0x080013a7   0x14  Code  Gb  strchr.o [5]
__iar_d2uiz             0x08001719         Code  Gb  DblToI32.o [4]
__iar_data_init3        0x08003a91   0x28  Code  Gb  data_init.o [5]
__iar_dlib_perthread_access
                        0x08001d67    0x2  Code  Gb  xtls.o [3]
__iar_packbits_init_single3
                        0x080039f1   0x3c  Code  Gb  packbits_init_single.o [5]
__iar_program_start     0x08003b79         Code  Gb  cstartup_M.o [5]
__iar_ui2d              0x0800175d         Code  Gb  I32ToDbl.o [4]
__iar_zero_init3        0x080039b5   0x3c  Code  Gb  zero_init3.o [5]
__low_level_init        0x08003b13    0x4  Code  Gb  low_level_init.o [3]
__vector_table          0x08000000         Data  Gb  startup_stm32l053xx.o [1]
_call_main              0x08003b05         Code  Gb  cmain.o [5]
_exit                   0x08003b21         Code  Gb  cexit.o [5]
_main                   0x08003b0f         Code  Gb  cmain.o [5]
div                     0x08001cb1   0x20  Code  Gb  div.o [3]
exit                    0x08003b17    0x8  Code  Gb  exit.o [3]
fputc                   0x08002ec9   0x12  Code  Gb  main.o [1]
free                    0x08001519   0x82  Code  Gb  xxmemxfree.o [3]
hadc                    0x20000860   0x5c  Data  Gb  adc.o [1]
hlpuart1                0x20000750   0x88  Data  Gb  usart.o [1]
huart2                  0x200007d8   0x88  Data  Gb  usart.o [1]
localeconv              0x08001c7b   0x18  Code  Gb  localeconv.o [3]
main                    0x08002edd   0x3a  Code  Gb  main.o [1]
malloc                  0x080013ed   0xb2  Code  Gb  xxmemxmalloc.o [3]
obuf                    0x200008bc   0x50  Data  Lc  xfiles.o [3]
printf                  0x08003491   0x24  Code  Gb  printf.o [3]
putchar                 0x08003b59   0x10  Code  Gb  putchar.o [3]
strlen                  0x080013bb   0x10  Code  Gb  strlen.o [5]
uwTick                  0x20000004    0x4  Data  Gb  stm32l0xx_hal.o [1]
uwTickFreq              0x20000000    0x1  Data  Gb  stm32l0xx_hal.o [1]
uwTickPrio              0x20000008    0x4  Data  Gb  stm32l0xx_hal.o [1]


[1] = F:\Courses\SJTU\2023Spring\SensorDesign\IARprjs\ccm01\EWARM\ccm01\Obj
[2] = command line
[3] = dl6M_tlf.a
[4] = m6M_tl.a
[5] = rt6M_tl.a
[6] = shb_l.a

  15 196 bytes of readonly  code memory
     135 bytes of readonly  data memory
   2 324 bytes of readwrite data memory

Errors: none
Warnings: none
