Component: ARM Compiler 5.06 update 6 (build 750) Tool: armlink [4d35ed]

==============================================================================

Section Cross References

    bsp.o(i.BSP_init) refers to os_int_a.o(UCOS_ARM_ASM_INT) for IRQASMTimer0
    bsp.o(i.IRQCTimer0) refers to os_cpu_a.o(UCOS_ARM) for OSCPUSaveSR
    bsp.o(i.IRQCTimer0) refers to os_core.o(i.OSTimeTick) for OSTimeTick
    main.o(i.PWM_Out) refers to aeabi_sdiv.o(.text) for __aeabi_idivmod
    main.o(i.TasK_CAN) refers to os_sem.o(i.OSSemCreate) for OSSemCreate
    main.o(i.TasK_CAN) refers to canapp.o(i.InitCAN) for InitCAN
    main.o(i.TasK_CAN) refers to canapp.o(i.ConfigAFReg) for ConfigAFReg
    main.o(i.TasK_CAN) refers to os_time.o(i.OSTimeDlyHMSM) for OSTimeDlyHMSM
    main.o(i.TasK_CAN) refers to os_sem.o(i.OSSemPost) for OSSemPost
    main.o(i.TasK_CAN) refers to main.o(.data) for SEM_CAN
    main.o(i.TasK_CAN) refers to canapp.o(.bss) for CANRcvCyBufApp
    main.o(i.TasK_I2C) refers to os_sem.o(i.OSSemCreate) for OSSemCreate
    main.o(i.TasK_I2C) refers to myi2c.o(i.I2C_FeedDog) for I2C_FeedDog
    main.o(i.TasK_I2C) refers to os_sem.o(i.OSSemPost) for OSSemPost
    main.o(i.TasK_I2C) refers to os_time.o(i.OSTimeDlyHMSM) for OSTimeDlyHMSM
    main.o(i.TasK_I2C) refers to main.o(.data) for SEM_UPDATE
    main.o(i.TasK_KEY) refers to os_mbox.o(i.OSMboxCreate) for OSMboxCreate
    main.o(i.TasK_KEY) refers to myi2c.o(i.I2C_Init) for I2C_Init
    main.o(i.TasK_KEY) refers to os_time.o(i.OSTimeDlyHMSM) for OSTimeDlyHMSM
    main.o(i.TasK_KEY) refers to os_mbox.o(i.OSMboxPost) for OSMboxPost
    main.o(i.TasK_KEY) refers to myi2c.o(i.I2C_FeedDog) for I2C_FeedDog
    main.o(i.TasK_KEY) refers to main.o(.data) for MBOX_KEYDN
    main.o(i.TasK_LCD) refers to _printf_pad.o(.text) for _printf_pre_padding
    main.o(i.TasK_LCD) refers to _printf_percent.o(.ARM.Collect$$_printf_percent$$00000000) for _printf_percent
    main.o(i.TasK_LCD) refers to _printf_d.o(.ARM.Collect$$_printf_percent$$00000009) for _printf_d
    main.o(i.TasK_LCD) refers to _printf_dec.o(.text) for _printf_int_dec
    main.o(i.TasK_LCD) refers to mylcd.o(i.LCD_Init) for LCD_Init
    main.o(i.TasK_LCD) refers to mylcd.o(i.LCD_SetMode) for LCD_SetMode
    main.o(i.TasK_LCD) refers to os_sem.o(i.OSSemPend) for OSSemPend
    main.o(i.TasK_LCD) refers to mylcd.o(i.LCD_TextOut) for LCD_TextOut
    main.o(i.TasK_LCD) refers to noretval__2sprintf.o(.text) for __2sprintf
    main.o(i.TasK_LCD) refers to main.o(i.PWM_Out) for PWM_Out
    main.o(i.TasK_LCD) refers to myi2c.o(i.Sleep) for Sleep
    main.o(i.TasK_LCD) refers to myi2c.o(i.I2C_FeedDog) for I2C_FeedDog
    main.o(i.TasK_LCD) refers to myi2c.o(i.Delay) for Delay
    main.o(i.TasK_LCD) refers to os_time.o(i.OSTimeDlyHMSM) for OSTimeDlyHMSM
    main.o(i.TasK_LCD) refers to main.o(.data) for SEM_UPDATE
    main.o(i.TasK_MID) refers to os_mbox.o(i.OSMboxCreate) for OSMboxCreate
    main.o(i.TasK_MID) refers to os_mbox.o(i.OSMboxPend) for OSMboxPend
    main.o(i.TasK_MID) refers to strcpy.o(.text) for strcpy
    main.o(i.TasK_MID) refers to os_sem.o(i.OSSemPost) for OSSemPost
    main.o(i.TasK_MID) refers to os_time.o(i.OSTimeDlyHMSM) for OSTimeDlyHMSM
    main.o(i.TasK_MID) refers to main.o(.data) for MBOX_KEYDN
    main.o(i.TasK_PWM) refers to os_sem.o(i.OSSemPend) for OSSemPend
    main.o(i.TasK_PWM) refers to fflt_noclz.o(x$fpl$fflt) for __aeabi_i2f
    main.o(i.TasK_PWM) refers to fmul.o(x$fpl$fmul) for __aeabi_fmul
    main.o(i.TasK_PWM) refers to main.o(i.PWM_Out) for PWM_Out
    main.o(i.TasK_PWM) refers to main.o(.data) for SEM_CAN
    main.o(i.TaskStart) refers to main.o(i.TargetResetInit) for TargetResetInit
    main.o(i.TaskStart) refers to bsp.o(i.BSP_init) for BSP_init
    main.o(i.TaskStart) refers to mylcd.o(i.LCD_Init) for LCD_Init
    main.o(i.TaskStart) refers to myi2c.o(i.I2C_Init) for I2C_Init
    main.o(i.TaskStart) refers to os_task.o(i.OSTaskCreate) for OSTaskCreate
    main.o(i.TaskStart) refers to os_task.o(i.OSTaskDel) for OSTaskDel
    main.o(i.TaskStart) refers to main.o(.bss) for StacK_I2C
    main.o(i.TaskStart) refers to main.o(i.TasK_I2C) for TasK_I2C
    main.o(i.TaskStart) refers to main.o(i.TasK_MID) for TasK_MID
    main.o(i.TaskStart) refers to main.o(i.TasK_KEY) for TasK_KEY
    main.o(i.TaskStart) refers to main.o(i.TasK_LCD) for TasK_LCD
    main.o(i.TaskStart) refers to main.o(i.TasK_CAN) for TasK_CAN
    main.o(i.TaskStart) refers to main.o(i.TasK_PWM) for TasK_PWM
    main.o(i.main) refers to os_core.o(i.OSInit) for OSInit
    main.o(i.main) refers to os_task.o(i.OSTaskCreate) for OSTaskCreate
    main.o(i.main) refers to os_core.o(i.OSStart) for OSStart
    main.o(i.main) refers to main.o(.bss) for TaskStartStk
    main.o(i.main) refers to main.o(i.TaskStart) for TaskStart
    startup.o(STACK) refers (Special) to heapauxi.o(.text) for __use_two_region_memory
    startup.o(HEAP) refers (Special) to heapauxi.o(.text) for __use_two_region_memory
[...]
    aeabi_idiv0_sigfpe.o(.text) refers to rt_div0.o(.text) for __rt_div0
    _printf_intcommon.o(.text) refers (Weak) to _printf_pad.o(.text) for _printf_pre_padding
    _printf_intcommon.o(.text) refers to __printf.o(i.__ARM_common_call_via_r2) for __ARM_common_call_via_r2
    _printf_intcommon.o(.text) refers (Weak) to _printf_pad.o(.text) for _printf_pre_padding
    _printf_intcommon.o(.text) refers (Weak) to _printf_pad.o(.text) for _printf_post_padding
    _printf_char_common.o(.text) refers to __printf_flags_wp.o(.text) for __printf
    fnaninf.o(x$fpl$fnaninf) refers (Special) to usenofp.o(x$fpl$usenofp) for __I$use$fp
    fretinf.o(x$fpl$fretinf) refers (Special) to usenofp.o(x$fpl$usenofp) for __I$use$fp
    __rtentry2.o(.ARM.Collect$$rtentry$$00000008) refers to boardinit2.o(.text) for _platform_post_stackheap_init
    __rtentry2.o(.ARM.Collect$$rtentry$$0000000A) refers to libinit.o(.ARM.Collect$$libinit$$00000000) for __rt_lib_init
    __rtentry2.o(.ARM.Collect$$rtentry$$0000000B) refers to boardinit3.o(.text) for _platform_post_lib_init
    __rtentry2.o(.ARM.Collect$$rtentry$$0000000D) refers to exit.o(.text) for exit
    __rtentry2.o(.ARM.Collect$$rtentry$$0000000D) refers to main.o(i.main) for main
    __rtentry2.o(.ARM.exidx) refers to __rtentry2.o(.ARM.Collect$$rtentry$$00000001) for .ARM.Collect$$rtentry$$00000001
    __rtentry2.o(.ARM.exidx) refers to __rtentry2.o(.ARM.Collect$$rtentry$$00000008) for .ARM.Collect$$rtentry$$00000008
    __rtentry2.o(.ARM.exidx) refers to __rtentry2.o(.ARM.Collect$$rtentry$$0000000A) for .ARM.Collect$$rtentry$$0000000A
    __rtentry2.o(.ARM.exidx) refers to __rtentry2.o(.ARM.Collect$$rtentry$$0000000B) for .ARM.Collect$$rtentry$$0000000B
    __rtentry2.o(.ARM.exidx) refers to __rtentry2.o(.ARM.Collect$$rtentry$$0000000D) for .ARM.Collect$$rtentry$$0000000D
    __rtentry4.o(.ARM.Collect$$rtentry$$00000004) refers to sys_stackheap_outer.o(.text) for __user_setup_stackheap
    __rtentry4.o(.ARM.exidx) refers to __rtentry4.o(.ARM.Collect$$rtentry$$00000004) for .ARM.Collect$$rtentry$$00000004
    rt_div0.o(.text) refers to defsig_fpe_outer.o(.text) for __rt_SIGFPE
    __printf_nopercent.o(.text) refers to __printf_nopercent.o(i.__ARM_common_call_via_r7) for __ARM_common_call_via_r7
    __printf_nopercent.o(.text) refers to __printf_nopercent.o(i.__ARM_common_call_via_r5) for __ARM_common_call_via_r5
    sys_stackheap_outer.o(.text) refers to libspace.o(.text) for __user_perproc_libspace
    sys_stackheap_outer.o(.text) refers to startup.o(.text) for __user_initial_stackheap
    exit.o(.text) refers to rtexit.o(.ARM.Collect$$rtexit$$00000000) for __rt_exit
    defsig_fpe_outer.o(.text) refers to defsig_fpe_inner.o(.text) for __rt_SIGFPE_inner
    defsig_fpe_outer.o(.text) refers to defsig_exit.o(.text) for __sig_exit
    defsig_fpe_formal.o(.text) refers to rt_raise.o(.text) for __rt_raise
    libinit.o(.ARM.Collect$$libinit$$00000000) refers (Special) to libinit2.o(.ARM.Collect$$libinit$$0000002E) for __rt_lib_init_alloca_1
    libinit.o(.ARM.Collect$$libinit$$00000000) refers (Special) to libinit2.o(.ARM.Collect$$libinit$$0000002C) for __rt_lib_init_argv_1
    libinit.o(.ARM.Collect$$libinit$$00000000) refers (Special) to libinit2.o(.ARM.Collect$$libinit$$0000001B) for __rt_lib_init_atexit_1
    libinit.o(.ARM.Collect$$libinit$$00000000) refers (Special) to libinit2.o(.ARM.Collect$$libinit$$00000021) for __rt_lib_init_clock_1
    libinit.o(.ARM.Collect$$libinit$$00000000) refers (Special) to libinit2.o(.ARM.Collect$$libinit$$00000032) for __rt_lib_init_cpp_1
    libinit.o(.ARM.Collect$$libinit$$00000000) refers (Special) to libinit2.o(.ARM.Collect$$libinit$$00000030) for __rt_lib_init_exceptions_1
    libinit.o(.ARM.Collect$$libinit$$00000000) refers (Special) to libinit2.o(.ARM.Collect$$libinit$$00000002) for __rt_lib_init_fp_1
    libinit.o(.ARM.Collect$$libinit$$00000000) refers (Special) to libinit2.o(.ARM.Collect$$libinit$$0000001F) for __rt_lib_init_fp_trap_1
    libinit.o(.ARM.Collect$$libinit$$00000000) refers (Special) to libinit2.o(.ARM.Collect$$libinit$$00000023) for __rt_lib_init_getenv_1
    libinit.o(.ARM.Collect$$libinit$$00000000) refers (Special) to libinit2.o(.ARM.Collect$$libinit$$0000000A) for __rt_lib_init_heap_1
    libinit.o(.ARM.Collect$$libinit$$00000000) refers (Special) to libinit2.o(.ARM.Collect$$libinit$$00000011) for __rt_lib_init_lc_collate_1
    libinit.o(.ARM.Collect$$libinit$$00000000) refers (Special) to libinit2.o(.ARM.Collect$$libinit$$00000013) for __rt_lib_init_lc_ctype_1
    libinit.o(.ARM.Collect$$libinit$$00000000) refers (Special) to libinit2.o(.ARM.Collect$$libinit$$00000015) for __rt_lib_init_lc_monetary_1
    libinit.o(.ARM.Collect$$libinit$$00000000) refers (Special) to libinit2.o(.ARM.Collect$$libinit$$00000017) for __rt_lib_init_lc_numeric_1
    libinit.o(.ARM.Collect$$libinit$$00000000) refers (Special) to libinit2.o(.ARM.Collect$$libinit$$00000019) for __rt_lib_init_lc_time_1
    libinit.o(.ARM.Collect$$libinit$$00000000) refers (Special) to libinit2.o(.ARM.Collect$$libinit$$00000004) for __rt_lib_init_preinit_1
    libinit.o(.ARM.Collect$$libinit$$00000000) refers (Special) to libinit2.o(.ARM.Collect$$libinit$$0000000E) for __rt_lib_init_rand_1
    libinit.o(.ARM.Collect$$libinit$$00000000) refers (Special) to libinit2.o(.ARM.Collect$$libinit$$00000033) for __rt_lib_init_return
    libinit.o(.ARM.Collect$$libinit$$00000000) refers (Special) to libinit2.o(.ARM.Collect$$libinit$$0000001D) for __rt_lib_init_signal_1
    libinit.o(.ARM.Collect$$libinit$$00000000) refers (Special) to libinit2.o(.ARM.Collect$$libinit$$00000025) for __rt_lib_init_stdio_1
    libinit.o(.ARM.Collect$$libinit$$00000000) refers (Special) to libinit2.o(.ARM.Collect$$libinit$$0000000C) for __rt_lib_init_user_alloc_1
    libspace.o(.text) refers to libspace.o(.bss) for __libspace_start
    rtexit.o(.ARM.Collect$$rtexit$$00000000) refers (Special) to rtexit2.o(.ARM.Collect$$rtexit$$00000004) for __rt_exit_exit
    rtexit.o(.ARM.Collect$$rtexit$$00000000) refers (Special) to rtexit2.o(.ARM.Collect$$rtexit$$00000003) for __rt_exit_ls
    rtexit.o(.ARM.Collect$$rtexit$$00000000) refers (Special) to rtexit2.o(.ARM.Collect$$rtexit$$00000002) for __rt_exit_prels_1
    rtexit.o(.ARM.exidx) refers (Special) to rtexit2.o(.ARM.Collect$$rtexit$$00000004) for __rt_exit_exit
    rtexit.o(.ARM.exidx) refers (Special) to rtexit2.o(.ARM.Collect$$rtexit$$00000003) for __rt_exit_ls
    rtexit.o(.ARM.exidx) refers (Special) to rtexit2.o(.ARM.Collect$$rtexit$$00000002) for __rt_exit_prels_1
    rtexit.o(.ARM.exidx) refers to rtexit.o(.ARM.Collect$$rtexit$$00000000) for .ARM.Collect$$rtexit$$00000000
    rt_raise.o(.text) refers to __raise.o(.text) for __raise
    rt_raise.o(.text) refers to sys_exit.o(.text) for _sys_exit
    defsig_exit.o(.text) refers to sys_exit.o(.text) for _sys_exit
    defsig_fpe_inner.o(.text) refers to defsig_general.o(.text) for __default_signal_display
    libinit2.o(.ARM.Collect$$libinit$$00000001) refers to fpinit.o(x$fpl$fpinit) for _fp_init
    libinit2.o(.ARM.Collect$$libinit$$00000010) refers to libinit2.o(.ARM.Collect$$libinit$$0000000F) for .ARM.Collect$$libinit$$0000000F
    libinit2.o(.ARM.Collect$$libinit$$00000012) refers to libinit2.o(.ARM.Collect$$libinit$$0000000F) for .ARM.Collect$$libinit$$0000000F
    libinit2.o(.ARM.Collect$$libinit$$00000014) refers to libinit2.o(.ARM.Collect$$libinit$$0000000F) for .ARM.Collect$$libinit$$0000000F
    libinit2.o(.ARM.Collect$$libinit$$00000016) refers to libinit2.o(.ARM.Collect$$libinit$$0000000F) for .ARM.Collect$$libinit$$0000000F
    libinit2.o(.ARM.Collect$$libinit$$00000018) refers to libinit2.o(.ARM.Collect$$libinit$$0000000F) for .ARM.Collect$$libinit$$0000000F
    libinit2.o(.ARM.Collect$$libinit$$00000026) refers to argv_veneer.o(.emb_text) for __ARM_argv_veneer
    libinit2.o(.ARM.Collect$$libinit$$00000027) refers to argv_veneer.o(.emb_text) for __ARM_argv_veneer
    sys_exit.o(.text) refers (Special) to use_no_semi.o(.text) for __I$use$semihosting
    sys_exit.o(.text) refers (Special) to indicate_semi.o(.text) for __semihosting_library_function
    rtexit2.o(.ARM.Collect$$rtexit$$00000003) refers to libshutdown.o(.ARM.Collect$$libshutdown$$00000000) for __rt_lib_shutdown
    rtexit2.o(.ARM.Collect$$rtexit$$00000004) refers to sys_exit.o(.text) for _sys_exit
    rtexit2.o(.ARM.exidx) refers to rtexit2.o(.ARM.Collect$$rtexit$$00000001) for .ARM.Collect$$rtexit$$00000001
    rtexit2.o(.ARM.exidx) refers to rtexit2.o(.ARM.Collect$$rtexit$$00000003) for .ARM.Collect$$rtexit$$00000003
    rtexit2.o(.ARM.exidx) refers to rtexit2.o(.ARM.Collect$$rtexit$$00000004) for .ARM.Collect$$rtexit$$00000004
    __raise.o(.text) refers to __printf.o(i.__ARM_common_call_via_r2) for __ARM_common_call_via_r2
    __raise.o(.text) refers to defsig.o(CL$$defsig) for __default_signal_handler
    defsig_general.o(.text) refers to sys_wrch.o(.text) for _ttywrch
    argv_veneer.o(.emb_text) refers to no_argv.o(.text) for __ARM_get_argv
    sys_wrch.o(.text) refers (Special) to use_no_semi.o(.text) for __I$use$semihosting
    sys_wrch.o(.text) refers (Special) to indicate_semi.o(.text) for __semihosting_library_function
    defsig.o(CL$$defsig) refers to defsig_fpe_inner.o(.text) for __rt_SIGFPE_inner
    defsig.o(CL$$defsig) refers to defsig_rtmem_inner.o(.text) for __rt_SIGRTMEM_inner
    _get_argv_nomalloc.o(.text) refers (Special) to hrguard.o(.text) for __heap_region$guard
    _get_argv_nomalloc.o(.text) refers to defsig_rtmem_outer.o(.text) for __rt_SIGRTMEM
    _get_argv_nomalloc.o(.text) refers to sys_command.o(.text) for _sys_command_string
    libshutdown.o(.ARM.Collect$$libshutdown$$00000000) refers (Special) to libshutdown2.o(.ARM.Collect$$libshutdown$$00000002) for __rt_lib_shutdown_cpp_1
    libshutdown.o(.ARM.Collect$$libshutdown$$00000000) refers (Special) to libshutdown2.o(.ARM.Collect$$libshutdown$$00000007) for __rt_lib_shutdown_fp_trap_1
    libshutdown.o(.ARM.Collect$$libshutdown$$00000000) refers (Special) to libshutdown2.o(.ARM.Collect$$libshutdown$$0000000F) for __rt_lib_shutdown_heap_1
    libshutdown.o(.ARM.Collect$$libshutdown$$00000000) refers (Special) to libshutdown2.o(.ARM.Collect$$libshutdown$$00000010) for __rt_lib_shutdown_return
    libshutdown.o(.ARM.Collect$$libshutdown$$00000000) refers (Special) to libshutdown2.o(.ARM.Collect$$libshutdown$$0000000A) for __rt_lib_shutdown_signal_1
    libshutdown.o(.ARM.Collect$$libshutdown$$00000000) refers (Special) to libshutdown2.o(.ARM.Collect$$libshutdown$$00000004) for __rt_lib_shutdown_stdio_1
    libshutdown.o(.ARM.Collect$$libshutdown$$00000000) refers (Special) to libshutdown2.o(.ARM.Collect$$libshutdown$$0000000C) for __rt_lib_shutdown_user_alloc_1
    sys_command.o(.text) refers (Special) to use_no_semi.o(.text) for __I$use$semihosting
    sys_command.o(.text) refers (Special) to indicate_semi.o(.text) for __semihosting_library_function
    defsig_abrt_inner.o(.text) refers to defsig_general.o(.text) for __default_signal_display
    defsig_rtred_inner.o(.text) refers to defsig_general.o(.text) for __default_signal_display
    defsig_rtmem_inner.o(.text) refers to defsig_general.o(.text) for __default_signal_display
    defsig_rtmem_outer.o(.text) refers to defsig_rtmem_inner.o(.text) for __rt_SIGRTMEM_inner
    defsig_rtmem_outer.o(.text) refers to defsig_exit.o(.text) for __sig_exit
    defsig_rtmem_formal.o(.text) refers to rt_raise.o(.text) for __rt_raise
    defsig_stak_inner.o(.text) refers to defsig_general.o(.text) for __default_signal_display
    defsig_pvfn_inner.o(.text) refers to defsig_general.o(.text) for __default_signal_display
    defsig_cppl_inner.o(.text) refers to defsig_general.o(.text) for __default_signal_display
    defsig_segv_inner.o(.text) refers to defsig_general.o(.text) for __default_signal_display
    defsig_other.o(.text) refers to defsig_general.o(.text) for __default_signal_display


==============================================================================

Removing Unused input sections from the image.

    Removing os_core.o(i.OSVersion), (8 bytes).
    Removing os_mbox.o(i.OSMboxAccept), (48 bytes).
    Removing os_mbox.o(i.OSMboxDel), (320 bytes).
    Removing os_mbox.o(i.OSMboxPostOpt), (172 bytes).
    Removing os_mbox.o(i.OSMboxQuery), (128 bytes).
    Removing os_mutex.o(i.OSMutexCreate), (248 bytes).
    Removing os_mutex.o(i.OSMutexPend), (604 bytes).
    Removing os_mutex.o(i.OSMutexPost), (604 bytes).
    Removing os_task.o(i.OSTaskDelReq), (124 bytes).
    Removing os_time.o(i.OSTimeDlyResume), (220 bytes).
    Removing mylcd.o(i.LCD_DrawOut), (192 bytes).
    Removing mylcd.o(.constdata), (1024 bytes).
    Removing canapp.o(i.CANRxtoTxDataConvertion), (148 bytes).
    Removing canapp.o(i.CANSendData), (328 bytes).
    Removing canapp.o(i.WriteCanTxBuf), (192 bytes).
    Removing canfunc.o(i.AFBuildLUT), (224 bytes).
    Removing canfunc.o(i.AFInitEFFGrpTab), (256 bytes).
    Removing canfunc.o(i.AFInitEFFIndvTab), (236 bytes).
    Removing canfunc.o(i.AFInitFCANTab), (204 bytes).
    Removing canfunc.o(i.AFInitSFFGrpTab), (236 bytes).
    Removing canfunc.o(i.AFInitSFFIndvTab), (236 bytes).
    Removing canfunc.o(i.AFReadFCANRxResurt), (136 bytes).
    Removing canfunc.o(i.CanEntrySM), (72 bytes).
    Removing canfunc.o(i.CanQuitSM), (176 bytes).
    Removing canfunc.o(i.CanSendCmd), (980 bytes).
    Removing canfunc.o(i.HwRstCAN), (36 bytes).

26 unused section(s) (total 7152 bytes) removed from the image.

==============================================================================

Adding Veneers to the image

    Adding TA veneer (4 bytes, Inline) for call to '_printf_percent' from __printf_flags_wp.o(.text).
    Adding AT veneer (8 bytes, Inline) for call to '__rt_lib_init' from __rtentry2.o(.ARM.Collect$$rtentry$$0000000A).
    Adding AT veneer (8 bytes, Inline) for call to '__rt_lib_shutdown' from rtexit2.o(.ARM.Collect$$rtexit$$00000003).
    Adding TA veneer (4 bytes, Inline) for call to '__rt_exit' from exit.o(.text).
    Adding AT veneer (8 bytes, Inline) for call to '__2sprintf' from main.o(i.TasK_LCD).
    Adding AT veneer (8 bytes, Inline) for call to '_printf_int_dec' from _printf_d.o(.ARM.Collect$$_printf_percent$$00000009).
    Adding AT veneer (8 bytes, Inline) for call to 'strcpy' from main.o(i.TasK_MID).
    Adding TA veneer (4 bytes, Inline) for call to '__rt_udiv10' from _printf_dec.o(.text).
    Adding AT veneer (8 bytes, Inline) for call to '_sys_exit' from rtexit2.o(.ARM.Collect$$rtexit$$00000004).

9 Veneer(s) (total 60 bytes) added to the image.

==============================================================================

Image Symbol Table

    Local Symbols

    Symbol Name                              Value     Ov Type        Size  Object(Section)

    RESET                                    0x00000000   Section      288  startup.o(RESET)
    ../clib/angel/boardlib.s                 0x00000000   Number         0  boardinit1.o ABSOLUTE
    ../clib/angel/boardlib.s                 0x00000000   Number         0  boardinit2.o ABSOLUTE
    ../clib/angel/boardlib.s                 0x00000000   Number         0  boardinit3.o ABSOLUTE
    ../clib/angel/boardlib.s                 0x00000000   Number         0  boardshut.o ABSOLUTE
    ../clib/angel/handlers.s                 0x00000000   Number         0  __scatter_copy.o ABSOLUTE
    ../clib/angel/handlers.s                 0x00000000   Number         0  __scatter_zi.o ABSOLUTE
    ../clib/angel/kernel.s                   0x00000000   Number         0  __rtentry4.o ABSOLUTE
    ../clib/angel/kernel.s                   0x00000000   Number         0  __rtentry2.o ABSOLUTE
    ../clib/angel/kernel.s                   0x00000000   Number         0  rtexit2.o ABSOLUTE
    ../clib/angel/kernel.s                   0x00000000   Number         0  rtexit.o ABSOLUTE
    ../clib/angel/kernel.s                   0x00000000   Number         0  __rtentry.o ABSOLUTE
    ../clib/angel/rt.s                       0x00000000   Number         0  aeabi_idiv0.o ABSOLUTE
    ../clib/angel/rt.s                       0x00000000   Number         0  rt_div0.o ABSOLUTE
    ../clib/angel/rt.s                       0x00000000   Number         0  rt_raise.o ABSOLUTE
    ../clib/angel/rt.s                       0x00000000   Number         0  aeabi_idiv0_sigfpe.o ABSOLUTE
    ../clib/angel/scatter.s                  0x00000000   Number         0  __scatter.o ABSOLUTE
    ../clib/angel/startup.s                  0x00000000   Number         0  __main.o ABSOLUTE
    ../clib/angel/sys.s                      0x00000000   Number         0  indicate_semi.o ABSOLUTE
    ../clib/angel/sys.s                      0x00000000   Number         0  libspace.o ABSOLUTE
    ../clib/angel/sys.s                      0x00000000   Number         0  sys_stackheap_outer.o ABSOLUTE
    ../clib/angel/sys.s                      0x00000000   Number         0  use_no_semi.o ABSOLUTE
    ../clib/angel/sysapp.c                   0x00000000   Number         0  sys_wrch.o ABSOLUTE
    ../clib/angel/sysapp.c                   0x00000000   Number         0  sys_command.o ABSOLUTE
    ../clib/angel/sysapp.c                   0x00000000   Number         0  sys_exit.o ABSOLUTE
    ../clib/armsys.c                         0x00000000   Number         0  argv_veneer.o ABSOLUTE
    ../clib/armsys.c                         0x00000000   Number         0  _get_argv_nomalloc.o ABSOLUTE
    ../clib/armsys.c                         0x00000000   Number         0  argv_veneer.o ABSOLUTE
    ../clib/armsys.c                         0x00000000   Number         0  no_argv.o ABSOLUTE
    ../clib/division.s                       0x00000000   Number         0  aeabi_sdiv_div0.o ABSOLUTE
    ../clib/division.s                       0x00000000   Number         0  rtudiv10.o ABSOLUTE
    ../clib/division.s                       0x00000000   Number         0  aeabi_sdiv.o ABSOLUTE
    ../clib/divrt.s                          0x00000000   Number         0  divrt_7tdmi_div0.o ABSOLUTE
    ../clib/divrt.s                          0x00000000   Number         0  divrt_7tdmi.o ABSOLUTE
    ../clib/heapalloc.c                      0x00000000   Number         0  hrguard.o ABSOLUTE
    ../clib/heapaux.c                        0x00000000   Number         0  heapauxi.o ABSOLUTE
    ../clib/libinit.s                        0x00000000   Number         0  libinit2.o ABSOLUTE
    ../clib/libinit.s                        0x00000000   Number         0  libshutdown2.o ABSOLUTE
    ../clib/libinit.s                        0x00000000   Number         0  libshutdown.o ABSOLUTE
    ../clib/libinit.s                        0x00000000   Number         0  libinit.o ABSOLUTE
    ../clib/misc.s                           0x00000000   Number         0  printf_stubs.o ABSOLUTE
    ../clib/printf.c                         0x00000000   Number         0  _printf_pad.o ABSOLUTE
    ../clib/printf.c                         0x00000000   Number         0  __printf_flags.o ABSOLUTE
    ../clib/printf.c                         0x00000000   Number         0  __printf_ss.o ABSOLUTE
    ../clib/printf.c                         0x00000000   Number         0  __printf_flags_ss.o ABSOLUTE
    ../clib/printf.c                         0x00000000   Number         0  __printf_wp.o ABSOLUTE
    ../clib/printf.c                         0x00000000   Number         0  __printf_flags_wp.o ABSOLUTE
    ../clib/printf.c                         0x00000000   Number         0  __printf_ss_wp.o ABSOLUTE
    ../clib/printf.c                         0x00000000   Number         0  __printf_flags_ss_wp.o ABSOLUTE
    ../clib/printf.c                         0x00000000   Number         0  _printf_dec.o ABSOLUTE
    ../clib/printf.c                         0x00000000   Number         0  _printf_char_common.o ABSOLUTE
    ../clib/printf.c                         0x00000000   Number         0  __printf_nopercent.o ABSOLUTE
    ../clib/printf.c                         0x00000000   Number         0  _sputc.o ABSOLUTE
    ../clib/printf.c                         0x00000000   Number         0  __2sprintf.o ABSOLUTE
    ../clib/printf.c                         0x00000000   Number         0  noretval__2sprintf.o ABSOLUTE
    ../clib/printf.c                         0x00000000   Number         0  _printf_intcommon.o ABSOLUTE
    ../clib/printf.c                         0x00000000   Number         0  __printf.o ABSOLUTE
    ../clib/printf_percent.s                 0x00000000   Number         0  _printf_percent.o ABSOLUTE
    ../clib/printf_percent.s                 0x00000000   Number         0  _printf_d.o ABSOLUTE
    ../clib/printf_percent.s                 0x00000000   Number         0  _printf_percent_end.o ABSOLUTE
    ../clib/signal.c                         0x00000000   Number         0  defsig_rtmem_formal.o ABSOLUTE
    ../clib/signal.c                         0x00000000   Number         0  defsig_rtmem_outer.o ABSOLUTE
    ../clib/signal.c                         0x00000000   Number         0  defsig_rtmem_inner.o ABSOLUTE
    ../clib/signal.c                         0x00000000   Number         0  defsig_rtred_inner.o ABSOLUTE
    ../clib/signal.c                         0x00000000   Number         0  defsig_abrt_inner.o ABSOLUTE
    ../clib/signal.c                         0x00000000   Number         0  defsig_fpe_inner.o ABSOLUTE
    ../clib/signal.c                         0x00000000   Number         0  defsig_stak_inner.o ABSOLUTE
    ../clib/signal.c                         0x00000000   Number         0  defsig_fpe_outer.o ABSOLUTE
    ../clib/signal.c                         0x00000000   Number         0  defsig_fpe_formal.o ABSOLUTE
    ../clib/signal.c                         0x00000000   Number         0  defsig_cppl_inner.o ABSOLUTE
    ../clib/signal.c                         0x00000000   Number         0  defsig_segv_inner.o ABSOLUTE
    ../clib/signal.c                         0x00000000   Number         0  defsig_other.o ABSOLUTE
    ../clib/signal.c                         0x00000000   Number         0  __raise.o ABSOLUTE
    ../clib/signal.c                         0x00000000   Number         0  defsig_pvfn_inner.o ABSOLUTE
    ../clib/signal.c                         0x00000000   Number         0  defsig_exit.o ABSOLUTE
    ../clib/signal.c                         0x00000000   Number         0  defsig_general.o ABSOLUTE
    ../clib/signal.s                         0x00000000   Number         0  defsig.o ABSOLUTE
    ../clib/stdlib.c                         0x00000000   Number         0  exit.o ABSOLUTE
    ../clib/string.c                         0x00000000   Number         0  strcpy.o ABSOLUTE
    ../fplib/fflt.s                          0x00000000   Number         0  fflt_noclz.o ABSOLUTE
    ../fplib/fmul.s                          0x00000000   Number         0  fmul.o ABSOLUTE
    ../fplib/fnaninf.s                       0x00000000   Number         0  fnaninf.o ABSOLUTE
    ../fplib/fpinit.s                        0x00000000   Number         0  fpinit.o ABSOLUTE
    ../fplib/fretinf.s                       0x00000000   Number         0  fretinf.o ABSOLUTE
    ../fplib/usenofp.s                       0x00000000   Number         0  usenofp.o ABSOLUTE
    App\bsp.c                                0x00000000   Number         0  bsp.o ABSOLUTE
    App\main.c                               0x00000000   Number         0  main.o ABSOLUTE
    app\startup.s                            0x00000000   Number         0  startup.o ABSOLUTE
    arm\os_cpu_a.s                           0x00000000   Number         0  os_cpu_a.o ABSOLUTE
    arm\os_cpu_c.c                           0x00000000   Number         0  os_cpu_c.o ABSOLUTE
    arm\os_int_a.s                           0x00000000   Number         0  os_int_a.o ABSOLUTE
    can\CanApp.c                             0x00000000   Number         0  canapp.o ABSOLUTE
    can\CanFunc.c                            0x00000000   Number         0  canfunc.o ABSOLUTE
    dc.s                                     0x00000000   Number         0  dc.o ABSOLUTE
    source\myI2C.c                           0x00000000   Number         0  myi2c.o ABSOLUTE
    source\myLCD.c                           0x00000000   Number         0  mylcd.o ABSOLUTE
    ucosii\os_core.c                         0x00000000   Number         0  os_core.o ABSOLUTE
    ucosii\os_flag.c                         0x00000000   Number         0  os_flag.o ABSOLUTE
    ucosii\os_mbox.c                         0x00000000   Number         0  os_mbox.o ABSOLUTE
    ucosii\os_mem.c                          0x00000000   Number         0  os_mem.o ABSOLUTE
    ucosii\os_mutex.c                        0x00000000   Number         0  os_mutex.o ABSOLUTE
    ucosii\os_q.c                            0x00000000   Number         0  os_q.o ABSOLUTE
    ucosii\os_sem.c                          0x00000000   Number         0  os_sem.o ABSOLUTE
    ucosii\os_task.c                         0x00000000   Number         0  os_task.o ABSOLUTE
    ucosii\os_time.c                         0x00000000   Number         0  os_time.o ABSOLUTE
    Undef_Handler                            0x00000040   ARM Code       4  startup.o(RESET)
    SWI_Handler                              0x00000044   ARM Code       4  startup.o(RESET)
    PAbt_Handler                             0x00000048   ARM Code       4  startup.o(RESET)
    DAbt_Handler                             0x0000004c   ARM Code       4  startup.o(RESET)
    IRQ_Handler                              0x00000050   ARM Code       4  startup.o(RESET)
    FIQ_Handler                              0x00000054   ARM Code       4  startup.o(RESET)
    !!!main                                  0x00000120   Section        8  __main.o(!!!main)
    !!!scatter                               0x00000128   Section       60  __scatter.o(!!!scatter)
    !!handler_copy                           0x00000164   Section       40  __scatter_copy.o(!!handler_copy)
    !!handler_zi                             0x0000018c   Section       44  __scatter_zi.o(!!handler_zi)
    .ARM.Collect$$_printf_percent$$00000000  0x000001bc   Section        0  _printf_percent.o(.ARM.Collect$$_printf_percent$$00000000)
    .ARM.Collect$$_printf_percent$$00000009  0x000001bc   Section        8  _printf_d.o(.ARM.Collect$$_printf_percent$$00000009)
    .ARM.Collect$$_printf_percent$$00000017  0x000001c4   Section        8  _printf_percent_end.o(.ARM.Collect$$_printf_percent$$00000017)
    .ARM.Collect$$libinit$$00000000          0x000001d4   Section        2  libinit.o(.ARM.Collect$$libinit$$00000000)
    .ARM.Collect$$libinit$$00000002          0x000001d6   Section        0  libinit2.o(.ARM.Collect$$libinit$$00000002)
    .ARM.Collect$$libinit$$00000004          0x000001d6   Section        0  libinit2.o(.ARM.Collect$$libinit$$00000004)
    .ARM.Collect$$libinit$$0000000A          0x000001d6   Section        0  libinit2.o(.ARM.Collect$$libinit$$0000000A)
    .ARM.Collect$$libinit$$0000000C          0x000001d6   Section        0  libinit2.o(.ARM.Collect$$libinit$$0000000C)
    .ARM.Collect$$libinit$$0000000E          0x000001d6   Section        0  libinit2.o(.ARM.Collect$$libinit$$0000000E)
    .ARM.Collect$$libinit$$00000011          0x000001d6   Section        0  libinit2.o(.ARM.Collect$$libinit$$00000011)
    .ARM.Collect$$libinit$$00000013          0x000001d6   Section        0  libinit2.o(.ARM.Collect$$libinit$$00000013)
    .ARM.Collect$$libinit$$00000015          0x000001d6   Section        0  libinit2.o(.ARM.Collect$$libinit$$00000015)
    .ARM.Collect$$libinit$$00000017          0x000001d6   Section        0  libinit2.o(.ARM.Collect$$libinit$$00000017)
    .ARM.Collect$$libinit$$00000019          0x000001d6   Section        0  libinit2.o(.ARM.Collect$$libinit$$00000019)
    .ARM.Collect$$libinit$$0000001B          0x000001d6   Section        0  libinit2.o(.ARM.Collect$$libinit$$0000001B)
    .ARM.Collect$$libinit$$0000001D          0x000001d6   Section        0  libinit2.o(.ARM.Collect$$libinit$$0000001D)
    .ARM.Collect$$libinit$$0000001F          0x000001d6   Section        0  libinit2.o(.ARM.Collect$$libinit$$0000001F)
    .ARM.Collect$$libinit$$00000021          0x000001d6   Section        0  libinit2.o(.ARM.Collect$$libinit$$00000021)
    .ARM.Collect$$libinit$$00000023          0x000001d6   Section        0  libinit2.o(.ARM.Collect$$libinit$$00000023)
    .ARM.Collect$$libinit$$00000025          0x000001d6   Section        0  libinit2.o(.ARM.Collect$$libinit$$00000025)
    .ARM.Collect$$libinit$$0000002C          0x000001d6   Section        0  libinit2.o(.ARM.Collect$$libinit$$0000002C)
    .ARM.Collect$$libinit$$0000002E          0x000001d6   Section        0  libinit2.o(.ARM.Collect$$libinit$$0000002E)
    .ARM.Collect$$libinit$$00000030          0x000001d6   Section        0  libinit2.o(.ARM.Collect$$libinit$$00000030)
    .ARM.Collect$$libinit$$00000032          0x000001d6   Section        0  libinit2.o(.ARM.Collect$$libinit$$00000032)
    .ARM.Collect$$libinit$$00000033          0x000001d6   Section       12  libinit2.o(.ARM.Collect$$libinit$$00000033)
    .ARM.Collect$$libshutdown$$00000000      0x000001ec   Section        4  libshutdown.o(.ARM.Collect$$libshutdown$$00000000)
    .ARM.Collect$$libshutdown$$00000002      0x000001f0   Section        0  libshutdown2.o(.ARM.Collect$$libshutdown$$00000002)
    .ARM.Collect$$libshutdown$$00000004      0x000001f0   Section        0  libshutdown2.o(.ARM.Collect$$libshutdown$$00000004)
    .ARM.Collect$$libshutdown$$00000007      0x000001f0   Section        0  libshutdown2.o(.ARM.Collect$$libshutdown$$00000007)
    .ARM.Collect$$libshutdown$$0000000A      0x000001f0   Section        0  libshutdown2.o(.ARM.Collect$$libshutdown$$0000000A)
    .ARM.Collect$$libshutdown$$0000000C      0x000001f0   Section        0  libshutdown2.o(.ARM.Collect$$libshutdown$$0000000C)
    .ARM.Collect$$libshutdown$$0000000F      0x000001f0   Section        0  libshutdown2.o(.ARM.Collect$$libshutdown$$0000000F)
    .ARM.Collect$$libshutdown$$00000010      0x000001f0   Section        6  libshutdown2.o(.ARM.Collect$$libshutdown$$00000010)
    .ARM.Collect$$rtentry$$00000000          0x000001f8   Section        0  __rtentry.o(.ARM.Collect$$rtentry$$00000000)
    .ARM.Collect$$rtentry$$00000002          0x000001f8   Section        0  __rtentry2.o(.ARM.Collect$$rtentry$$00000002)
    .ARM.Collect$$rtentry$$00000004          0x000001f8   Section        8  __rtentry4.o(.ARM.Collect$$rtentry$$00000004)
    .ARM.Collect$$rtentry$$00000009          0x00000200   Section        0  __rtentry2.o(.ARM.Collect$$rtentry$$00000009)
    .ARM.Collect$$rtentry$$0000000A          0x00000200   Section        4  __rtentry2.o(.ARM.Collect$$rtentry$$0000000A)
    .ARM.Collect$$rtentry$$0000000C          0x00000204   Section        0  __rtentry2.o(.ARM.Collect$$rtentry$$0000000C)
    .ARM.Collect$$rtentry$$0000000D          0x00000204   Section       40  __rtentry2.o(.ARM.Collect$$rtentry$$0000000D)
    .ARM.Collect$$rtexit$$00000000           0x00000230   Section        4  rtexit.o(.ARM.Collect$$rtexit$$00000000)
    .ARM.Collect$$rtexit$$00000002           0x00000234   Section        0  rtexit2.o(.ARM.Collect$$rtexit$$00000002)
    .ARM.Collect$$rtexit$$00000003           0x00000234   Section        4  rtexit2.o(.ARM.Collect$$rtexit$$00000003)
    .ARM.Collect$$rtexit$$00000004           0x00000238   Section        8  rtexit2.o(.ARM.Collect$$rtexit$$00000004)
    .text                                    0x00000240   Section       36  startup.o(.text)
    .text                                    0x0000026c   Section        0  noretval__2sprintf.o(.text)
    .text                                    0x00000294   Section        0  _printf_pad.o(.text)
    .text                                    0x000002f4   Section        0  _printf_dec.o(.text)
    .text                                    0x00000364   Section        0  __printf_flags_wp.o(.text)
    .text                                    0x000004b4   Section        0  strcpy.o(.text)
    .text                                    0x00000504   Section      384  aeabi_sdiv.o(.text)
    __arm_div8                               0x00000530   ARM Code       0  aeabi_sdiv.o(.text)
    __arm_div5                               0x00000554   ARM Code       0  aeabi_sdiv.o(.text)
    __arm_div2                               0x00000578   ARM Code       0  aeabi_sdiv.o(.text)
    __arm_div_large                          0x000005b4   ARM Code       0  aeabi_sdiv.o(.text)
    .text                                    0x00000684   Section        0  heapauxi.o(.text)
    .text                                    0x0000068a   Section        0  _printf_intcommon.o(.text)
    .text                                    0x00000744   Section        0  _printf_char_common.o(.text)
    _printf_input_char                       0x00000745   Thumb Code    10  _printf_char_common.o(.text)
    .text                                    0x00000774   Section        0  _sputc.o(.text)
    .text                                    0x00000784   Section       44  rtudiv10.o(.text)
    .text                                    0x000007b0   Section       96  sys_stackheap_outer.o(.text)
    .text                                    0x00000810   Section        0  exit.o(.text)
    .text                                    0x00000824   Section       12  libspace.o(.text)
    .text                                    0x00000838   Section        0  sys_exit.o(.text)
    .text                                    0x00000844   Section        4  use_no_semi.o(.text)
    .text                                    0x00000848   Section        0  indicate_semi.o(.text)
    .text_udiv                               0x00000848   Section       36  aeabi_sdiv.o(.text_udiv)
    UCOS_ARM                                 0x0000086c   Section      376  os_cpu_a.o(UCOS_ARM)
    UCOS_ARM$$174                            0x00000938   ARM Code       0  os_cpu_a.o(UCOS_ARM)
    UCOS_ARM_ASM_INT                         0x000009e4   Section       44  os_int_a.o(UCOS_ARM_ASM_INT)
    i.AFSetMode                              0x00000a10   Section        0  canfunc.o(i.AFSetMode)
    i.BSP_init                               0x00000aa4   Section        0  bsp.o(i.BSP_init)
    i.CANIntPrg                              0x00000b04   Section        0  canapp.o(i.CANIntPrg)
    i.ClrCanDataOver                         0x00000c24   Section        0  canfunc.o(i.ClrCanDataOver)
    i.ConfigAFReg                            0x00000c54   Section        0  canapp.o(i.ConfigAFReg)
    i.Delay                                  0x00000c68   Section        0  myi2c.o(i.Delay)
    i.HwEnCAN                                0x00000c98   Section        0  canfunc.o(i.HwEnCAN)
    i.I2C_FeedDog                            0x00000d50   Section        0  myi2c.o(i.I2C_FeedDog)
    i.I2C_Init                               0x00000d88   Section        0  myi2c.o(i.I2C_Init)
    i.IRQCTimer0                             0x00000db8   Section        0  bsp.o(i.IRQCTimer0)
    i.InitCAN                                0x00000df0   Section        0  canapp.o(i.InitCAN)
    i.LCD_Init                               0x00000f4c   Section        0  mylcd.o(i.LCD_Init)
    i.LCD_SendByte                           0x00000fb4   Section        0  mylcd.o(i.LCD_SendByte)
    i.LCD_SendData                           0x00001034   Section        0  mylcd.o(i.LCD_SendData)
    i.LCD_SetMode                            0x00001078   Section        0  mylcd.o(i.LCD_SetMode)
    i.LCD_TextOut                            0x0000112c   Section        0  mylcd.o(i.LCD_TextOut)
    i.OSInit                                 0x0000123c   Section        0  os_core.o(i.OSInit)
    i.OSInitHookBegin                        0x000013e0   Section        0  os_cpu_c.o(i.OSInitHookBegin)
    i.OSInitHookEnd                          0x000013e4   Section        0  os_cpu_c.o(i.OSInitHookEnd)
    i.OSIntEnter                             0x000013e8   Section        0  os_core.o(i.OSIntEnter)
    i.OSIntExit                              0x0000142c   Section        0  os_core.o(i.OSIntExit)
    i.OSMboxCreate                           0x00001540   Section        0  os_mbox.o(i.OSMboxCreate)
    i.OSMboxPend                             0x000015c8   Section        0  os_mbox.o(i.OSMboxPend)
    i.OSMboxPost                             0x000016f0   Section        0  os_mbox.o(i.OSMboxPost)
    i.OSSemCreate                            0x00001768   Section        0  os_sem.o(i.OSSemCreate)
    i.OSSemPend                              0x000017f0   Section        0  os_sem.o(i.OSSemPend)
    i.OSSemPost                              0x000018fc   Section        0  os_sem.o(i.OSSemPost)
    i.OSStart                                0x00001980   Section        0  os_core.o(i.OSStart)
    i.OSTCBInitHook                          0x00001a28   Section        0  os_cpu_c.o(i.OSTCBInitHook)
    i.OSTaskCreate                           0x00001a30   Section        0  os_task.o(i.OSTaskCreate)
    i.OSTaskCreateHook                       0x00001b38   Section        0  os_cpu_c.o(i.OSTaskCreateHook)
    i.OSTaskDel                              0x00001b40   Section        0  os_task.o(i.OSTaskDel)
    i.OSTaskDelHook                          0x00001d3c   Section        0  os_cpu_c.o(i.OSTaskDelHook)
    i.OSTaskIdleHook                         0x00001d44   Section        0  os_cpu_c.o(i.OSTaskIdleHook)
    i.OSTaskStkInit                          0x00001d48   Section        0  os_cpu_c.o(i.OSTaskStkInit)
    i.OSTaskSwHook                           0x00001e2c   Section        0  os_cpu_c.o(i.OSTaskSwHook)
    i.OSTimeDly                              0x00001e30   Section        0  os_time.o(i.OSTimeDly)
    i.OSTimeDlyHMSM                          0x00001ed4   Section        0  os_time.o(i.OSTimeDlyHMSM)
    i.OSTimeTick                             0x00001fb4   Section        0  os_core.o(i.OSTimeTick)
    i.OSTimeTickHook                         0x00002070   Section        0  os_cpu_c.o(i.OSTimeTickHook)
    i.OS_Dummy                               0x00002074   Section        0  os_core.o(i.OS_Dummy)
    i.OS_EventTO                             0x00002078   Section        0  os_core.o(i.OS_EventTO)
    i.OS_EventTaskRdy                        0x000020f4   Section        0  os_core.o(i.OS_EventTaskRdy)
    i.OS_EventTaskWait                       0x000021d0   Section        0  os_core.o(i.OS_EventTaskWait)
    i.OS_EventWaitListInit                   0x0000229c   Section        0  os_core.o(i.OS_EventWaitListInit)
    i.OS_Sched                               0x000022d0   Section        0  os_core.o(i.OS_Sched)
    i.OS_TCBInit                             0x000023a8   Section        0  os_core.o(i.OS_TCBInit)
    i.OS_TaskIdle                            0x00002520   Section        0  os_core.o(i.OS_TaskIdle)
    i.PWM_Out                                0x00002558   Section        0  main.o(i.PWM_Out)
    i.ReadCanRxBuf                           0x000025f0   Section        0  canapp.o(i.ReadCanRxBuf)
    i.RelCanRecBuf                           0x000026ec   Section        0  canfunc.o(i.RelCanRecBuf)
    i.SetCANBaudRate                         0x0000271c   Section        0  canfunc.o(i.SetCANBaudRate)
    i.SetErWarmVal                           0x00002778   Section        0  canfunc.o(i.SetErWarmVal)
    i.SetLOMMOD                              0x000027f0   Section        0  canfunc.o(i.SetLOMMOD)
    i.SetTPMMOD                              0x00002870   Section        0  canfunc.o(i.SetTPMMOD)
    i.Sleep                                  0x000028d0   Section        0  myi2c.o(i.Sleep)
    i.SoftEnCAN                              0x00002908   Section        0  canfunc.o(i.SoftEnCAN)
    i.SoftRstCAN                             0x0000295c   Section        0  canfunc.o(i.SoftRstCAN)
    i.TargetResetInit                        0x000029a0   Section        0  main.o(i.TargetResetInit)
    i.TasK_CAN                               0x00002a34   Section        0  main.o(i.TasK_CAN)
    i.TasK_I2C                               0x00002bb4   Section        0  main.o(i.TasK_I2C)
    i.TasK_KEY                               0x00002c2c   Section        0  main.o(i.TasK_KEY)
    i.TasK_LCD                               0x00002d44   Section        0  main.o(i.TasK_LCD)
    i.TasK_MID                               0x00003078   Section        0  main.o(i.TasK_MID)
    i.TasK_PWM                               0x000031b4   Section        0  main.o(i.TasK_PWM)
    i.TaskStart                              0x000033a8   Section        0  main.o(i.TaskStart)
    i.__ARM_common_call_via_r1               0x000034d0   Section        0  __printf.o(i.__ARM_common_call_via_r1)
    i.__ARM_common_call_via_r2               0x000034d2   Section        0  __printf.o(i.__ARM_common_call_via_r2)
    i._is_digit                              0x000034d4   Section        0  __printf_wp.o(i._is_digit)
    i.main                                   0x000034e4   Section        0  main.o(i.main)
    x$fpl$fflt                               0x00003518   Section       92  fflt_noclz.o(x$fpl$fflt)
    x$fpl$fmul                               0x00003574   Section      256  fmul.o(x$fpl$fmul)
    x$fpl$fnaninf                            0x00003674   Section      168  fnaninf.o(x$fpl$fnaninf)
    x$fpl$fretinf                            0x0000371c   Section       16  fretinf.o(x$fpl$fretinf)
    .constdata                               0x0000372c   Section      264  os_core.o(.constdata)
    x$fpl$usenofp                            0x0000372c   Section        0  usenofp.o(x$fpl$usenofp)
    .constdata                               0x00003834   Section       68  canfunc.o(.constdata)
    .constdata                               0x00003878   Section       17  __printf_flags_wp.o(.constdata)
    maptable                                 0x00003878   Data          17  __printf_flags_wp.o(.constdata)
    .data                                    0x40000000   Section       40  main.o(.data)
    .data                                    0x40000028   Section        4  os_cpu_c.o(.data)
    .data                                    0x4000002c   Section       44  os_core.o(.data)
    .bss                                     0x40000058   Section     3584  main.o(.bss)
    .bss                                     0x40000e58   Section      920  os_core.o(.bss)
    .bss                                     0x400011f0   Section     1608  canapp.o(.bss)
    .bss                                     0x40001838   Section       96  libspace.o(.bss)
    HEAP                                     0x40001898   Section     2048  startup.o(HEAP)
    Heap_Mem                                 0x40001898   Data        2048  startup.o(HEAP)
    STACK                                    0x40002098   Section     4104  startup.o(STACK)
    Stack_Mem                                0x40002098   Data        4104  startup.o(STACK)
    Stack_Top                                0x400030a0   Data           0  startup.o(STACK)

    Global Symbols

    Symbol Name                              Value     Ov Type        Size  Object(Section)

    BuildAttributes$$THM_ISAv1$ARM_ISAv4$S$PE$A:L22$X:L11$S22$IEEE1$IW$USESV6$~STKCKD$USESV7$~SHL$OSPACE$ROPI$EBA8$UX$STANDARDLIB$REQ8$PRES8$EABIv2 0x00000000   Number         0  anon$$obj.o ABSOLUTE
    __ARM_use_no_argv                        0x00000000   Number         0  main.o ABSOLUTE
    _printf_flags                            0x00000000   Number         0  printf_stubs.o ABSOLUTE
    _printf_return_value                     0x00000000   Number         0  printf_stubs.o ABSOLUTE
    _printf_sizespec                         0x00000000   Number         0  printf_stubs.o ABSOLUTE
    _printf_widthprec                        0x00000000   Number         0  printf_stubs.o ABSOLUTE
    __ARM_exceptions_init                     - Undefined Weak Reference
    __alloca_initialize                       - Undefined Weak Reference
    __arm_preinit_                            - Undefined Weak Reference
    __cpp_initialize__aeabi_                  - Undefined Weak Reference
    __cxa_finalize                            - Undefined Weak Reference
    __rt_locale                               - Undefined Weak Reference
    __sigvec_lookup                           - Undefined Weak Reference
    _atexit_init                              - Undefined Weak Reference
    _call_atexit_fns                          - Undefined Weak Reference
    _clock_init                               - Undefined Weak Reference
    _fp_trap_init                             - Undefined Weak Reference
    _fp_trap_shutdown                         - Undefined Weak Reference
    _get_lc_collate                           - Undefined Weak Reference
    _get_lc_ctype                             - Undefined Weak Reference
    _get_lc_monetary                          - Undefined Weak Reference
    _get_lc_numeric                           - Undefined Weak Reference
    _get_lc_time                              - Undefined Weak Reference
    _getenv_init                              - Undefined Weak Reference
    _handle_redirection                       - Undefined Weak Reference
    _init_alloc                               - Undefined Weak Reference
    _init_user_alloc                          - Undefined Weak Reference
    _initio                                   - Undefined Weak Reference
    _printf_truncate_signed                   - Undefined Weak Reference
    _printf_truncate_unsigned                 - Undefined Weak Reference
    _rand_init                                - Undefined Weak Reference
    _signal_finish                            - Undefined Weak Reference
    _signal_init                              - Undefined Weak Reference
    _terminate_alloc                          - Undefined Weak Reference
    _terminate_user_alloc                     - Undefined Weak Reference
    _terminateio                              - Undefined Weak Reference
    Reset_Handler                            0x00000058   ARM Code       0  startup.o(RESET)
    __main                                   0x00000120   ARM Code       8  __main.o(!!!main)
    __scatterload                            0x00000128   ARM Code       0  __scatter.o(!!!scatter)
    __scatterload_rt2                        0x00000128   ARM Code      52  __scatter.o(!!!scatter)
    __scatterload_null                       0x0000013c   ARM Code       0  __scatter.o(!!!scatter)
    __scatterload_copy                       0x00000164   ARM Code      40  __scatter_copy.o(!!handler_copy)
    __scatterload_zeroinit                   0x0000018c   ARM Code      44  __scatter_zi.o(!!handler_zi)
    Inline Thumb to ARM Veneer to _printf_percent 0x000001b9   Thumb Code     4  _printf_percent.o(.ARM.Collect$$_printf_percent$$00000000)
    _printf_d                                0x000001bc   ARM Code       0  _printf_d.o(.ARM.Collect$$_printf_percent$$00000009)
    _printf_percent                          0x000001bc   ARM Code       0  _printf_percent.o(.ARM.Collect$$_printf_percent$$00000000)
    _printf_percent_end                      0x000001c4   ARM Code       0  _printf_percent_end.o(.ARM.Collect$$_printf_percent$$00000017)
    Inline ARM to Thumb Veneer to __rt_lib_init 0x000001cc   ARM Code       8  libinit.o(.ARM.Collect$$libinit$$00000000)
    __rt_lib_init                            0x000001d5   Thumb Code     0  libinit.o(.ARM.Collect$$libinit$$00000000)
    __rt_lib_init_alloca_1                   0x000001d7   Thumb Code     0  libinit2.o(.ARM.Collect$$libinit$$0000002E)
    __rt_lib_init_argv_1                     0x000001d7   Thumb Code     0  libinit2.o(.ARM.Collect$$libinit$$0000002C)
    __rt_lib_init_atexit_1                   0x000001d7   Thumb Code     0  libinit2.o(.ARM.Collect$$libinit$$0000001B)
    __rt_lib_init_clock_1                    0x000001d7   Thumb Code     0  libinit2.o(.ARM.Collect$$libinit$$00000021)
    __rt_lib_init_cpp_1                      0x000001d7   Thumb Code     0  libinit2.o(.ARM.Collect$$libinit$$00000032)
    __rt_lib_init_exceptions_1               0x000001d7   Thumb Code     0  libinit2.o(.ARM.Collect$$libinit$$00000030)
    __rt_lib_init_fp_1                       0x000001d7   Thumb Code     0  libinit2.o(.ARM.Collect$$libinit$$00000002)
    __rt_lib_init_fp_trap_1                  0x000001d7   Thumb Code     0  libinit2.o(.ARM.Collect$$libinit$$0000001F)
    __rt_lib_init_getenv_1                   0x000001d7   Thumb Code     0  libinit2.o(.ARM.Collect$$libinit$$00000023)
    __rt_lib_init_heap_1                     0x000001d7   Thumb Code     0  libinit2.o(.ARM.Collect$$libinit$$0000000A)
    __rt_lib_init_lc_collate_1               0x000001d7   Thumb Code     0  libinit2.o(.ARM.Collect$$libinit$$00000011)
    __rt_lib_init_lc_ctype_1                 0x000001d7   Thumb Code     0  libinit2.o(.ARM.Collect$$libinit$$00000013)
    __rt_lib_init_lc_monetary_1              0x000001d7   Thumb Code     0  libinit2.o(.ARM.Collect$$libinit$$00000015)
    __rt_lib_init_lc_numeric_1               0x000001d7   Thumb Code     0  libinit2.o(.ARM.Collect$$libinit$$00000017)
    __rt_lib_init_lc_time_1                  0x000001d7   Thumb Code     0  libinit2.o(.ARM.Collect$$libinit$$00000019)
    __rt_lib_init_preinit_1                  0x000001d7   Thumb Code     0  libinit2.o(.ARM.Collect$$libinit$$00000004)
    __rt_lib_init_rand_1                     0x000001d7   Thumb Code     0  libinit2.o(.ARM.Collect$$libinit$$0000000E)
    __rt_lib_init_return                     0x000001d7   Thumb Code     0  libinit2.o(.ARM.Collect$$libinit$$00000033)
    __rt_lib_init_signal_1                   0x000001d7   Thumb Code     0  libinit2.o(.ARM.Collect$$libinit$$0000001D)
    __rt_lib_init_stdio_1                    0x000001d7   Thumb Code     0  libinit2.o(.ARM.Collect$$libinit$$00000025)
    __rt_lib_init_user_alloc_1               0x000001d7   Thumb Code     0  libinit2.o(.ARM.Collect$$libinit$$0000000C)
    Inline ARM to Thumb Veneer to __rt_lib_shutdown 0x000001e4   ARM Code       8  libshutdown.o(.ARM.Collect$$libshutdown$$00000000)
    __rt_lib_shutdown                        0x000001ed   Thumb Code     0  libshutdown.o(.ARM.Collect$$libshutdown$$00000000)
    __rt_lib_shutdown_cpp_1                  0x000001f1   Thumb Code     0  libshutdown2.o(.ARM.Collect$$libshutdown$$00000002)
    __rt_lib_shutdown_fp_trap_1              0x000001f1   Thumb Code     0  libshutdown2.o(.ARM.Collect$$libshutdown$$00000007)
    __rt_lib_shutdown_heap_1                 0x000001f1   Thumb Code     0  libshutdown2.o(.ARM.Collect$$libshutdown$$0000000F)
    __rt_lib_shutdown_return                 0x000001f1   Thumb Code     0  libshutdown2.o(.ARM.Collect$$libshutdown$$00000010)
    __rt_lib_shutdown_signal_1               0x000001f1   Thumb Code     0  libshutdown2.o(.ARM.Collect$$libshutdown$$0000000A)
    __rt_lib_shutdown_stdio_1                0x000001f1   Thumb Code     0  libshutdown2.o(.ARM.Collect$$libshutdown$$00000004)
    __rt_lib_shutdown_user_alloc_1           0x000001f1   Thumb Code     0  libshutdown2.o(.ARM.Collect$$libshutdown$$0000000C)
    __rt_entry                               0x000001f8   ARM Code       0  __rtentry.o(.ARM.Collect$$rtentry$$00000000)
    __rt_entry_presh_1                       0x000001f8   ARM Code       0  __rtentry2.o(.ARM.Collect$$rtentry$$00000002)
    __rt_entry_sh                            0x000001f8   ARM Code       0  __rtentry4.o(.ARM.Collect$$rtentry$$00000004)
    __rt_entry_li                            0x00000200   ARM Code       0  __rtentry2.o(.ARM.Collect$$rtentry$$0000000A)
    __rt_entry_postsh_1                      0x00000200   ARM Code       0  __rtentry2.o(.ARM.Collect$$rtentry$$00000009)
    __rt_entry_main                          0x00000204   ARM Code       0  __rtentry2.o(.ARM.Collect$$rtentry$$0000000D)
    __rt_entry_postli_1                      0x00000204   ARM Code       0  __rtentry2.o(.ARM.Collect$$rtentry$$0000000C)
    Inline Thumb to ARM Veneer to __rt_exit  0x0000022d   Thumb Code     4  rtexit.o(.ARM.Collect$$rtexit$$00000000)
    __rt_exit                                0x00000230   ARM Code       0  rtexit.o(.ARM.Collect$$rtexit$$00000000)
    __rt_exit_ls                             0x00000234   ARM Code       0  rtexit2.o(.ARM.Collect$$rtexit$$00000003)
    __rt_exit_prels_1                        0x00000234   ARM Code       0  rtexit2.o(.ARM.Collect$$rtexit$$00000002)
    __rt_exit_exit                           0x00000238   ARM Code       0  rtexit2.o(.ARM.Collect$$rtexit$$00000004)
    __user_initial_stackheap                 0x00000240   ARM Code       0  startup.o(.text)
    Inline ARM to Thumb Veneer to __2sprintf 0x00000264   ARM Code       8  noretval__2sprintf.o(.text)
    __2sprintf                               0x0000026d   Thumb Code    36  noretval__2sprintf.o(.text)
    _printf_pre_padding                      0x00000295   Thumb Code    50  _printf_pad.o(.text)
    _printf_post_padding                     0x000002c7   Thumb Code    36  _printf_pad.o(.text)
    Inline ARM to Thumb Veneer to _printf_int_dec 0x000002ec   ARM Code       8  _printf_dec.o(.text)
    _printf_int_dec                          0x000002f5   Thumb Code    94  _printf_dec.o(.text)
    __printf                                 0x00000365   Thumb Code   322  __printf_flags_wp.o(.text)
    Inline ARM to Thumb Veneer to strcpy     0x000004ac   ARM Code       8  strcpy.o(.text)
    strcpy                                   0x000004b5   Thumb Code    74  strcpy.o(.text)
    __aeabi_idiv                             0x00000504   ARM Code       0  aeabi_sdiv.o(.text)
    __aeabi_idivmod                          0x00000504   ARM Code     384  aeabi_sdiv.o(.text)
    __use_two_region_memory                  0x00000685   Thumb Code     2  heapauxi.o(.text)
    __rt_heap_escrow$2region                 0x00000687   Thumb Code     2  heapauxi.o(.text)
    __rt_heap_expand$2region                 0x00000689   Thumb Code     2  heapauxi.o(.text)
    _printf_int_common                       0x0000068b   Thumb Code   186  _printf_intcommon.o(.text)
    _printf_char_common                      0x0000074f   Thumb Code    34  _printf_char_common.o(.text)
    _sputc                                   0x00000775   Thumb Code    10  _sputc.o(.text)
    Inline Thumb to ARM Veneer to __rt_udiv10 0x00000781   Thumb Code     4  rtudiv10.o(.text)
    __rt_udiv10                              0x00000784   ARM Code      44  rtudiv10.o(.text)
    __user_setup_stackheap                   0x000007b0   ARM Code      96  sys_stackheap_outer.o(.text)
    exit                                     0x00000811   Thumb Code    20  exit.o(.text)
    __user_libspace                          0x00000824   ARM Code      12  libspace.o(.text)
    __user_perproc_libspace                  0x00000824   ARM Code       0  libspace.o(.text)
    __user_perthread_libspace                0x00000824   ARM Code       0  libspace.o(.text)
    Inline ARM to Thumb Veneer to _sys_exit  0x00000830   ARM Code       8  sys_exit.o(.text)
    _sys_exit                                0x00000839   Thumb Code     8  sys_exit.o(.text)
    __I$use$semihosting                      0x00000844   ARM Code       0  use_no_semi.o(.text)
    __use_no_semihosting_swi                 0x00000844   ARM Code       4  use_no_semi.o(.text)
    __aeabi_uidiv                            0x00000848   ARM Code       0  aeabi_sdiv.o(.text_udiv)
    __aeabi_uidivmod                         0x00000848   ARM Code      36  aeabi_sdiv.o(.text_udiv)
    __semihosting_library_function           0x00000848   ARM Code       0  indicate_semi.o(.text)
    OSStartHighRdy                           0x0000086c   ARM Code       0  os_cpu_a.o(UCOS_ARM)
    OSCtxSw                                  0x0000089c   ARM Code       0  os_cpu_a.o(UCOS_ARM)
    OSIntCtxSw                               0x000008f8   ARM Code       0  os_cpu_a.o(UCOS_ARM)
    _IntCtxSw                                0x00000908   ARM Code       0  os_cpu_a.o(UCOS_ARM)
    OSCPUSaveSR                              0x000009a0   ARM Code       0  os_cpu_a.o(UCOS_ARM)
    OSCPURestoreSR                           0x000009c0   ARM Code       0  os_cpu_a.o(UCOS_ARM)
    IRQASMTimer0                             0x000009e4   ARM Code       0  os_int_a.o(UCOS_ARM_ASM_INT)
    AFSetMode                                0x00000a10   ARM Code     144  canfunc.o(i.AFSetMode)
    BSP_init                                 0x00000aa4   ARM Code      84  bsp.o(i.BSP_init)
    CANIntPrg                                0x00000b04   ARM Code     276  canapp.o(i.CANIntPrg)
    ClrCanDataOver                           0x00000c24   ARM Code      44  canfunc.o(i.ClrCanDataOver)
    ConfigAFReg                              0x00000c54   ARM Code      20  canapp.o(i.ConfigAFReg)
    Delay                                    0x00000c68   ARM Code      48  myi2c.o(i.Delay)
    HwEnCAN                                  0x00000c98   ARM Code     172  canfunc.o(i.HwEnCAN)
    I2C_FeedDog                              0x00000d50   ARM Code      52  myi2c.o(i.I2C_FeedDog)
    I2C_Init                                 0x00000d88   ARM Code      44  myi2c.o(i.I2C_Init)
    IRQCTimer0                               0x00000db8   ARM Code      52  bsp.o(i.IRQCTimer0)
    InitCAN                                  0x00000df0   ARM Code     320  canapp.o(i.InitCAN)
    LCD_Init                                 0x00000f4c   ARM Code      96  mylcd.o(i.LCD_Init)
    LCD_SendByte                             0x00000fb4   ARM Code     124  mylcd.o(i.LCD_SendByte)
    LCD_SendData                             0x00001034   ARM Code      68  mylcd.o(i.LCD_SendData)
    LCD_SetMode                              0x00001078   ARM Code     180  mylcd.o(i.LCD_SetMode)
    LCD_TextOut                              0x0000112c   ARM Code     272  mylcd.o(i.LCD_TextOut)
    OSInit                                   0x0000123c   ARM Code     340  os_core.o(i.OSInit)
    OSInitHookBegin                          0x000013e0   ARM Code       4  os_cpu_c.o(i.OSInitHookBegin)
    OSInitHookEnd                            0x000013e4   ARM Code       4  os_cpu_c.o(i.OSInitHookEnd)
    OSIntEnter                               0x000013e8   ARM Code      64  os_core.o(i.OSIntEnter)
    OSIntExit                                0x0000142c   ARM Code     232  os_core.o(i.OSIntExit)
    OSMboxCreate                             0x00001540   ARM Code     128  os_mbox.o(i.OSMboxCreate)
    OSMboxPend                               0x000015c8   ARM Code     288  os_mbox.o(i.OSMboxPend)
    OSMboxPost                               0x000016f0   ARM Code     120  os_mbox.o(i.OSMboxPost)
    OSSemCreate                              0x00001768   ARM Code     128  os_sem.o(i.OSSemCreate)
    OSSemPend                                0x000017f0   ARM Code     260  os_sem.o(i.OSSemPend)
    OSSemPost                                0x000018fc   ARM Code     128  os_sem.o(i.OSSemPost)
    OSStart                                  0x00001980   ARM Code     132  os_core.o(i.OSStart)
    OSTCBInitHook                            0x00001a28   ARM Code       8  os_cpu_c.o(i.OSTCBInitHook)
    OSTaskCreate                             0x00001a30   ARM Code     252  os_task.o(i.OSTaskCreate)
    OSTaskCreateHook                         0x00001b38   ARM Code       8  os_cpu_c.o(i.OSTaskCreateHook)
    OSTaskDel                                0x00001b40   ARM Code     472  os_task.o(i.OSTaskDel)
    OSTaskDelHook                            0x00001d3c   ARM Code       8  os_cpu_c.o(i.OSTaskDelHook)
    OSTaskIdleHook                           0x00001d44   ARM Code       4  os_cpu_c.o(i.OSTaskIdleHook)
    OSTaskStkInit                            0x00001d48   ARM Code     228  os_cpu_c.o(i.OSTaskStkInit)
    OSTaskSwHook                             0x00001e2c   ARM Code       4  os_cpu_c.o(i.OSTaskSwHook)
    OSTimeDly                                0x00001e30   ARM Code     152  os_time.o(i.OSTimeDly)
    OSTimeDlyHMSM                            0x00001ed4   ARM Code     224  os_time.o(i.OSTimeDlyHMSM)
    OSTimeTick                               0x00001fb4   ARM Code     176  os_core.o(i.OSTimeTick)
    OSTimeTickHook                           0x00002070   ARM Code       4  os_cpu_c.o(i.OSTimeTickHook)
    OS_Dummy                                 0x00002074   ARM Code       4  os_core.o(i.OS_Dummy)
    OS_EventTO                               0x00002078   ARM Code     120  os_core.o(i.OS_EventTO)
    OS_EventTaskRdy                          0x000020f4   ARM Code     200  os_core.o(i.OS_EventTaskRdy)
    OS_EventTaskWait                         0x000021d0   ARM Code     192  os_core.o(i.OS_EventTaskWait)
    OS_EventWaitListInit                     0x0000229c   ARM Code      52  os_core.o(i.OS_EventWaitListInit)
    OS_Sched                                 0x000022d0   ARM Code     176  os_core.o(i.OS_Sched)
    OS_TCBInit                               0x000023a8   ARM Code     352  os_core.o(i.OS_TCBInit)
    OS_TaskIdle                              0x00002520   ARM Code      52  os_core.o(i.OS_TaskIdle)
    PWM_Out                                  0x00002558   ARM Code     140  main.o(i.PWM_Out)
    ReadCanRxBuf                             0x000025f0   ARM Code     248  canapp.o(i.ReadCanRxBuf)
    RelCanRecBuf                             0x000026ec   ARM Code      44  canfunc.o(i.RelCanRecBuf)
    SetCANBaudRate                           0x0000271c   ARM Code      92  canfunc.o(i.SetCANBaudRate)
    SetErWarmVal                             0x00002778   ARM Code     120  canfunc.o(i.SetErWarmVal)
    SetLOMMOD                                0x000027f0   ARM Code     128  canfunc.o(i.SetLOMMOD)
    SetTPMMOD                                0x00002870   ARM Code      96  canfunc.o(i.SetTPMMOD)
    Sleep                                    0x000028d0   ARM Code      52  myi2c.o(i.Sleep)
    SoftEnCAN                                0x00002908   ARM Code      84  canfunc.o(i.SoftEnCAN)
    SoftRstCAN                               0x0000295c   ARM Code      68  canfunc.o(i.SoftRstCAN)
    TargetResetInit                          0x000029a0   ARM Code     144  main.o(i.TargetResetInit)
    TasK_CAN                                 0x00002a34   ARM Code     368  main.o(i.TasK_CAN)
    TasK_I2C                                 0x00002bb4   ARM Code     112  main.o(i.TasK_I2C)
    TasK_KEY                                 0x00002c2c   ARM Code     260  main.o(i.TasK_KEY)
    TasK_LCD                                 0x00002d44   ARM Code     820  main.o(i.TasK_LCD)
    TasK_MID                                 0x00003078   ARM Code     272  main.o(i.TasK_MID)
    TasK_PWM                                 0x000031b4   ARM Code     468  main.o(i.TasK_PWM)
    TaskStart                                0x000033a8   ARM Code     244  main.o(i.TaskStart)
    __ARM_common_call_via_r1                 0x000034d1   Thumb Code     2  __printf.o(i.__ARM_common_call_via_r1)
    __ARM_common_call_via_r2                 0x000034d3   Thumb Code     2  __printf.o(i.__ARM_common_call_via_r2)
    _is_digit                                0x000034d5   Thumb Code    14  __printf_wp.o(i._is_digit)
    main                                     0x000034e4   ARM Code      44  main.o(i.main)
    __aeabi_i2f                              0x00003518   ARM Code       0  fflt_noclz.o(x$fpl$fflt)
    _fflt                                    0x00003518   ARM Code      92  fflt_noclz.o(x$fpl$fflt)
    __fflt_normalise                         0x00003524   ARM Code       0  fflt_noclz.o(x$fpl$fflt)
    __aeabi_fmul                             0x00003574   ARM Code       0  fmul.o(x$fpl$fmul)
    _fmul                                    0x00003574   ARM Code     256  fmul.o(x$fpl$fmul)
    __fpl_fnaninf                            0x00003674   ARM Code     168  fnaninf.o(x$fpl$fnaninf)
    __fpl_fretinf                            0x0000371c   ARM Code      16  fretinf.o(x$fpl$fretinf)
    OSMapTbl                                 0x0000372c   Data           8  os_core.o(.constdata)
    __I$use$fp                               0x0000372c   Number         0  usenofp.o(x$fpl$usenofp)
    OSUnMapTbl                               0x00003734   Data         256  os_core.o(.constdata)
    USE_LOM_CAN                              0x00003834   Data           8  canfunc.o(.constdata)
    USE_SLP_MOD_CAN                          0x0000383c   Data           8  canfunc.o(.constdata)
    USE_BTR_CAN                              0x00003844   Data           8  canfunc.o(.constdata)
    USE_TPM_CAN                              0x0000384c   Data           8  canfunc.o(.constdata)
    USE_INT_CAN                              0x00003854   Data           8  canfunc.o(.constdata)
    USE_EWL_CAN                              0x0000385c   Data           8  canfunc.o(.constdata)
    Region$$Table$$Base                      0x0000388c   Number         0  anon$$obj.o(Region$$Table)
    Region$$Table$$Limit                     0x000038ac   Number         0  anon$$obj.o(Region$$Table)
    SEM_UPDATE                               0x40000000   Data           4  main.o(.data)
    MBOX_KEYDN                               0x40000004   Data           4  main.o(.data)
    SEM_CAN                                  0x40000008   Data           4  main.o(.data)
    SEM_AUTO                                 0x4000000c   Data           4  main.o(.data)
    control                                  0x40000010   Data           1  main.o(.data)
    run                                      0x40000011   Data           1  main.o(.data)
    dir                                      0x40000012   Data           1  main.o(.data)
    u8CntKEY                                 0x40000013   Data           1  main.o(.data)
    u8CntI2C                                 0x40000014   Data           1  main.o(.data)
    canout                                   0x40000016   Data           2  main.o(.data)
    strtmp                                   0x40000018   Data           8  main.o(.data)
    strKey                                   0x40000020   Data           8  main.o(.data)
    OSIntCtxSwFlag                           0x40000028   Data           4  os_cpu_c.o(.data)
    OSCtxSwCtr                               0x4000002c   Data           4  os_core.o(.data)
    OSEventFreeList                          0x40000030   Data           4  os_core.o(.data)
    OSIntNesting                             0x40000034   Data           1  os_core.o(.data)
    OSIntExitY                               0x40000035   Data           1  os_core.o(.data)
    OSLockNesting                            0x40000036   Data           1  os_core.o(.data)
    OSPrioCur                                0x40000037   Data           1  os_core.o(.data)
    OSPrioHighRdy                            0x40000038   Data           1  os_core.o(.data)
    OSRdyGrp                                 0x40000039   Data           1  os_core.o(.data)
    OSRdyTbl                                 0x4000003a   Data           8  os_core.o(.data)
    OSRunning                                0x40000042   Data           1  os_core.o(.data)
    OSTaskCtr                                0x40000043   Data           1  os_core.o(.data)
    OSIdleCtr                                0x40000044   Data           4  os_core.o(.data)
    OSTCBCur                                 0x40000048   Data           4  os_core.o(.data)
    OSTCBFreeList                            0x4000004c   Data           4  os_core.o(.data)
    OSTCBHighRdy                             0x40000050   Data           4  os_core.o(.data)
    OSTCBList                                0x40000054   Data           4  os_core.o(.data)
    TaskStartStk                             0x40000058   Data         512  main.o(.bss)
    StacK_I2C                                0x40000258   Data         512  main.o(.bss)
    StacK_CAN                                0x40000458   Data         512  main.o(.bss)
    StacK_KEY                                0x40000658   Data         512  main.o(.bss)
    StacK_MID                                0x40000858   Data         512  main.o(.bss)
    StacK_PWM                                0x40000a58   Data         512  main.o(.bss)
    StacK_LCD                                0x40000c58   Data         512  main.o(.bss)
    OSEventTbl                               0x40000e58   Data         100  os_core.o(.bss)
    OSTaskIdleStk                            0x40000ebc   Data         256  os_core.o(.bss)
    OSTCBPrioTbl                             0x40000fbc   Data         244  os_core.o(.bss)
    OSTCBTbl                                 0x400010b0   Data         320  os_core.o(.bss)
    CANRcvCyBufApp                           0x400011f0   Data        1608  canapp.o(.bss)
    __libspace_start                         0x40001838   Data          96  libspace.o(.bss)
    __temporary_stack_top$libspace           0x40001898   Data           0  libspace.o(.bss)



==============================================================================

Memory Map of the image

  Image Entry point : 0x00000120

  Load Region LR_IROM1 (Base: 0x00000000, Size: 0x00003904, Max: 0x00020000, ABSOLUTE)

    Execution Region ER_IROM1 (Exec base: 0x00000000, Load base: 0x00000000, Size: 0x000038ac, Max: 0x00020000, ABSOLUTE)

    Exec Addr    Load Addr    Size         Type   Attr      Idx    E Section Name        Object

    0x00000000   0x00000000   0x00000120   Code   RO          149    RESET               startup.o
    0x00000120   0x00000120   0x00000008   Code   RO          882  * !!!main             c_t.l(__main.o)
    0x00000128   0x00000128   0x0000003c   Code   RO         1075    !!!scatter          c_t.l(__scatter.o)
    0x00000164   0x00000164   0x00000028   Code   RO         1077    !!handler_copy      c_t.l(__scatter_copy.o)
    0x0000018c   0x0000018c   0x0000002c   Code   RO         1079    !!handler_zi        c_t.l(__scatter_zi.o)
    0x000001b8   0x000001b8   0x00000004   Ven    RO          861    .ARM.Collect$$_printf_percent$$00000000  c_t.l(_printf_percent.o)
    0x000001bc   0x000001bc   0x00000000   Code   RO          861    .ARM.Collect$$_printf_percent$$00000000  c_t.l(_printf_percent.o)
    0x000001bc   0x000001bc   0x00000008   Code   RO          860    .ARM.Collect$$_printf_percent$$00000009  c_t.l(_printf_d.o)
    0x000001c4   0x000001c4   0x00000008   Code   RO          901    .ARM.Collect$$_printf_percent$$00000017  c_t.l(_printf_percent_end.o)
    0x000001cc   0x000001cc   0x00000008   Ven    RO          945    .ARM.Collect$$libinit$$00000000  c_t.l(libinit.o)
    0x000001d4   0x000001d4   0x00000002   Code   RO          945    .ARM.Collect$$libinit$$00000000  c_t.l(libinit.o)
    0x000001d6   0x000001d6   0x00000000   Code   RO          958    .ARM.Collect$$libinit$$00000002  c_t.l(libinit2.o)
    0x000001d6   0x000001d6   0x00000000   Code   RO          960    .ARM.Collect$$libinit$$00000004  c_t.l(libinit2.o)
    0x000001d6   0x000001d6   0x00000000   Code   RO          963    .ARM.Collect$$libinit$$0000000A  c_t.l(libinit2.o)
    0x000001d6   0x000001d6   0x00000000   Code   RO          965    .ARM.Collect$$libinit$$0000000C  c_t.l(libinit2.o)
    0x000001d6   0x000001d6   0x00000000   Code   RO          967    .ARM.Collect$$libinit$$0000000E  c_t.l(libinit2.o)
    0x000001d6   0x000001d6   0x00000000   Code   RO          970    .ARM.Collect$$libinit$$00000011  c_t.l(libinit2.o)
    0x000001d6   0x000001d6   0x00000000   Code   RO          972    .ARM.Collect$$libinit$$00000013  c_t.l(libinit2.o)
    0x000001d6   0x000001d6   0x00000000   Code   RO          974    .ARM.Collect$$libinit$$00000015  c_t.l(libinit2.o)
    0x000001d6   0x000001d6   0x00000000   Code   RO          976    .ARM.Collect$$libinit$$00000017  c_t.l(libinit2.o)
    0x000001d6   0x000001d6   0x00000000   Code   RO          978    .ARM.Collect$$libinit$$00000019  c_t.l(libinit2.o)
    0x000001d6   0x000001d6   0x00000000   Code   RO          980    .ARM.Collect$$libinit$$0000001B  c_t.l(libinit2.o)
    0x000001d6   0x000001d6   0x00000000   Code   RO          982    .ARM.Collect$$libinit$$0000001D  c_t.l(libinit2.o)
    0x000001d6   0x000001d6   0x00000000   Code   RO          984    .ARM.Collect$$libinit$$0000001F  c_t.l(libinit2.o)
    0x000001d6   0x000001d6   0x00000000   Code   RO          986    .ARM.Collect$$libinit$$00000021  c_t.l(libinit2.o)
    0x000001d6   0x000001d6   0x00000000   Code   RO          988    .ARM.Collect$$libinit$$00000023  c_t.l(libinit2.o)
    0x000001d6   0x000001d6   0x00000000   Code   RO          990    .ARM.Collect$$libinit$$00000025  c_t.l(libinit2.o)
    0x000001d6   0x000001d6   0x00000000   Code   RO          994    .ARM.Collect$$libinit$$0000002C  c_t.l(libinit2.o)
    0x000001d6   0x000001d6   0x00000000   Code   RO          996    .ARM.Collect$$libinit$$0000002E  c_t.l(libinit2.o)
    0x000001d6   0x000001d6   0x00000000   Code   RO          998    .ARM.Collect$$libinit$$00000030  c_t.l(libinit2.o)
    0x000001d6   0x000001d6   0x00000000   Code   RO         1000    .ARM.Collect$$libinit$$00000032  c_t.l(libinit2.o)
    0x000001d6   0x000001d6   0x0000000c   Code   RO         1001    .ARM.Collect$$libinit$$00000033  c_t.l(libinit2.o)
    0x000001e2   0x000001e2   0x00000002   PAD
    0x000001e4   0x000001e4   0x00000008   Ven    RO         1032    .ARM.Collect$$libshutdown$$00000000  c_t.l(libshutdown.o)
    0x000001ec   0x000001ec   0x00000004   Code   RO         1032    .ARM.Collect$$libshutdown$$00000000  c_t.l(libshutdown.o)
    0x000001f0   0x000001f0   0x00000000   Code   RO         1058    .ARM.Collect$$libshutdown$$00000002  c_t.l(libshutdown2.o)
    0x000001f0   0x000001f0   0x00000000   Code   RO         1060    .ARM.Collect$$libshutdown$$00000004  c_t.l(libshutdown2.o)
    0x000001f0   0x000001f0   0x00000000   Code   RO         1063    .ARM.Collect$$libshutdown$$00000007  c_t.l(libshutdown2.o)
    0x000001f0   0x000001f0   0x00000000   Code   RO         1066    .ARM.Collect$$libshutdown$$0000000A  c_t.l(libshutdown2.o)
    0x000001f0   0x000001f0   0x00000000   Code   RO         1068    .ARM.Collect$$libshutdown$$0000000C  c_t.l(libshutdown2.o)
    0x000001f0   0x000001f0   0x00000000   Code   RO         1071    .ARM.Collect$$libshutdown$$0000000F  c_t.l(libshutdown2.o)
    0x000001f0   0x000001f0   0x00000006   Code   RO         1072    .ARM.Collect$$libshutdown$$00000010  c_t.l(libshutdown2.o)
    0x000001f6   0x000001f6   0x00000002   PAD
    0x000001f8   0x000001f8   0x00000000   Code   RO          890    .ARM.Collect$$rtentry$$00000000  c_t.l(__rtentry.o)
    0x000001f8   0x000001f8   0x00000000   Code   RO          910    .ARM.Collect$$rtentry$$00000002  c_t.l(__rtentry2.o)
    0x000001f8   0x000001f8   0x00000008   Code   RO          922    .ARM.Collect$$rtentry$$00000004  c_t.l(__rtentry4.o)
    0x00000200   0x00000200   0x00000000   Code   RO          912    .ARM.Collect$$rtentry$$00000009  c_t.l(__rtentry2.o)
    0x00000200   0x00000200   0x00000004   Code   RO          913    .ARM.Collect$$rtentry$$0000000A  c_t.l(__rtentry2.o)
    0x00000204   0x00000204   0x00000000   Code   RO          915    .ARM.Collect$$rtentry$$0000000C  c_t.l(__rtentry2.o)
    0x00000204   0x00000204   0x00000028   Code   RO          916    .ARM.Collect$$rtentry$$0000000D  c_t.l(__rtentry2.o)
    0x0000022c   0x0000022c   0x00000004   Ven    RO          949    .ARM.Collect$$rtexit$$00000000  c_t.l(rtexit.o)
    0x00000230   0x00000230   0x00000004   Code   RO          949    .ARM.Collect$$rtexit$$00000000  c_t.l(rtexit.o)
    0x00000234   0x00000234   0x00000000   Code   RO         1005    .ARM.Collect$$rtexit$$00000002  c_t.l(rtexit2.o)
    0x00000234   0x00000234   0x00000004   Code   RO         1006    .ARM.Collect$$rtexit$$00000003  c_t.l(rtexit2.o)
    0x00000238   0x00000238   0x00000008   Code   RO         1007    .ARM.Collect$$rtexit$$00000004  c_t.l(rtexit2.o)
    0x00000240   0x00000240   0x00000024   Code   RO          150    .text               startup.o
    0x00000264   0x00000264   0x00000008   Ven    RO          828    .text               c_t.l(noretval__2sprintf.o)
    0x0000026c   0x0000026c   0x00000028   Code   RO          828    .text               c_t.l(noretval__2sprintf.o)
    0x00000294   0x00000294   0x00000056   Code   RO          836    .text               c_t.l(_printf_pad.o)
    0x000002ea   0x000002ea   0x00000002   PAD
    0x000002ec   0x000002ec   0x00000008   Ven    RO          838    .text               c_t.l(_printf_dec.o)
    0x000002f4   0x000002f4   0x00000070   Code   RO          838    .text               c_t.l(_printf_dec.o)
    0x00000364   0x00000364   0x00000148   Code   RO          852    .text               c_t.l(__printf_flags_wp.o)
    0x000004ac   0x000004ac   0x00000008   Ven    RO          862    .text               c_t.l(strcpy.o)
    0x000004b4   0x000004b4   0x00000050   Code   RO          862    .text               c_t.l(strcpy.o)
    0x00000504   0x00000504   0x00000180   Code   RO          864    .text               c_t.l(aeabi_sdiv.o)
    0x00000684   0x00000684   0x00000006   Code   RO          880    .text               c_t.l(heapauxi.o)
    0x0000068a   0x0000068a   0x000000ba   Code   RO          895    .text               c_t.l(_printf_intcommon.o)
    0x00000744   0x00000744   0x00000030   Code   RO          897    .text               c_t.l(_printf_char_common.o)
    0x00000774   0x00000774   0x0000000a   Code   RO          899    .text               c_t.l(_sputc.o)
    0x0000077e   0x0000077e   0x00000002   PAD
    0x00000780   0x00000780   0x00000004   Ven    RO          902    .text               c_t.l(rtudiv10.o)
    0x00000784   0x00000784   0x0000002c   Code   RO          902    .text               c_t.l(rtudiv10.o)
    0x000007b0   0x000007b0   0x00000060   Code   RO          932    .text               c_t.l(sys_stackheap_outer.o)
    0x00000810   0x00000810   0x00000014   Code   RO          934    .text               c_t.l(exit.o)
    0x00000824   0x00000824   0x0000000c   Code   RO          946    .text               c_t.l(libspace.o)
    0x00000830   0x00000830   0x00000008   Ven    RO         1002    .text               c_t.l(sys_exit.o)
    0x00000838   0x00000838   0x0000000c   Code   RO         1002    .text               c_t.l(sys_exit.o)
    0x00000844   0x00000844   0x00000004   Code   RO         1021    .text               c_t.l(use_no_semi.o)
    0x00000848   0x00000848   0x00000000   Code   RO         1023    .text               c_t.l(indicate_semi.o)
    0x00000848   0x00000848   0x00000024   Code   RO          865    .text_udiv          c_t.l(aeabi_sdiv.o)
    0x0000086c   0x0000086c   0x00000178   Code   RO          156    UCOS_ARM            os_cpu_a.o
    0x000009e4   0x000009e4   0x0000002c   Code   RO          232    UCOS_ARM_ASM_INT    os_int_a.o
    0x00000a10   0x00000a10   0x00000094   Code   RO          689    i.AFSetMode         canfunc.o
    0x00000aa4   0x00000aa4   0x00000060   Code   RO            1    i.BSP_init          bsp.o
    0x00000b04   0x00000b04   0x00000120   Code   RO          614    i.CANIntPrg         canapp.o
    0x00000c24   0x00000c24   0x00000030   Code   RO          693    i.ClrCanDataOver    canfunc.o
    0x00000c54   0x00000c54   0x00000014   Code   RO          617    i.ConfigAFReg       canapp.o
    0x00000c68   0x00000c68   0x00000030   Code   RO          505    i.Delay             myi2c.o
    0x00000c98   0x00000c98   0x000000b8   Code   RO          694    i.HwEnCAN           canfunc.o
    0x00000d50   0x00000d50   0x00000038   Code   RO          506    i.I2C_FeedDog       myi2c.o
    0x00000d88   0x00000d88   0x00000030   Code   RO          507    i.I2C_Init          myi2c.o
    0x00000db8   0x00000db8   0x00000038   Code   RO            2    i.IRQCTimer0        bsp.o
    0x00000df0   0x00000df0   0x0000015c   Code   RO          618    i.InitCAN           canapp.o
    0x00000f4c   0x00000f4c   0x00000068   Code   RO          567    i.LCD_Init          mylcd.o
    0x00000fb4   0x00000fb4   0x00000080   Code   RO          568    i.LCD_SendByte      mylcd.o
    0x00001034   0x00001034   0x00000044   Code   RO          569    i.LCD_SendData      mylcd.o
    0x00001078   0x00001078   0x000000b4   Code   RO          570    i.LCD_SetMode       mylcd.o
    0x0000112c   0x0000112c   0x00000110   Code   RO          571    i.LCD_TextOut       mylcd.o
    0x0000123c   0x0000123c   0x000001a4   Code   RO          235    i.OSInit            os_core.o
    0x000013e0   0x000013e0   0x00000004   Code   RO          159    i.OSInitHookBegin   os_cpu_c.o
    0x000013e4   0x000013e4   0x00000004   Code   RO          160    i.OSInitHookEnd     os_cpu_c.o
    0x000013e8   0x000013e8   0x00000044   Code   RO          236    i.OSIntEnter        os_core.o
    0x0000142c   0x0000142c   0x00000114   Code   RO          237    i.OSIntExit         os_core.o
    0x00001540   0x00001540   0x00000088   Code   RO          350    i.OSMboxCreate      os_mbox.o
    0x000015c8   0x000015c8   0x00000128   Code   RO          352    i.OSMboxPend        os_mbox.o
    0x000016f0   0x000016f0   0x00000078   Code   RO          353    i.OSMboxPost        os_mbox.o
    0x00001768   0x00001768   0x00000088   Code   RO          433    i.OSSemCreate       os_sem.o
    0x000017f0   0x000017f0   0x0000010c   Code   RO          434    i.OSSemPend         os_sem.o
    0x000018fc   0x000018fc   0x00000084   Code   RO          435    i.OSSemPost         os_sem.o
    0x00001980   0x00001980   0x000000a8   Code   RO          238    i.OSStart           os_core.o
    0x00001a28   0x00001a28   0x00000008   Code   RO          161    i.OSTCBInitHook     os_cpu_c.o
    0x00001a30   0x00001a30   0x00000108   Code   RO          457    i.OSTaskCreate      os_task.o
    0x00001b38   0x00001b38   0x00000008   Code   RO          162    i.OSTaskCreateHook  os_cpu_c.o
    0x00001b40   0x00001b40   0x000001fc   Code   RO          458    i.OSTaskDel         os_task.o
    0x00001d3c   0x00001d3c   0x00000008   Code   RO          163    i.OSTaskDelHook     os_cpu_c.o
    0x00001d44   0x00001d44   0x00000004   Code   RO          164    i.OSTaskIdleHook    os_cpu_c.o
    0x00001d48   0x00001d48   0x000000e4   Code   RO          165    i.OSTaskStkInit     os_cpu_c.o
    0x00001e2c   0x00001e2c   0x00000004   Code   RO          166    i.OSTaskSwHook      os_cpu_c.o
    0x00001e30   0x00001e30   0x000000a4   Code   RO          481    i.OSTimeDly         os_time.o
    0x00001ed4   0x00001ed4   0x000000e0   Code   RO          482    i.OSTimeDlyHMSM     os_time.o
    0x00001fb4   0x00001fb4   0x000000bc   Code   RO          239    i.OSTimeTick        os_core.o
    0x00002070   0x00002070   0x00000004   Code   RO          167    i.OSTimeTickHook    os_cpu_c.o
    0x00002074   0x00002074   0x00000004   Code   RO          241    i.OS_Dummy          os_core.o
    0x00002078   0x00002078   0x0000007c   Code   RO          242    i.OS_EventTO        os_core.o
    0x000020f4   0x000020f4   0x000000dc   Code   RO          243    i.OS_EventTaskRdy   os_core.o
    0x000021d0   0x000021d0   0x000000cc   Code   RO          244    i.OS_EventTaskWait  os_core.o
    0x0000229c   0x0000229c   0x00000034   Code   RO          245    i.OS_EventWaitListInit  os_core.o
    0x000022d0   0x000022d0   0x000000d8   Code   RO          246    i.OS_Sched          os_core.o
    0x000023a8   0x000023a8   0x00000178   Code   RO          247    i.OS_TCBInit        os_core.o
    0x00002520   0x00002520   0x00000038   Code   RO          248    i.OS_TaskIdle       os_core.o
    0x00002558   0x00002558   0x00000098   Code   RO           40    i.PWM_Out           main.o
    0x000025f0   0x000025f0   0x000000fc   Code   RO          619    i.ReadCanRxBuf      canapp.o
    0x000026ec   0x000026ec   0x00000030   Code   RO          696    i.RelCanRecBuf      canfunc.o
    0x0000271c   0x0000271c   0x0000005c   Code   RO          697    i.SetCANBaudRate    canfunc.o
    0x00002778   0x00002778   0x00000078   Code   RO          698    i.SetErWarmVal      canfunc.o
    0x000027f0   0x000027f0   0x00000080   Code   RO          699    i.SetLOMMOD         canfunc.o
    0x00002870   0x00002870   0x00000060   Code   RO          700    i.SetTPMMOD         canfunc.o
    0x000028d0   0x000028d0   0x00000038   Code   RO          508    i.Sleep             myi2c.o
    0x00002908   0x00002908   0x00000054   Code   RO          701    i.SoftEnCAN         canfunc.o
    0x0000295c   0x0000295c   0x00000044   Code   RO          702    i.SoftRstCAN        canfunc.o
    0x000029a0   0x000029a0   0x00000094   Code   RO           41    i.TargetResetInit   main.o
    0x00002a34   0x00002a34   0x00000180   Code   RO           42    i.TasK_CAN          main.o
    0x00002bb4   0x00002bb4   0x00000078   Code   RO           43    i.TasK_I2C          main.o
    0x00002c2c   0x00002c2c   0x00000118   Code   RO           44    i.TasK_KEY          main.o
    0x00002d44   0x00002d44   0x00000334   Code   RO           45    i.TasK_LCD          main.o
    0x00003078   0x00003078   0x0000013c   Code   RO           46    i.TasK_MID          main.o
    0x000031b4   0x000031b4   0x000001f4   Code   RO           47    i.TasK_PWM          main.o
    0x000033a8   0x000033a8   0x00000128   Code   RO           48    i.TaskStart         main.o
    0x000034d0   0x000034d0   0x00000002   Code   RO          834    i.__ARM_common_call_via_r1  c_t.l(__printf.o)
    0x000034d2   0x000034d2   0x00000002   Code   RO          832    i.__ARM_common_call_via_r2  c_t.l(__printf.o)
    0x000034d4   0x000034d4   0x0000000e   Code   RO          850    i._is_digit         c_t.l(__printf_wp.o)
    0x000034e2   0x000034e2   0x00000002   PAD
    0x000034e4   0x000034e4   0x00000034   Code   RO           49    i.main              main.o
    0x00003518   0x00003518   0x0000005c   Code   RO          885    x$fpl$fflt          fz_ts.l(fflt_noclz.o)
    0x00003574   0x00003574   0x00000100   Code   RO          888    x$fpl$fmul          fz_ts.l(fmul.o)
    0x00003674   0x00003674   0x000000a8   Code   RO          904    x$fpl$fnaninf       fz_ts.l(fnaninf.o)
    0x0000371c   0x0000371c   0x00000010   Code   RO          906    x$fpl$fretinf       fz_ts.l(fretinf.o)
    0x0000372c   0x0000372c   0x00000000   Code   RO          908    x$fpl$usenofp       fz_ts.l(usenofp.o)
    0x0000372c   0x0000372c   0x00000108   Data   RO          250    .constdata          os_core.o
    0x00003834   0x00003834   0x00000044   Data   RO          703    .constdata          canfunc.o
    0x00003878   0x00003878   0x00000011   Data   RO          853    .constdata          c_t.l(__printf_flags_wp.o)
    0x00003889   0x00003889   0x00000003   PAD
    0x0000388c   0x0000388c   0x00000020   Data   RO         1073    Region$$Table       anon$$obj.o


    Execution Region RW_IRAM1 (Exec base: 0x40000000, Load base: 0x000038ac, Size: 0x000030a0, Max: 0x00004000, ABSOLUTE)

    Exec Addr    Load Addr    Size         Type   Attr      Idx    E Section Name        Object

    0x40000000   0x000038ac   0x00000028   Data   RW           51    .data               main.o
    0x40000028   0x000038d4   0x00000004   Data   RW          168    .data               os_cpu_c.o
    0x4000002c   0x000038d8   0x0000002c   Data   RW          251    .data               os_core.o
    0x40000058        -       0x00000e00   Zero   RW           50    .bss                main.o
    0x40000e58        -       0x00000398   Zero   RW          249    .bss                os_core.o
    0x400011f0        -       0x00000648   Zero   RW          621    .bss                canapp.o
    0x40001838        -       0x00000060   Zero   RW          947    .bss                c_t.l(libspace.o)
    0x40001898        -       0x00000800   Zero   RW          148    HEAP                startup.o
    0x40002098        -       0x00001008   Zero   RW          147    STACK               startup.o


==============================================================================

Image component sizes


      Code (inc. data)   RO Data    RW Data    ZI Data      Debug   Object Name

       152         16          0          0          0       7260   bsp.o
       908         44          0          0       1608      13364   canapp.o
      1016         24         68          0          0       6201   canfunc.o
      3068        312          0         40       3584       8358   main.o
       208         12          0          0          0       2497   myi2c.o
       752         12          0          0          0       2885   mylcd.o
      2372        280        264         44        920      12367   os_core.o
       376         28          0          0          0        324   os_cpu_a.o
       272          0          0          4          0       9687   os_cpu_c.o
         0          0          0          0          0       4128   os_flag.o
        44          4          0          0          0        228   os_int_a.o
       552         16          0          0          0       2673   os_mbox.o
       536         20          0          0          0       2498   os_sem.o
       772         48          0          0          0       2167   os_task.o
       388         12          0          0          0       1472   os_time.o
       324         68          0          0       6152        576   startup.o

    ----------------------------------------------------------------------
     11740        896        364         88      12264      76685   Object Totals
         0          0         32          0          0          0   (incl. Generated)
         0          0          0          0          0          0   (incl. Padding)

    ----------------------------------------------------------------------

      Code (inc. data)   RO Data    RW Data    ZI Data      Debug   Library Member Name

         8          0          0          0          0         68   __main.o
         4          0          0          0          0        120   __printf.o
       328          6         17          0          0         92   __printf_flags_wp.o
        14          0          0          0          0         60   __printf_wp.o
         0          0          0          0          0          0   __rtentry.o
        44          4          0          0          0          0   __rtentry2.o
         8          0          0          0          0          0   __rtentry4.o
        60          8          0          0          0          0   __scatter.o
        40          0          0          0          0          0   __scatter_copy.o
        44          0          0          0          0          0   __scatter_zi.o
        48          4          0          0          0         96   _printf_char_common.o
         8          0          0          0          0          0   _printf_d.o
       120         18          0          0          0         88   _printf_dec.o
       186          0          0          0          0         96   _printf_intcommon.o
        86          0          0          0          0        116   _printf_pad.o
         4          0          0          0          0          0   _printf_percent.o
         8          0          0          0          0          0   _printf_percent_end.o
        10          0          0          0          0         60   _sputc.o
       420          0          0          0          0        148   aeabi_sdiv.o
        20          0          0          0          0         80   exit.o
         6          0          0          0          0        136   heapauxi.o
         0          0          0          0          0          0   indicate_semi.o
        10          0          0          0          0          0   libinit.o
        12          0          0          0          0          0   libinit2.o
        12          0          0          0          0          0   libshutdown.o
         6          0          0          0          0          0   libshutdown2.o
        12          4          0          0         96         68   libspace.o
        48          4          0          0          0         84   noretval__2sprintf.o
         8          0          0          0          0          0   rtexit.o
        12          0          0          0          0          0   rtexit2.o
        48          0          0          0          0         68   rtudiv10.o
        88          6          0          0          0         76   strcpy.o
        20          4          0          0          0         60   sys_exit.o
        96          0          0          0          0         80   sys_stackheap_outer.o
         4          0          0          0          0         68   use_no_semi.o
        92          0          0          0          0         68   fflt_noclz.o
       256          4          0          0          0         84   fmul.o
       168          0          0          0          0         96   fnaninf.o
        16          0          0          0          0         68   fretinf.o
         0          0          0          0          0          0   usenofp.o

    ----------------------------------------------------------------------
      2384         62         20          0         96       1980   Library Totals
        10          0          3          0          0          0   (incl. Padding)

    ----------------------------------------------------------------------

      Code (inc. data)   RO Data    RW Data    ZI Data      Debug   Library Name

      1842         58         17          0         96       1664   c_t.l
       532          4          0          0          0        316   fz_ts.l

    ----------------------------------------------------------------------
      2384         62         20          0         96       1980   Library Totals

    ----------------------------------------------------------------------

==============================================================================


      Code (inc. data)   RO Data    RW Data    ZI Data      Debug   

     14124        958        384         88      12360      74605   Grand Totals
     14124        958        384         88      12360      74605   ELF Image Totals
     14124        958        384         88          0          0   ROM Totals

==============================================================================

    Total RO  Size (Code + RO Data)                14508 (  14.17kB)
    Total RW  Size (RW Data + ZI Data)             12448 (  12.16kB)
    Total ROM Size (Code + RO Data + RW Data)      14596 (  14.25kB)

==============================================================================

